Warning: You are sending unauthenticated requests to the HF Hub. Please set a HF_TOKEN to enable higher rate limits and faster downloads.
delta: warm start from /__modal/volumes/vo-kEMu8BkBAIrorAQI6V8f2D/hub/models--jaredpalmer--kev-4b/snapshots/485ace8703592fcf405488b262449990824cfed1: 496 adapter tensors and the pointer head loaded
device=cuda trainable params=33.8M
replay: 2000 of 12576 suite training records mixed with 3138 from evals/round6/soft-half-nomnli/train.jsonl
5138 training requests (holdout=[]), questions by type {'choice': 2432, 'noul': 2394, 'score': 1965}
[transformers] `causal_conv1d_fn` is falling back to its reference PyTorch implementation because `causal_conv1d` is not installed. This is correct but much slower; install `causal_conv1d` for the optimized kernel.
ep0 step 10/643 loss 0.878 kl 0.000 anchor 0.000 3.492s/rec
ep0 step 20/643 loss 0.957 kl 0.000 anchor 0.000 2.159s/rec
ep0 step 30/643 loss 0.877 kl 0.000 anchor 0.000 1.655s/rec
ep0 step 40/643 loss 0.832 kl 0.000 anchor 0.000 1.375s/rec
ep0 step 50/643 loss 0.758 kl 0.000 anchor 0.000 1.210s/rec
ep0 step 60/643 loss 0.649 kl 0.000 anchor 0.000 1.076s/rec
ep0 step 70/643 loss 0.619 kl 0.000 anchor 0.000 1.024s/rec
ep0 step 80/643 loss 0.823 kl 0.000 anchor 0.000 0.969s/rec
ep0 step 90/643 loss 0.644 kl 0.000 anchor 0.000 0.908s/rec
ep0 step 100/643 loss 0.794 kl 0.000 anchor 0.000 0.877s/rec
ep0 step 110/643 loss 0.544 kl 0.000 anchor 0.000 0.840s/rec
ep0 step 120/643 loss 0.552 kl 0.000 anchor 0.000 0.825s/rec
ep0 step 130/643 loss 0.629 kl 0.000 anchor 0.000 0.812s/rec
ep0 step 140/643 loss 0.674 kl 0.000 anchor 0.000 0.789s/rec
ep0 step 150/643 loss 0.459 kl 0.000 anchor 0.000 0.764s/rec
ep0 step 160/643 loss 0.829 kl 0.000 anchor 0.000 0.742s/rec
ep0 step 170/643 loss 0.613 kl 0.000 anchor 0.000 0.729s/rec
ep0 step 180/643 loss 0.518 kl 0.000 anchor 0.000 0.719s/rec
ep0 step 190/643 loss 0.673 kl 0.000 anchor 0.000 0.714s/rec
ep0 step 200/643 loss 0.653 kl 0.000 anchor 0.000 0.704s/rec
ep0 step 210/643 loss 0.736 kl 0.000 anchor 0.000 0.696s/rec
ep0 step 220/643 loss 0.705 kl 0.000 anchor 0.000 0.691s/rec
ep0 step 230/643 loss 0.676 kl 0.000 anchor 0.000 0.698s/rec
ep0 step 240/643 loss 0.643 kl 0.000 anchor 0.000 0.687s/rec
ep0 step 250/643 loss 0.724 kl 0.000 anchor 0.000 0.684s/rec
ep0 step 260/643 loss 0.636 kl 0.000 anchor 0.000 0.681s/rec
ep0 step 270/643 loss 0.650 kl 0.000 anchor 0.000 0.678s/rec
ep0 step 280/643 loss 0.533 kl 0.000 anchor 0.000 0.671s/rec
ep0 step 290/643 loss 0.494 kl 0.000 anchor 0.000 0.661s/rec
ep0 step 300/643 loss 0.833 kl 0.000 anchor 0.000 0.661s/rec
ep0 step 310/643 loss 0.585 kl 0.000 anchor 0.000 0.655s/rec
ep0 step 320/643 loss 0.627 kl 0.000 anchor 0.000 0.649s/rec
ep0 step 330/643 loss 0.745 kl 0.000 anchor 0.000 0.647s/rec
ep0 step 340/643 loss 0.655 kl 0.000 anchor 0.000 0.646s/rec
ep0 step 350/643 loss 0.508 kl 0.000 anchor 0.000 0.649s/rec
ep0 step 360/643 loss 0.592 kl 0.000 anchor 0.000 0.648s/rec
ep0 step 370/643 loss 0.546 kl 0.000 anchor 0.000 0.644s/rec
ep0 step 380/643 loss 0.545 kl 0.000 anchor 0.000 0.642s/rec
ep0 step 390/643 loss 0.477 kl 0.000 anchor 0.000 0.635s/rec
ep0 step 400/643 loss 0.655 kl 0.000 anchor 0.000 0.637s/rec
ep0 step 410/643 loss 0.798 kl 0.000 anchor 0.000 0.639s/rec
ep0 step 420/643 loss 0.638 kl 0.000 anchor 0.000 0.636s/rec
ep0 step 430/643 loss 0.591 kl 0.000 anchor 0.000 0.634s/rec
ep0 step 440/643 loss 0.535 kl 0.000 anchor 0.000 0.636s/rec
ep0 step 450/643 loss 0.511 kl 0.000 anchor 0.000 0.634s/rec
ep0 step 460/643 loss 0.509 kl 0.000 anchor 0.000 0.632s/rec
ep0 step 470/643 loss 0.741 kl 0.000 anchor 0.000 0.629s/rec
ep0 step 480/643 loss 0.536 kl 0.000 anchor 0.000 0.626s/rec
ep0 step 490/643 loss 0.781 kl 0.000 anchor 0.000 0.627s/rec
ep0 step 500/643 loss 0.652 kl 0.000 anchor 0.000 0.627s/rec
ep0 step 510/643 loss 0.576 kl 0.000 anchor 0.000 0.624s/rec
ep0 step 520/643 loss 0.598 kl 0.000 anchor 0.000 0.622s/rec
ep0 step 530/643 loss 0.856 kl 0.000 anchor 0.000 0.619s/rec
ep0 step 540/643 loss 0.776 kl 0.000 anchor 0.000 0.618s/rec
ep0 step 550/643 loss 0.725 kl 0.000 anchor 0.000 0.618s/rec
ep0 step 560/643 loss 0.652 kl 0.000 anchor 0.000 0.615s/rec
ep0 step 570/643 loss 0.460 kl 0.000 anchor 0.000 0.613s/rec
ep0 step 580/643 loss 0.652 kl 0.000 anchor 0.000 0.613s/rec
ep0 step 590/643 loss 0.696 kl 0.000 anchor 0.000 0.611s/rec
ep0 step 600/643 loss 0.780 kl 0.000 anchor 0.000 0.613s/rec
ep0 step 610/643 loss 0.608 kl 0.000 anchor 0.000 0.613s/rec
ep0 step 620/643 loss 0.613 kl 0.000 anchor 0.000 0.612s/rec
ep0 step 630/643 loss 0.653 kl 0.000 anchor 0.000 0.610s/rec
ep0 step 640/643 loss 0.527 kl 0.000 anchor 0.000 0.606s/rec
saved /runs/r6-4b-r2/00-trial-0/checkpoint
