Warning: You are sending unauthenticated requests to the HF Hub. Please set a HF_TOKEN to enable higher rate limits and faster downloads.
delta: warm start from /__modal/volumes/vo-kEMu8BkBAIrorAQI6V8f2D/hub/models--jaredpalmer--kev-4b/snapshots/485ace8703592fcf405488b262449990824cfed1: 496 adapter tensors and the pointer head loaded
device=cuda trainable params=33.8M
replay: 2000 of 12576 suite training records mixed with 5963 from evals/round6/soft-du/train.jsonl
7963 training requests (holdout=[]), questions by type {'choice': 3331, 'score': 3212, 'noul': 3408}
[transformers] `causal_conv1d_fn` is falling back to its reference PyTorch implementation because `causal_conv1d` is not installed. This is correct but much slower; install `causal_conv1d` for the optimized kernel.
ep0 step 10/996 loss 0.842 kl 0.000 anchor 0.000 3.501s/rec
ep0 step 20/996 loss 0.752 kl 0.000 anchor 0.000 2.260s/rec
ep0 step 30/996 loss 1.182 kl 0.000 anchor 0.000 1.860s/rec
ep0 step 40/996 loss 0.578 kl 0.000 anchor 0.000 1.547s/rec
ep0 step 50/996 loss 0.957 kl 0.000 anchor 0.000 1.377s/rec
ep0 step 60/996 loss 0.682 kl 0.000 anchor 0.000 1.251s/rec
ep0 step 70/996 loss 0.947 kl 0.000 anchor 0.000 1.175s/rec
ep0 step 80/996 loss 0.851 kl 0.000 anchor 0.000 1.113s/rec
ep0 step 90/996 loss 0.752 kl 0.000 anchor 0.000 1.054s/rec
ep0 step 100/996 loss 0.643 kl 0.000 anchor 0.000 1.042s/rec
ep0 step 110/996 loss 0.663 kl 0.000 anchor 0.000 1.017s/rec
ep0 step 120/996 loss 0.662 kl 0.000 anchor 0.000 1.027s/rec
ep0 step 130/996 loss 0.697 kl 0.000 anchor 0.000 0.990s/rec
ep0 step 140/996 loss 0.752 kl 0.000 anchor 0.000 0.971s/rec
ep0 step 150/996 loss 0.682 kl 0.000 anchor 0.000 0.946s/rec
ep0 step 160/996 loss 0.767 kl 0.000 anchor 0.000 0.933s/rec
ep0 step 170/996 loss 0.562 kl 0.000 anchor 0.000 0.907s/rec
ep0 step 180/996 loss 0.759 kl 0.000 anchor 0.000 0.890s/rec
ep0 step 190/996 loss 0.560 kl 0.000 anchor 0.000 0.877s/rec
ep0 step 200/996 loss 0.824 kl 0.000 anchor 0.000 0.883s/rec
ep0 step 210/996 loss 0.666 kl 0.000 anchor 0.000 0.886s/rec
ep0 step 220/996 loss 0.692 kl 0.000 anchor 0.000 0.877s/rec
ep0 step 230/996 loss 0.865 kl 0.000 anchor 0.000 0.871s/rec
ep0 step 240/996 loss 0.709 kl 0.000 anchor 0.000 0.860s/rec
ep0 step 250/996 loss 0.671 kl 0.000 anchor 0.000 0.850s/rec
ep0 step 260/996 loss 0.620 kl 0.000 anchor 0.000 0.842s/rec
ep0 step 270/996 loss 0.792 kl 0.000 anchor 0.000 0.833s/rec
ep0 step 280/996 loss 0.733 kl 0.000 anchor 0.000 0.826s/rec
ep0 step 290/996 loss 0.601 kl 0.000 anchor 0.000 0.820s/rec
ep0 step 300/996 loss 0.865 kl 0.000 anchor 0.000 0.819s/rec
ep0 step 310/996 loss 0.614 kl 0.000 anchor 0.000 0.815s/rec
ep0 step 320/996 loss 0.578 kl 0.000 anchor 0.000 0.808s/rec
ep0 step 330/996 loss 0.667 kl 0.000 anchor 0.000 0.801s/rec
ep0 step 340/996 loss 0.683 kl 0.000 anchor 0.000 0.793s/rec
ep0 step 350/996 loss 0.652 kl 0.000 anchor 0.000 0.788s/rec
ep0 step 360/996 loss 0.546 kl 0.000 anchor 0.000 0.779s/rec
ep0 step 370/996 loss 0.765 kl 0.000 anchor 0.000 0.778s/rec
ep0 step 380/996 loss 0.639 kl 0.000 anchor 0.000 0.775s/rec
ep0 step 390/996 loss 0.582 kl 0.000 anchor 0.000 0.776s/rec
ep0 step 400/996 loss 0.542 kl 0.000 anchor 0.000 0.773s/rec
ep0 step 410/996 loss 0.768 kl 0.000 anchor 0.000 0.780s/rec
ep0 step 420/996 loss 0.677 kl 0.000 anchor 0.000 0.771s/rec
ep0 step 430/996 loss 0.837 kl 0.000 anchor 0.000 0.769s/rec
ep0 step 440/996 loss 0.504 kl 0.000 anchor 0.000 0.763s/rec
ep0 step 450/996 loss 0.527 kl 0.000 anchor 0.000 0.755s/rec
ep0 step 460/996 loss 0.613 kl 0.000 anchor 0.000 0.753s/rec
ep0 step 470/996 loss 0.572 kl 0.000 anchor 0.000 0.750s/rec
ep0 step 480/996 loss 0.485 kl 0.000 anchor 0.000 0.744s/rec
ep0 step 490/996 loss 0.682 kl 0.000 anchor 0.000 0.744s/rec
ep0 step 500/996 loss 0.667 kl 0.000 anchor 0.000 0.740s/rec
ep0 step 510/996 loss 0.676 kl 0.000 anchor 0.000 0.738s/rec
ep0 step 520/996 loss 0.516 kl 0.000 anchor 0.000 0.736s/rec
ep0 step 530/996 loss 0.527 kl 0.000 anchor 0.000 0.734s/rec
ep0 step 540/996 loss 0.414 kl 0.000 anchor 0.000 0.733s/rec
ep0 step 550/996 loss 0.587 kl 0.000 anchor 0.000 0.732s/rec
ep0 step 560/996 loss 0.665 kl 0.000 anchor 0.000 0.728s/rec
ep0 step 570/996 loss 0.529 kl 0.000 anchor 0.000 0.725s/rec
ep0 step 580/996 loss 0.446 kl 0.000 anchor 0.000 0.721s/rec
ep0 step 590/996 loss 0.580 kl 0.000 anchor 0.000 0.719s/rec
ep0 step 600/996 loss 0.578 kl 0.000 anchor 0.000 0.719s/rec
ep0 step 610/996 loss 0.824 kl 0.000 anchor 0.000 0.718s/rec
ep0 step 620/996 loss 0.549 kl 0.000 anchor 0.000 0.714s/rec
ep0 step 630/996 loss 0.652 kl 0.000 anchor 0.000 0.714s/rec
ep0 step 640/996 loss 0.526 kl 0.000 anchor 0.000 0.712s/rec
ep0 step 650/996 loss 0.551 kl 0.000 anchor 0.000 0.713s/rec
ep0 step 660/996 loss 0.547 kl 0.000 anchor 0.000 0.714s/rec
ep0 step 670/996 loss 0.540 kl 0.000 anchor 0.000 0.712s/rec
ep0 step 680/996 loss 0.396 kl 0.000 anchor 0.000 0.711s/rec
ep0 step 690/996 loss 0.483 kl 0.000 anchor 0.000 0.708s/rec
ep0 step 700/996 loss 0.432 kl 0.000 anchor 0.000 0.706s/rec
ep0 step 710/996 loss 0.637 kl 0.000 anchor 0.000 0.706s/rec
ep0 step 720/996 loss 0.625 kl 0.000 anchor 0.000 0.708s/rec
ep0 step 730/996 loss 0.620 kl 0.000 anchor 0.000 0.707s/rec
ep0 step 740/996 loss 0.565 kl 0.000 anchor 0.000 0.706s/rec
ep0 step 750/996 loss 0.568 kl 0.000 anchor 0.000 0.705s/rec
ep0 step 760/996 loss 0.720 kl 0.000 anchor 0.000 0.703s/rec
ep0 step 770/996 loss 0.458 kl 0.000 anchor 0.000 0.703s/rec
ep0 step 780/996 loss 0.540 kl 0.000 anchor 0.000 0.702s/rec
ep0 step 790/996 loss 0.530 kl 0.000 anchor 0.000 0.701s/rec
ep0 step 800/996 loss 0.744 kl 0.000 anchor 0.000 0.701s/rec
ep0 step 810/996 loss 0.458 kl 0.000 anchor 0.000 0.699s/rec
ep0 step 820/996 loss 0.508 kl 0.000 anchor 0.000 0.698s/rec
ep0 step 830/996 loss 0.707 kl 0.000 anchor 0.000 0.698s/rec
ep0 step 840/996 loss 0.954 kl 0.000 anchor 0.000 0.697s/rec
ep0 step 850/996 loss 0.766 kl 0.000 anchor 0.000 0.697s/rec
ep0 step 860/996 loss 0.628 kl 0.000 anchor 0.000 0.698s/rec
ep0 step 870/996 loss 0.475 kl 0.000 anchor 0.000 0.698s/rec
ep0 step 880/996 loss 0.511 kl 0.000 anchor 0.000 0.695s/rec
ep0 step 890/996 loss 0.444 kl 0.000 anchor 0.000 0.695s/rec
ep0 step 900/996 loss 0.424 kl 0.000 anchor 0.000 0.694s/rec
ep0 step 910/996 loss 0.576 kl 0.000 anchor 0.000 0.694s/rec
ep0 step 920/996 loss 0.483 kl 0.000 anchor 0.000 0.693s/rec
ep0 step 930/996 loss 0.727 kl 0.000 anchor 0.000 0.694s/rec
ep0 step 940/996 loss 0.560 kl 0.000 anchor 0.000 0.696s/rec
ep0 step 950/996 loss 0.781 kl 0.000 anchor 0.000 0.696s/rec
ep0 step 960/996 loss 0.432 kl 0.000 anchor 0.000 0.695s/rec
ep0 step 970/996 loss 0.595 kl 0.000 anchor 0.000 0.696s/rec
ep0 step 980/996 loss 0.544 kl 0.000 anchor 0.000 0.694s/rec
ep0 step 990/996 loss 0.430 kl 0.000 anchor 0.000 0.692s/rec
saved /runs/r6-4b/02-trial-2/checkpoint
