Warning: You are sending unauthenticated requests to the HF Hub. Please set a HF_TOKEN to enable higher rate limits and faster downloads.
delta: warm start from /__modal/volumes/vo-kEMu8BkBAIrorAQI6V8f2D/hub/models--jaredpalmer--kev-4b/snapshots/485ace8703592fcf405488b262449990824cfed1: 496 adapter tensors and the pointer head loaded
device=cuda trainable params=33.8M
replay: 6000 of 12576 suite training records mixed with 4538 from evals/round5/combined-v1/soft.jsonl
10538 training requests (holdout=[]), questions by type {'choice': 5388, 'score': 3432, 'noul': 4670}
[transformers] `causal_conv1d_fn` is falling back to its reference PyTorch implementation because `causal_conv1d` is not installed. This is correct but much slower; install `causal_conv1d` for the optimized kernel.
ep0 step 10/1318 loss 0.593 kl 0.000 anchor 0.000 3.060s/rec
ep0 step 20/1318 loss 0.714 kl 0.000 anchor 0.000 1.928s/rec
ep0 step 30/1318 loss 0.843 kl 0.000 anchor 0.000 1.602s/rec
ep0 step 40/1318 loss 1.081 kl 0.000 anchor 0.000 1.410s/rec
ep0 step 50/1318 loss 0.530 kl 0.000 anchor 0.000 1.265s/rec
ep0 step 60/1318 loss 0.810 kl 0.000 anchor 0.000 1.176s/rec
ep0 step 70/1318 loss 0.745 kl 0.000 anchor 0.000 1.079s/rec
ep0 step 80/1318 loss 0.692 kl 0.000 anchor 0.000 1.084s/rec
ep0 step 90/1318 loss 0.863 kl 0.000 anchor 0.000 1.048s/rec
ep0 step 100/1318 loss 0.667 kl 0.000 anchor 0.000 0.995s/rec
ep0 step 110/1318 loss 0.743 kl 0.000 anchor 0.000 0.962s/rec
ep0 step 120/1318 loss 0.573 kl 0.000 anchor 0.000 0.929s/rec
ep0 step 130/1318 loss 0.492 kl 0.000 anchor 0.000 0.893s/rec
ep0 step 140/1318 loss 0.634 kl 0.000 anchor 0.000 0.879s/rec
ep0 step 150/1318 loss 0.397 kl 0.000 anchor 0.000 0.848s/rec
ep0 step 160/1318 loss 0.838 kl 0.000 anchor 0.000 0.824s/rec
ep0 step 170/1318 loss 0.477 kl 0.000 anchor 0.000 0.798s/rec
ep0 step 180/1318 loss 0.448 kl 0.000 anchor 0.000 0.789s/rec
ep0 step 190/1318 loss 0.605 kl 0.000 anchor 0.000 0.777s/rec
ep0 step 200/1318 loss 0.505 kl 0.000 anchor 0.000 0.764s/rec
ep0 step 210/1318 loss 0.437 kl 0.000 anchor 0.000 0.752s/rec
ep0 step 220/1318 loss 0.554 kl 0.000 anchor 0.000 0.754s/rec
ep0 step 230/1318 loss 0.525 kl 0.000 anchor 0.000 0.744s/rec
ep0 step 240/1318 loss 0.541 kl 0.000 anchor 0.000 0.734s/rec
ep0 step 250/1318 loss 0.506 kl 0.000 anchor 0.000 0.724s/rec
ep0 step 260/1318 loss 0.630 kl 0.000 anchor 0.000 0.716s/rec
ep0 step 270/1318 loss 0.397 kl 0.000 anchor 0.000 0.711s/rec
ep0 step 280/1318 loss 0.496 kl 0.000 anchor 0.000 0.702s/rec
ep0 step 290/1318 loss 0.540 kl 0.000 anchor 0.000 0.695s/rec
ep0 step 300/1318 loss 0.653 kl 0.000 anchor 0.000 0.688s/rec
ep0 step 310/1318 loss 0.510 kl 0.000 anchor 0.000 0.681s/rec
ep0 step 320/1318 loss 0.559 kl 0.000 anchor 0.000 0.680s/rec
ep0 step 330/1318 loss 0.571 kl 0.000 anchor 0.000 0.676s/rec
ep0 step 340/1318 loss 0.603 kl 0.000 anchor 0.000 0.672s/rec
ep0 step 350/1318 loss 0.423 kl 0.000 anchor 0.000 0.673s/rec
ep0 step 360/1318 loss 0.608 kl 0.000 anchor 0.000 0.666s/rec
ep0 step 370/1318 loss 0.625 kl 0.000 anchor 0.000 0.664s/rec
ep0 step 380/1318 loss 0.585 kl 0.000 anchor 0.000 0.658s/rec
ep0 step 390/1318 loss 0.420 kl 0.000 anchor 0.000 0.654s/rec
ep0 step 400/1318 loss 0.544 kl 0.000 anchor 0.000 0.654s/rec
ep0 step 410/1318 loss 0.451 kl 0.000 anchor 0.000 0.648s/rec
ep0 step 420/1318 loss 0.556 kl 0.000 anchor 0.000 0.648s/rec
ep0 step 430/1318 loss 0.508 kl 0.000 anchor 0.000 0.646s/rec
ep0 step 440/1318 loss 0.345 kl 0.000 anchor 0.000 0.642s/rec
ep0 step 450/1318 loss 0.531 kl 0.000 anchor 0.000 0.644s/rec
ep0 step 460/1318 loss 0.522 kl 0.000 anchor 0.000 0.641s/rec
ep0 step 470/1318 loss 0.572 kl 0.000 anchor 0.000 0.638s/rec
ep0 step 480/1318 loss 0.456 kl 0.000 anchor 0.000 0.636s/rec
ep0 step 490/1318 loss 0.423 kl 0.000 anchor 0.000 0.634s/rec
ep0 step 500/1318 loss 0.634 kl 0.000 anchor 0.000 0.635s/rec
ep0 step 510/1318 loss 0.614 kl 0.000 anchor 0.000 0.636s/rec
ep0 step 520/1318 loss 0.404 kl 0.000 anchor 0.000 0.633s/rec
ep0 step 530/1318 loss 0.456 kl 0.000 anchor 0.000 0.629s/rec
ep0 step 540/1318 loss 0.645 kl 0.000 anchor 0.000 0.629s/rec
ep0 step 550/1318 loss 0.471 kl 0.000 anchor 0.000 0.626s/rec
ep0 step 560/1318 loss 0.300 kl 0.000 anchor 0.000 0.624s/rec
ep0 step 570/1318 loss 0.538 kl 0.000 anchor 0.000 0.624s/rec
ep0 step 580/1318 loss 0.470 kl 0.000 anchor 0.000 0.623s/rec
ep0 step 590/1318 loss 0.367 kl 0.000 anchor 0.000 0.620s/rec
ep0 step 600/1318 loss 0.472 kl 0.000 anchor 0.000 0.618s/rec
ep0 step 610/1318 loss 0.643 kl 0.000 anchor 0.000 0.616s/rec
ep0 step 620/1318 loss 0.565 kl 0.000 anchor 0.000 0.617s/rec
ep0 step 630/1318 loss 0.460 kl 0.000 anchor 0.000 0.615s/rec
ep0 step 640/1318 loss 0.452 kl 0.000 anchor 0.000 0.612s/rec
ep0 step 650/1318 loss 0.524 kl 0.000 anchor 0.000 0.611s/rec
ep0 step 660/1318 loss 0.398 kl 0.000 anchor 0.000 0.609s/rec
ep0 step 670/1318 loss 0.462 kl 0.000 anchor 0.000 0.607s/rec
ep0 step 680/1318 loss 0.579 kl 0.000 anchor 0.000 0.607s/rec
ep0 step 690/1318 loss 0.748 kl 0.000 anchor 0.000 0.606s/rec
ep0 step 700/1318 loss 0.476 kl 0.000 anchor 0.000 0.604s/rec
ep0 step 710/1318 loss 0.353 kl 0.000 anchor 0.000 0.603s/rec
ep0 step 720/1318 loss 0.451 kl 0.000 anchor 0.000 0.602s/rec
ep0 step 730/1318 loss 0.385 kl 0.000 anchor 0.000 0.601s/rec
ep0 step 740/1318 loss 0.728 kl 0.000 anchor 0.000 0.602s/rec
ep0 step 750/1318 loss 0.622 kl 0.000 anchor 0.000 0.604s/rec
ep0 step 760/1318 loss 0.536 kl 0.000 anchor 0.000 0.604s/rec
ep0 step 770/1318 loss 0.769 kl 0.000 anchor 0.000 0.604s/rec
ep0 step 780/1318 loss 0.405 kl 0.000 anchor 0.000 0.602s/rec
ep0 step 790/1318 loss 0.581 kl 0.000 anchor 0.000 0.601s/rec
ep0 step 800/1318 loss 0.478 kl 0.000 anchor 0.000 0.602s/rec
ep0 step 810/1318 loss 0.328 kl 0.000 anchor 0.000 0.601s/rec
ep0 step 820/1318 loss 0.755 kl 0.000 anchor 0.000 0.599s/rec
ep0 step 830/1318 loss 0.404 kl 0.000 anchor 0.000 0.599s/rec
ep0 step 840/1318 loss 0.605 kl 0.000 anchor 0.000 0.595s/rec
ep0 step 850/1318 loss 0.321 kl 0.000 anchor 0.000 0.594s/rec
ep0 step 860/1318 loss 0.447 kl 0.000 anchor 0.000 0.593s/rec
ep0 step 870/1318 loss 0.548 kl 0.000 anchor 0.000 0.591s/rec
ep0 step 880/1318 loss 0.391 kl 0.000 anchor 0.000 0.590s/rec
ep0 step 890/1318 loss 0.369 kl 0.000 anchor 0.000 0.588s/rec
ep0 step 900/1318 loss 0.379 kl 0.000 anchor 0.000 0.586s/rec
ep0 step 910/1318 loss 0.533 kl 0.000 anchor 0.000 0.585s/rec
ep0 step 920/1318 loss 0.471 kl 0.000 anchor 0.000 0.587s/rec
ep0 step 930/1318 loss 0.440 kl 0.000 anchor 0.000 0.588s/rec
ep0 step 940/1318 loss 0.431 kl 0.000 anchor 0.000 0.587s/rec
ep0 step 950/1318 loss 0.527 kl 0.000 anchor 0.000 0.586s/rec
ep0 step 960/1318 loss 0.483 kl 0.000 anchor 0.000 0.585s/rec
ep0 step 970/1318 loss 0.462 kl 0.000 anchor 0.000 0.583s/rec
ep0 step 980/1318 loss 0.470 kl 0.000 anchor 0.000 0.583s/rec
ep0 step 990/1318 loss 0.470 kl 0.000 anchor 0.000 0.581s/rec
ep0 step 1000/1318 loss 0.387 kl 0.000 anchor 0.000 0.581s/rec
ep0 step 1010/1318 loss 0.492 kl 0.000 anchor 0.000 0.581s/rec
ep0 step 1020/1318 loss 0.416 kl 0.000 anchor 0.000 0.579s/rec
ep0 step 1030/1318 loss 0.352 kl 0.000 anchor 0.000 0.579s/rec
ep0 step 1040/1318 loss 0.524 kl 0.000 anchor 0.000 0.579s/rec
ep0 step 1050/1318 loss 0.441 kl 0.000 anchor 0.000 0.578s/rec
ep0 step 1060/1318 loss 0.453 kl 0.000 anchor 0.000 0.576s/rec
ep0 step 1070/1318 loss 0.519 kl 0.000 anchor 0.000 0.578s/rec
ep0 step 1080/1318 loss 0.411 kl 0.000 anchor 0.000 0.577s/rec
ep0 step 1090/1318 loss 0.456 kl 0.000 anchor 0.000 0.575s/rec
ep0 step 1100/1318 loss 0.373 kl 0.000 anchor 0.000 0.575s/rec
ep0 step 1110/1318 loss 0.415 kl 0.000 anchor 0.000 0.573s/rec
ep0 step 1120/1318 loss 0.572 kl 0.000 anchor 0.000 0.573s/rec
ep0 step 1130/1318 loss 0.484 kl 0.000 anchor 0.000 0.573s/rec
ep0 step 1140/1318 loss 0.499 kl 0.000 anchor 0.000 0.573s/rec
ep0 step 1150/1318 loss 0.456 kl 0.000 anchor 0.000 0.573s/rec
ep0 step 1160/1318 loss 0.625 kl 0.000 anchor 0.000 0.573s/rec
ep0 step 1170/1318 loss 0.389 kl 0.000 anchor 0.000 0.572s/rec
ep0 step 1180/1318 loss 0.481 kl 0.000 anchor 0.000 0.573s/rec
ep0 step 1190/1318 loss 0.473 kl 0.000 anchor 0.000 0.571s/rec
ep0 step 1200/1318 loss 0.482 kl 0.000 anchor 0.000 0.572s/rec
ep0 step 1210/1318 loss 0.299 kl 0.000 anchor 0.000 0.572s/rec
ep0 step 1220/1318 loss 0.681 kl 0.000 anchor 0.000 0.573s/rec
ep0 step 1230/1318 loss 0.646 kl 0.000 anchor 0.000 0.573s/rec
ep0 step 1240/1318 loss 0.430 kl 0.000 anchor 0.000 0.572s/rec
ep0 step 1250/1318 loss 0.526 kl 0.000 anchor 0.000 0.571s/rec
ep0 step 1260/1318 loss 0.482 kl 0.000 anchor 0.000 0.571s/rec
ep0 step 1270/1318 loss 0.518 kl 0.000 anchor 0.000 0.571s/rec
ep0 step 1280/1318 loss 0.443 kl 0.000 anchor 0.000 0.572s/rec
ep0 step 1290/1318 loss 0.556 kl 0.000 anchor 0.000 0.571s/rec
ep0 step 1300/1318 loss 0.617 kl 0.000 anchor 0.000 0.571s/rec
ep0 step 1310/1318 loss 0.391 kl 0.000 anchor 0.000 0.570s/rec
saved /runs/r6-4b/04-trial-4/checkpoint
