Warning: You are sending unauthenticated requests to the HF Hub. Please set a HF_TOKEN to enable higher rate limits and faster downloads.
device=cuda trainable params=119.3M
12576 training requests (holdout=[]), questions by type {'score': 3448, 'noul': 5224, 'choice': 6904}
[transformers] `causal_conv1d_fn` is falling back to its reference PyTorch implementation because `causal_conv1d` is not installed. This is correct but much slower; install `causal_conv1d` for the optimized kernel.
ep0 step 10/1572 loss 2.059 kl 0.000 anchor 0.000 2.369s/rec
ep0 step 20/1572 loss 1.518 kl 0.000 anchor 0.000 1.427s/rec
ep0 step 30/1572 loss 1.672 kl 0.000 anchor 0.000 1.054s/rec
ep0 step 40/1572 loss 1.490 kl 0.000 anchor 0.000 0.859s/rec
ep0 step 50/1572 loss 1.565 kl 0.000 anchor 0.000 0.773s/rec
ep0 step 60/1572 loss 1.361 kl 0.000 anchor 0.000 0.700s/rec
ep0 step 70/1572 loss 1.099 kl 0.000 anchor 0.000 0.654s/rec
ep0 step 80/1572 loss 0.993 kl 0.000 anchor 0.000 0.618s/rec
ep0 step 90/1572 loss 0.735 kl 0.000 anchor 0.000 0.587s/rec
ep0 step 100/1572 loss 0.938 kl 0.000 anchor 0.000 0.570s/rec
ep0 step 110/1572 loss 0.839 kl 0.000 anchor 0.000 0.554s/rec
ep0 step 120/1572 loss 0.617 kl 0.000 anchor 0.000 0.543s/rec
ep0 step 130/1572 loss 0.833 kl 0.000 anchor 0.000 0.528s/rec
ep0 step 140/1572 loss 0.678 kl 0.000 anchor 0.000 0.522s/rec
ep0 step 150/1572 loss 0.981 kl 0.000 anchor 0.000 0.528s/rec
ep0 step 160/1572 loss 0.566 kl 0.000 anchor 0.000 0.520s/rec
ep0 step 170/1572 loss 0.707 kl 0.000 anchor 0.000 0.513s/rec
ep0 step 180/1572 loss 0.851 kl 0.000 anchor 0.000 0.509s/rec
ep0 step 190/1572 loss 0.489 kl 0.000 anchor 0.000 0.502s/rec
ep0 step 200/1572 loss 0.563 kl 0.000 anchor 0.000 0.496s/rec
ep0 step 210/1572 loss 0.755 kl 0.000 anchor 0.000 0.493s/rec
ep0 step 220/1572 loss 0.505 kl 0.000 anchor 0.000 0.487s/rec
ep0 step 230/1572 loss 0.410 kl 0.000 anchor 0.000 0.482s/rec
ep0 step 240/1572 loss 0.857 kl 0.000 anchor 0.000 0.478s/rec
ep0 step 250/1572 loss 0.546 kl 0.000 anchor 0.000 0.474s/rec
ep0 step 260/1572 loss 0.420 kl 0.000 anchor 0.000 0.471s/rec
ep0 step 270/1572 loss 0.661 kl 0.000 anchor 0.000 0.469s/rec
ep0 step 280/1572 loss 0.672 kl 0.000 anchor 0.000 0.466s/rec
ep0 step 290/1572 loss 0.737 kl 0.000 anchor 0.000 0.464s/rec
ep0 step 300/1572 loss 0.454 kl 0.000 anchor 0.000 0.461s/rec
ep0 step 310/1572 loss 0.444 kl 0.000 anchor 0.000 0.458s/rec
ep0 step 320/1572 loss 0.453 kl 0.000 anchor 0.000 0.456s/rec
ep0 step 330/1572 loss 0.386 kl 0.000 anchor 0.000 0.455s/rec
ep0 step 340/1572 loss 0.438 kl 0.000 anchor 0.000 0.454s/rec
ep0 step 350/1572 loss 0.512 kl 0.000 anchor 0.000 0.453s/rec
ep0 step 360/1572 loss 0.531 kl 0.000 anchor 0.000 0.451s/rec
ep0 step 370/1572 loss 0.414 kl 0.000 anchor 0.000 0.450s/rec
ep0 step 380/1572 loss 0.555 kl 0.000 anchor 0.000 0.447s/rec
ep0 step 390/1572 loss 0.478 kl 0.000 anchor 0.000 0.445s/rec
ep0 step 400/1572 loss 0.483 kl 0.000 anchor 0.000 0.444s/rec
ep0 step 410/1572 loss 0.371 kl 0.000 anchor 0.000 0.443s/rec
ep0 step 420/1572 loss 0.321 kl 0.000 anchor 0.000 0.442s/rec
ep0 step 430/1572 loss 0.406 kl 0.000 anchor 0.000 0.441s/rec
ep0 step 440/1572 loss 0.312 kl 0.000 anchor 0.000 0.440s/rec
ep0 step 450/1572 loss 0.370 kl 0.000 anchor 0.000 0.439s/rec
ep0 step 460/1572 loss 0.456 kl 0.000 anchor 0.000 0.438s/rec
ep0 step 470/1572 loss 0.567 kl 0.000 anchor 0.000 0.437s/rec
ep0 step 480/1572 loss 0.448 kl 0.000 anchor 0.000 0.436s/rec
ep0 step 490/1572 loss 0.416 kl 0.000 anchor 0.000 0.435s/rec
ep0 step 500/1572 loss 0.330 kl 0.000 anchor 0.000 0.434s/rec
ep0 step 510/1572 loss 0.298 kl 0.000 anchor 0.000 0.433s/rec
ep0 step 520/1572 loss 0.526 kl 0.000 anchor 0.000 0.432s/rec
ep0 step 530/1572 loss 0.464 kl 0.000 anchor 0.000 0.430s/rec
ep0 step 540/1572 loss 0.646 kl 0.000 anchor 0.000 0.430s/rec
ep0 step 550/1572 loss 0.437 kl 0.000 anchor 0.000 0.429s/rec
ep0 step 560/1572 loss 0.509 kl 0.000 anchor 0.000 0.429s/rec
ep0 step 570/1572 loss 0.433 kl 0.000 anchor 0.000 0.428s/rec
ep0 step 580/1572 loss 0.481 kl 0.000 anchor 0.000 0.428s/rec
ep0 step 590/1572 loss 0.356 kl 0.000 anchor 0.000 0.427s/rec
ep0 step 600/1572 loss 0.279 kl 0.000 anchor 0.000 0.426s/rec
ep0 step 610/1572 loss 0.422 kl 0.000 anchor 0.000 0.425s/rec
ep0 step 620/1572 loss 0.437 kl 0.000 anchor 0.000 0.424s/rec
ep0 step 630/1572 loss 0.512 kl 0.000 anchor 0.000 0.424s/rec
ep0 step 640/1572 loss 0.329 kl 0.000 anchor 0.000 0.424s/rec
ep0 step 650/1572 loss 0.529 kl 0.000 anchor 0.000 0.423s/rec
ep0 step 660/1572 loss 0.510 kl 0.000 anchor 0.000 0.422s/rec
ep0 step 670/1572 loss 0.319 kl 0.000 anchor 0.000 0.422s/rec
ep0 step 680/1572 loss 0.318 kl 0.000 anchor 0.000 0.422s/rec
ep0 step 690/1572 loss 0.485 kl 0.000 anchor 0.000 0.421s/rec
ep0 step 700/1572 loss 0.350 kl 0.000 anchor 0.000 0.421s/rec
ep0 step 710/1572 loss 0.443 kl 0.000 anchor 0.000 0.420s/rec
ep0 step 720/1572 loss 0.522 kl 0.000 anchor 0.000 0.420s/rec
ep0 step 730/1572 loss 0.482 kl 0.000 anchor 0.000 0.419s/rec
ep0 step 740/1572 loss 0.427 kl 0.000 anchor 0.000 0.419s/rec
ep0 step 750/1572 loss 0.275 kl 0.000 anchor 0.000 0.418s/rec
ep0 step 760/1572 loss 0.434 kl 0.000 anchor 0.000 0.418s/rec
ep0 step 770/1572 loss 0.462 kl 0.000 anchor 0.000 0.418s/rec
ep0 step 780/1572 loss 0.448 kl 0.000 anchor 0.000 0.417s/rec
ep0 step 790/1572 loss 0.312 kl 0.000 anchor 0.000 0.417s/rec
ep0 step 800/1572 loss 0.648 kl 0.000 anchor 0.000 0.416s/rec
ep0 step 810/1572 loss 0.640 kl 0.000 anchor 0.000 0.417s/rec
ep0 step 820/1572 loss 0.296 kl 0.000 anchor 0.000 0.416s/rec
ep0 step 830/1572 loss 0.409 kl 0.000 anchor 0.000 0.415s/rec
ep0 step 840/1572 loss 0.417 kl 0.000 anchor 0.000 0.415s/rec
ep0 step 850/1572 loss 0.504 kl 0.000 anchor 0.000 0.414s/rec
ep0 step 860/1572 loss 0.359 kl 0.000 anchor 0.000 0.414s/rec
ep0 step 870/1572 loss 0.509 kl 0.000 anchor 0.000 0.413s/rec
ep0 step 880/1572 loss 0.371 kl 0.000 anchor 0.000 0.412s/rec
ep0 step 890/1572 loss 0.519 kl 0.000 anchor 0.000 0.412s/rec
ep0 step 900/1572 loss 0.316 kl 0.000 anchor 0.000 0.411s/rec
ep0 step 910/1572 loss 0.669 kl 0.000 anchor 0.000 0.411s/rec
ep0 step 920/1572 loss 0.272 kl 0.000 anchor 0.000 0.410s/rec
ep0 step 930/1572 loss 0.324 kl 0.000 anchor 0.000 0.409s/rec
ep0 step 940/1572 loss 0.423 kl 0.000 anchor 0.000 0.409s/rec
ep0 step 950/1572 loss 0.331 kl 0.000 anchor 0.000 0.409s/rec
ep0 step 960/1572 loss 0.331 kl 0.000 anchor 0.000 0.408s/rec
ep0 step 970/1572 loss 0.316 kl 0.000 anchor 0.000 0.407s/rec
ep0 step 980/1572 loss 0.775 kl 0.000 anchor 0.000 0.407s/rec
ep0 step 990/1572 loss 0.344 kl 0.000 anchor 0.000 0.406s/rec
ep0 step 1000/1572 loss 0.460 kl 0.000 anchor 0.000 0.406s/rec
ep0 step 1010/1572 loss 0.373 kl 0.000 anchor 0.000 0.406s/rec
ep0 step 1020/1572 loss 0.367 kl 0.000 anchor 0.000 0.405s/rec
ep0 step 1030/1572 loss 0.472 kl 0.000 anchor 0.000 0.405s/rec
ep0 step 1040/1572 loss 0.397 kl 0.000 anchor 0.000 0.405s/rec
ep0 step 1050/1572 loss 0.854 kl 0.000 anchor 0.000 0.405s/rec
ep0 step 1060/1572 loss 0.489 kl 0.000 anchor 0.000 0.405s/rec
ep0 step 1070/1572 loss 0.457 kl 0.000 anchor 0.000 0.405s/rec
ep0 step 1080/1572 loss 0.393 kl 0.000 anchor 0.000 0.405s/rec
ep0 step 1090/1572 loss 0.314 kl 0.000 anchor 0.000 0.404s/rec
ep0 step 1100/1572 loss 0.378 kl 0.000 anchor 0.000 0.404s/rec
ep0 step 1110/1572 loss 0.503 kl 0.000 anchor 0.000 0.404s/rec
ep0 step 1120/1572 loss 0.459 kl 0.000 anchor 0.000 0.404s/rec
ep0 step 1130/1572 loss 0.266 kl 0.000 anchor 0.000 0.403s/rec
ep0 step 1140/1572 loss 0.482 kl 0.000 anchor 0.000 0.403s/rec
ep0 step 1150/1572 loss 0.638 kl 0.000 anchor 0.000 0.403s/rec
ep0 step 1160/1572 loss 0.405 kl 0.000 anchor 0.000 0.402s/rec
ep0 step 1170/1572 loss 0.329 kl 0.000 anchor 0.000 0.402s/rec
ep0 step 1180/1572 loss 0.613 kl 0.000 anchor 0.000 0.402s/rec
ep0 step 1190/1572 loss 0.364 kl 0.000 anchor 0.000 0.402s/rec
ep0 step 1200/1572 loss 0.188 kl 0.000 anchor 0.000 0.402s/rec
ep0 step 1210/1572 loss 0.203 kl 0.000 anchor 0.000 0.402s/rec
ep0 step 1220/1572 loss 0.498 kl 0.000 anchor 0.000 0.402s/rec
ep0 step 1230/1572 loss 0.291 kl 0.000 anchor 0.000 0.401s/rec
ep0 step 1240/1572 loss 0.353 kl 0.000 anchor 0.000 0.401s/rec
ep0 step 1250/1572 loss 0.456 kl 0.000 anchor 0.000 0.401s/rec
ep0 step 1260/1572 loss 0.398 kl 0.000 anchor 0.000 0.401s/rec
ep0 step 1270/1572 loss 0.358 kl 0.000 anchor 0.000 0.401s/rec
ep0 step 1280/1572 loss 0.299 kl 0.000 anchor 0.000 0.400s/rec
ep0 step 1290/1572 loss 0.361 kl 0.000 anchor 0.000 0.400s/rec
ep0 step 1300/1572 loss 0.357 kl 0.000 anchor 0.000 0.400s/rec
ep0 step 1310/1572 loss 0.280 kl 0.000 anchor 0.000 0.400s/rec
ep0 step 1320/1572 loss 0.246 kl 0.000 anchor 0.000 0.399s/rec
ep0 step 1330/1572 loss 0.324 kl 0.000 anchor 0.000 0.400s/rec
ep0 step 1340/1572 loss 0.350 kl 0.000 anchor 0.000 0.399s/rec
ep0 step 1350/1572 loss 0.300 kl 0.000 anchor 0.000 0.399s/rec
ep0 step 1360/1572 loss 0.273 kl 0.000 anchor 0.000 0.399s/rec
ep0 step 1370/1572 loss 0.527 kl 0.000 anchor 0.000 0.399s/rec
ep0 step 1380/1572 loss 0.249 kl 0.000 anchor 0.000 0.399s/rec
ep0 step 1390/1572 loss 0.283 kl 0.000 anchor 0.000 0.399s/rec
ep0 step 1400/1572 loss 0.477 kl 0.000 anchor 0.000 0.399s/rec
ep0 step 1410/1572 loss 0.181 kl 0.000 anchor 0.000 0.398s/rec
ep0 step 1420/1572 loss 0.474 kl 0.000 anchor 0.000 0.398s/rec
ep0 step 1430/1572 loss 0.322 kl 0.000 anchor 0.000 0.398s/rec
ep0 step 1440/1572 loss 0.391 kl 0.000 anchor 0.000 0.398s/rec
ep0 step 1450/1572 loss 0.330 kl 0.000 anchor 0.000 0.398s/rec
ep0 step 1460/1572 loss 0.394 kl 0.000 anchor 0.000 0.398s/rec
ep0 step 1470/1572 loss 0.229 kl 0.000 anchor 0.000 0.398s/rec
ep0 step 1480/1572 loss 0.368 kl 0.000 anchor 0.000 0.398s/rec
ep0 step 1490/1572 loss 0.253 kl 0.000 anchor 0.000 0.397s/rec
ep0 step 1500/1572 loss 0.185 kl 0.000 anchor 0.000 0.397s/rec
ep0 step 1510/1572 loss 0.286 kl 0.000 anchor 0.000 0.397s/rec
ep0 step 1520/1572 loss 0.256 kl 0.000 anchor 0.000 0.397s/rec
ep0 step 1530/1572 loss 0.216 kl 0.000 anchor 0.000 0.397s/rec
ep0 step 1540/1572 loss 0.244 kl 0.000 anchor 0.000 0.397s/rec
ep0 step 1550/1572 loss 0.355 kl 0.000 anchor 0.000 0.397s/rec
ep0 step 1560/1572 loss 0.297 kl 0.000 anchor 0.000 0.397s/rec
ep0 step 1570/1572 loss 0.305 kl 0.000 anchor 0.000 0.397s/rec
saved /runs/r6-27b/00-trial-0/checkpoint
