Warning: You are sending unauthenticated requests to the HF Hub. Please set a HF_TOKEN to enable higher rate limits and faster downloads.
delta: warm start from /__modal/volumes/vo-kEMu8BkBAIrorAQI6V8f2D/hub/models--jaredpalmer--kev-9b/snapshots/2629c06a5aeb0feb3b9783bafed17ed8f39ecf5c: 496 adapter tensors and the pointer head loaded
device=cuda trainable params=45.4M
replay: 2000 of 12576 suite training records mixed with 4538 from evals/round6/soft-longmix3/train.jsonl
6538 training requests (holdout=[]), questions by type {'choice': 3168, 'score': 2368, 'noul': 2945}
[transformers] `causal_conv1d_fn` is falling back to its reference PyTorch implementation because `causal_conv1d` is not installed. This is correct but much slower; install `causal_conv1d` for the optimized kernel.
ep0 step 10/818 loss 1.670 kl 0.000 anchor 0.000 1.015s/rec
ep0 step 20/818 loss 1.114 kl 0.000 anchor 0.000 1.130s/rec
ep0 step 30/818 loss 0.999 kl 0.000 anchor 0.000 1.051s/rec
ep0 step 40/818 loss 1.116 kl 0.000 anchor 0.000 1.014s/rec
ep0 step 50/818 loss 0.813 kl 0.000 anchor 0.000 0.970s/rec
ep0 step 60/818 loss 0.933 kl 0.000 anchor 0.000 0.959s/rec
ep0 step 70/818 loss 0.678 kl 0.000 anchor 0.000 0.912s/rec
ep0 step 80/818 loss 0.983 kl 0.000 anchor 0.000 0.935s/rec
ep0 step 90/818 loss 0.644 kl 0.000 anchor 0.000 0.940s/rec
ep0 step 100/818 loss 0.739 kl 0.000 anchor 0.000 0.938s/rec
ep0 step 110/818 loss 0.686 kl 0.000 anchor 0.000 0.930s/rec
ep0 step 120/818 loss 0.763 kl 0.000 anchor 0.000 0.925s/rec
ep0 step 130/818 loss 0.952 kl 0.000 anchor 0.000 0.936s/rec
ep0 step 140/818 loss 0.576 kl 0.000 anchor 0.000 0.941s/rec
ep0 step 150/818 loss 0.796 kl 0.000 anchor 0.000 0.948s/rec
ep0 step 160/818 loss 0.763 kl 0.000 anchor 0.000 0.944s/rec
ep0 step 170/818 loss 0.799 kl 0.000 anchor 0.000 0.938s/rec
ep0 step 180/818 loss 0.651 kl 0.000 anchor 0.000 0.939s/rec
ep0 step 190/818 loss 0.986 kl 0.000 anchor 0.000 0.942s/rec
ep0 step 200/818 loss 0.701 kl 0.000 anchor 0.000 0.949s/rec
ep0 step 210/818 loss 0.667 kl 0.000 anchor 0.000 0.942s/rec
ep0 step 220/818 loss 0.642 kl 0.000 anchor 0.000 0.938s/rec
ep0 step 230/818 loss 0.657 kl 0.000 anchor 0.000 0.939s/rec
ep0 step 240/818 loss 0.686 kl 0.000 anchor 0.000 0.933s/rec
ep0 step 250/818 loss 0.593 kl 0.000 anchor 0.000 0.927s/rec
ep0 step 260/818 loss 0.863 kl 0.000 anchor 0.000 0.926s/rec
ep0 step 270/818 loss 0.688 kl 0.000 anchor 0.000 0.928s/rec
ep0 step 280/818 loss 0.414 kl 0.000 anchor 0.000 0.928s/rec
ep0 step 290/818 loss 0.798 kl 0.000 anchor 0.000 0.928s/rec
ep0 step 300/818 loss 0.453 kl 0.000 anchor 0.000 0.930s/rec
ep0 step 310/818 loss 0.565 kl 0.000 anchor 0.000 0.922s/rec
ep0 step 320/818 loss 0.714 kl 0.000 anchor 0.000 0.923s/rec
ep0 step 330/818 loss 0.683 kl 0.000 anchor 0.000 0.922s/rec
ep0 step 340/818 loss 0.630 kl 0.000 anchor 0.000 0.920s/rec
ep0 step 350/818 loss 0.623 kl 0.000 anchor 0.000 0.918s/rec
ep0 step 360/818 loss 0.608 kl 0.000 anchor 0.000 0.913s/rec
ep0 step 370/818 loss 0.560 kl 0.000 anchor 0.000 0.910s/rec
ep0 step 380/818 loss 0.777 kl 0.000 anchor 0.000 0.914s/rec
ep0 step 390/818 loss 0.700 kl 0.000 anchor 0.000 0.913s/rec
ep0 step 400/818 loss 0.632 kl 0.000 anchor 0.000 0.912s/rec
ep0 step 410/818 loss 0.674 kl 0.000 anchor 0.000 0.910s/rec
ep0 step 420/818 loss 0.482 kl 0.000 anchor 0.000 0.908s/rec
ep0 step 430/818 loss 0.527 kl 0.000 anchor 0.000 0.906s/rec
ep0 step 440/818 loss 0.559 kl 0.000 anchor 0.000 0.903s/rec
ep0 step 450/818 loss 0.622 kl 0.000 anchor 0.000 0.900s/rec
ep0 step 460/818 loss 0.639 kl 0.000 anchor 0.000 0.896s/rec
ep0 step 470/818 loss 0.721 kl 0.000 anchor 0.000 0.895s/rec
ep0 step 480/818 loss 0.558 kl 0.000 anchor 0.000 0.897s/rec
ep0 step 490/818 loss 0.587 kl 0.000 anchor 0.000 0.894s/rec
ep0 step 500/818 loss 0.519 kl 0.000 anchor 0.000 0.896s/rec
ep0 step 510/818 loss 0.598 kl 0.000 anchor 0.000 0.899s/rec
ep0 step 520/818 loss 0.535 kl 0.000 anchor 0.000 0.897s/rec
ep0 step 530/818 loss 0.727 kl 0.000 anchor 0.000 0.899s/rec
ep0 step 540/818 loss 0.578 kl 0.000 anchor 0.000 0.901s/rec
ep0 step 550/818 loss 0.588 kl 0.000 anchor 0.000 0.900s/rec
ep0 step 560/818 loss 0.702 kl 0.000 anchor 0.000 0.902s/rec
ep0 step 570/818 loss 0.736 kl 0.000 anchor 0.000 0.902s/rec
ep0 step 580/818 loss 0.647 kl 0.000 anchor 0.000 0.903s/rec
ep0 step 590/818 loss 0.628 kl 0.000 anchor 0.000 0.901s/rec
ep0 step 600/818 loss 0.755 kl 0.000 anchor 0.000 0.903s/rec
ep0 step 610/818 loss 0.752 kl 0.000 anchor 0.000 0.905s/rec
ep0 step 620/818 loss 0.712 kl 0.000 anchor 0.000 0.903s/rec
ep0 step 630/818 loss 0.674 kl 0.000 anchor 0.000 0.903s/rec
ep0 step 640/818 loss 0.653 kl 0.000 anchor 0.000 0.906s/rec
ep0 step 650/818 loss 0.679 kl 0.000 anchor 0.000 0.907s/rec
ep0 step 660/818 loss 0.644 kl 0.000 anchor 0.000 0.908s/rec
ep0 step 670/818 loss 0.671 kl 0.000 anchor 0.000 0.906s/rec
ep0 step 680/818 loss 0.592 kl 0.000 anchor 0.000 0.907s/rec
ep0 step 690/818 loss 0.684 kl 0.000 anchor 0.000 0.905s/rec
ep0 step 700/818 loss 0.504 kl 0.000 anchor 0.000 0.905s/rec
ep0 step 710/818 loss 0.474 kl 0.000 anchor 0.000 0.907s/rec
ep0 step 720/818 loss 0.565 kl 0.000 anchor 0.000 0.907s/rec
ep0 step 730/818 loss 0.753 kl 0.000 anchor 0.000 0.907s/rec
ep0 step 740/818 loss 0.602 kl 0.000 anchor 0.000 0.906s/rec
ep0 step 750/818 loss 0.642 kl 0.000 anchor 0.000 0.906s/rec
ep0 step 760/818 loss 0.675 kl 0.000 anchor 0.000 0.907s/rec
ep0 step 770/818 loss 0.719 kl 0.000 anchor 0.000 0.911s/rec
ep0 step 780/818 loss 0.825 kl 0.000 anchor 0.000 0.915s/rec
ep0 step 790/818 loss 0.630 kl 0.000 anchor 0.000 0.915s/rec
ep0 step 800/818 loss 0.552 kl 0.000 anchor 0.000 0.915s/rec
ep0 step 810/818 loss 0.701 kl 0.000 anchor 0.000 0.915s/rec
saved /runs/r6-9b/04-trial-4/checkpoint
