Warning: You are sending unauthenticated requests to the HF Hub. Please set a HF_TOKEN to enable higher rate limits and faster downloads.
delta: warm start from /__modal/volumes/vo-kEMu8BkBAIrorAQI6V8f2D/hub/models--jaredpalmer--kev-4b/snapshots/485ace8703592fcf405488b262449990824cfed1: 496 adapter tensors and the pointer head loaded
device=cuda trainable params=33.8M
replay: 2000 of 12576 suite training records mixed with 4538 from evals/round6/soft-nomnli/train.jsonl
6538 training requests (holdout=[]), questions by type {'choice': 3222, 'score': 2312, 'noul': 2992}
[transformers] `causal_conv1d_fn` is falling back to its reference PyTorch implementation because `causal_conv1d` is not installed. This is correct but much slower; install `causal_conv1d` for the optimized kernel.
ep0 step 10/818 loss 1.445 kl 0.000 anchor 0.000 3.501s/rec
ep0 step 20/818 loss 1.474 kl 0.000 anchor 0.000 2.304s/rec
ep0 step 30/818 loss 1.035 kl 0.000 anchor 0.000 1.921s/rec
ep0 step 40/818 loss 0.894 kl 0.000 anchor 0.000 1.656s/rec
ep0 step 50/818 loss 0.711 kl 0.000 anchor 0.000 1.447s/rec
ep0 step 60/818 loss 0.754 kl 0.000 anchor 0.000 1.345s/rec
ep0 step 70/818 loss 0.718 kl 0.000 anchor 0.000 1.248s/rec
ep0 step 80/818 loss 0.863 kl 0.000 anchor 0.000 1.201s/rec
ep0 step 90/818 loss 0.565 kl 0.000 anchor 0.000 1.146s/rec
ep0 step 100/818 loss 0.759 kl 0.000 anchor 0.000 1.087s/rec
ep0 step 110/818 loss 0.555 kl 0.000 anchor 0.000 1.047s/rec
ep0 step 120/818 loss 0.751 kl 0.000 anchor 0.000 1.021s/rec
ep0 step 130/818 loss 0.857 kl 0.000 anchor 0.000 1.007s/rec
ep0 step 140/818 loss 0.767 kl 0.000 anchor 0.000 1.003s/rec
ep0 step 150/818 loss 0.826 kl 0.000 anchor 0.000 0.994s/rec
ep0 step 160/818 loss 0.640 kl 0.000 anchor 0.000 0.976s/rec
ep0 step 170/818 loss 0.710 kl 0.000 anchor 0.000 0.957s/rec
ep0 step 180/818 loss 0.776 kl 0.000 anchor 0.000 0.943s/rec
ep0 step 190/818 loss 0.884 kl 0.000 anchor 0.000 0.933s/rec
ep0 step 200/818 loss 0.856 kl 0.000 anchor 0.000 0.939s/rec
ep0 step 210/818 loss 0.753 kl 0.000 anchor 0.000 0.926s/rec
ep0 step 220/818 loss 0.565 kl 0.000 anchor 0.000 0.916s/rec
ep0 step 230/818 loss 0.849 kl 0.000 anchor 0.000 0.917s/rec
ep0 step 240/818 loss 0.854 kl 0.000 anchor 0.000 0.914s/rec
ep0 step 250/818 loss 0.612 kl 0.000 anchor 0.000 0.903s/rec
ep0 step 260/818 loss 0.734 kl 0.000 anchor 0.000 0.895s/rec
ep0 step 270/818 loss 0.610 kl 0.000 anchor 0.000 0.889s/rec
ep0 step 280/818 loss 0.722 kl 0.000 anchor 0.000 0.883s/rec
ep0 step 290/818 loss 0.605 kl 0.000 anchor 0.000 0.875s/rec
ep0 step 300/818 loss 0.747 kl 0.000 anchor 0.000 0.870s/rec
ep0 step 310/818 loss 0.615 kl 0.000 anchor 0.000 0.859s/rec
ep0 step 320/818 loss 0.714 kl 0.000 anchor 0.000 0.868s/rec
ep0 step 330/818 loss 0.628 kl 0.000 anchor 0.000 0.860s/rec
ep0 step 340/818 loss 0.691 kl 0.000 anchor 0.000 0.856s/rec
ep0 step 350/818 loss 0.672 kl 0.000 anchor 0.000 0.849s/rec
ep0 step 360/818 loss 0.654 kl 0.000 anchor 0.000 0.843s/rec
ep0 step 370/818 loss 0.756 kl 0.000 anchor 0.000 0.840s/rec
ep0 step 380/818 loss 0.573 kl 0.000 anchor 0.000 0.838s/rec
ep0 step 390/818 loss 0.549 kl 0.000 anchor 0.000 0.831s/rec
ep0 step 400/818 loss 0.781 kl 0.000 anchor 0.000 0.829s/rec
ep0 step 410/818 loss 0.727 kl 0.000 anchor 0.000 0.825s/rec
ep0 step 420/818 loss 0.491 kl 0.000 anchor 0.000 0.819s/rec
ep0 step 430/818 loss 0.551 kl 0.000 anchor 0.000 0.820s/rec
ep0 step 440/818 loss 0.527 kl 0.000 anchor 0.000 0.815s/rec
ep0 step 450/818 loss 0.690 kl 0.000 anchor 0.000 0.812s/rec
ep0 step 460/818 loss 0.748 kl 0.000 anchor 0.000 0.807s/rec
ep0 step 470/818 loss 0.612 kl 0.000 anchor 0.000 0.803s/rec
ep0 step 480/818 loss 0.767 kl 0.000 anchor 0.000 0.802s/rec
ep0 step 490/818 loss 0.587 kl 0.000 anchor 0.000 0.798s/rec
ep0 step 500/818 loss 0.623 kl 0.000 anchor 0.000 0.796s/rec
ep0 step 510/818 loss 0.613 kl 0.000 anchor 0.000 0.797s/rec
ep0 step 520/818 loss 0.549 kl 0.000 anchor 0.000 0.795s/rec
ep0 step 530/818 loss 0.476 kl 0.000 anchor 0.000 0.794s/rec
ep0 step 540/818 loss 0.487 kl 0.000 anchor 0.000 0.793s/rec
ep0 step 550/818 loss 0.497 kl 0.000 anchor 0.000 0.789s/rec
ep0 step 560/818 loss 0.452 kl 0.000 anchor 0.000 0.789s/rec
ep0 step 570/818 loss 0.530 kl 0.000 anchor 0.000 0.786s/rec
ep0 step 580/818 loss 0.586 kl 0.000 anchor 0.000 0.785s/rec
ep0 step 590/818 loss 0.629 kl 0.000 anchor 0.000 0.782s/rec
ep0 step 600/818 loss 0.711 kl 0.000 anchor 0.000 0.783s/rec
ep0 step 610/818 loss 0.714 kl 0.000 anchor 0.000 0.783s/rec
ep0 step 620/818 loss 0.638 kl 0.000 anchor 0.000 0.780s/rec
ep0 step 630/818 loss 0.647 kl 0.000 anchor 0.000 0.778s/rec
ep0 step 640/818 loss 0.564 kl 0.000 anchor 0.000 0.778s/rec
ep0 step 650/818 loss 0.605 kl 0.000 anchor 0.000 0.779s/rec
ep0 step 660/818 loss 0.683 kl 0.000 anchor 0.000 0.778s/rec
ep0 step 670/818 loss 0.593 kl 0.000 anchor 0.000 0.775s/rec
ep0 step 680/818 loss 0.755 kl 0.000 anchor 0.000 0.776s/rec
ep0 step 690/818 loss 0.752 kl 0.000 anchor 0.000 0.773s/rec
ep0 step 700/818 loss 0.828 kl 0.000 anchor 0.000 0.771s/rec
ep0 step 710/818 loss 0.653 kl 0.000 anchor 0.000 0.773s/rec
ep0 step 720/818 loss 0.457 kl 0.000 anchor 0.000 0.772s/rec
ep0 step 730/818 loss 0.491 kl 0.000 anchor 0.000 0.770s/rec
ep0 step 740/818 loss 0.381 kl 0.000 anchor 0.000 0.768s/rec
ep0 step 750/818 loss 0.533 kl 0.000 anchor 0.000 0.766s/rec
ep0 step 760/818 loss 0.531 kl 0.000 anchor 0.000 0.766s/rec
ep0 step 770/818 loss 0.765 kl 0.000 anchor 0.000 0.767s/rec
ep0 step 780/818 loss 0.816 kl 0.000 anchor 0.000 0.769s/rec
ep0 step 790/818 loss 0.462 kl 0.000 anchor 0.000 0.767s/rec
ep0 step 800/818 loss 0.638 kl 0.000 anchor 0.000 0.767s/rec
ep0 step 810/818 loss 0.489 kl 0.000 anchor 0.000 0.765s/rec
saved /runs/r6-4b/01-trial-1/checkpoint
