Warning: You are sending unauthenticated requests to the HF Hub. Please set a HF_TOKEN to enable higher rate limits and faster downloads.
delta: warm start from /__modal/volumes/vo-kEMu8BkBAIrorAQI6V8f2D/hub/models--jaredpalmer--kev-9b/snapshots/2629c06a5aeb0feb3b9783bafed17ed8f39ecf5c: 496 adapter tensors and the pointer head loaded
device=cuda trainable params=45.4M
replay: 2000 of 12576 suite training records mixed with 5963 from evals/round6/soft-du/train.jsonl
7963 training requests (holdout=[]), questions by type {'choice': 3331, 'score': 3212, 'noul': 3408}
[transformers] `causal_conv1d_fn` is falling back to its reference PyTorch implementation because `causal_conv1d` is not installed. This is correct but much slower; install `causal_conv1d` for the optimized kernel.
ep0 step 10/996 loss 0.957 kl 0.000 anchor 0.000 4.132s/rec
ep0 step 20/996 loss 0.706 kl 0.000 anchor 0.000 2.680s/rec
ep0 step 30/996 loss 1.045 kl 0.000 anchor 0.000 2.220s/rec
ep0 step 40/996 loss 0.580 kl 0.000 anchor 0.000 1.859s/rec
ep0 step 50/996 loss 1.056 kl 0.000 anchor 0.000 1.663s/rec
ep0 step 60/996 loss 0.659 kl 0.000 anchor 0.000 1.518s/rec
ep0 step 70/996 loss 0.939 kl 0.000 anchor 0.000 1.431s/rec
ep0 step 80/996 loss 0.794 kl 0.000 anchor 0.000 1.359s/rec
ep0 step 90/996 loss 0.667 kl 0.000 anchor 0.000 1.293s/rec
ep0 step 100/996 loss 0.621 kl 0.000 anchor 0.000 1.281s/rec
ep0 step 110/996 loss 0.606 kl 0.000 anchor 0.000 1.252s/rec
ep0 step 120/996 loss 0.672 kl 0.000 anchor 0.000 1.263s/rec
ep0 step 130/996 loss 0.769 kl 0.000 anchor 0.000 1.219s/rec
ep0 step 140/996 loss 0.829 kl 0.000 anchor 0.000 1.197s/rec
ep0 step 150/996 loss 0.652 kl 0.000 anchor 0.000 1.169s/rec
ep0 step 160/996 loss 0.661 kl 0.000 anchor 0.000 1.155s/rec
ep0 step 170/996 loss 0.546 kl 0.000 anchor 0.000 1.125s/rec
ep0 step 180/996 loss 0.701 kl 0.000 anchor 0.000 1.105s/rec
ep0 step 190/996 loss 0.540 kl 0.000 anchor 0.000 1.089s/rec
ep0 step 200/996 loss 0.674 kl 0.000 anchor 0.000 1.098s/rec
ep0 step 210/996 loss 0.598 kl 0.000 anchor 0.000 1.101s/rec
ep0 step 220/996 loss 0.540 kl 0.000 anchor 0.000 1.092s/rec
ep0 step 230/996 loss 0.788 kl 0.000 anchor 0.000 1.085s/rec
ep0 step 240/996 loss 0.693 kl 0.000 anchor 0.000 1.072s/rec
ep0 step 250/996 loss 0.596 kl 0.000 anchor 0.000 1.061s/rec
ep0 step 260/996 loss 0.550 kl 0.000 anchor 0.000 1.052s/rec
ep0 step 270/996 loss 0.737 kl 0.000 anchor 0.000 1.042s/rec
ep0 step 280/996 loss 0.655 kl 0.000 anchor 0.000 1.034s/rec
ep0 step 290/996 loss 0.524 kl 0.000 anchor 0.000 1.026s/rec
ep0 step 300/996 loss 0.962 kl 0.000 anchor 0.000 1.027s/rec
ep0 step 310/996 loss 0.518 kl 0.000 anchor 0.000 1.022s/rec
ep0 step 320/996 loss 0.559 kl 0.000 anchor 0.000 1.014s/rec
ep0 step 330/996 loss 0.519 kl 0.000 anchor 0.000 1.006s/rec
ep0 step 340/996 loss 0.699 kl 0.000 anchor 0.000 0.997s/rec
ep0 step 350/996 loss 0.562 kl 0.000 anchor 0.000 0.990s/rec
ep0 step 360/996 loss 0.420 kl 0.000 anchor 0.000 0.981s/rec
ep0 step 370/996 loss 0.752 kl 0.000 anchor 0.000 0.979s/rec
ep0 step 380/996 loss 0.514 kl 0.000 anchor 0.000 0.976s/rec
ep0 step 390/996 loss 0.512 kl 0.000 anchor 0.000 0.978s/rec
ep0 step 400/996 loss 0.622 kl 0.000 anchor 0.000 0.975s/rec
ep0 step 410/996 loss 0.731 kl 0.000 anchor 0.000 0.984s/rec
ep0 step 420/996 loss 0.587 kl 0.000 anchor 0.000 0.973s/rec
ep0 step 430/996 loss 0.789 kl 0.000 anchor 0.000 0.971s/rec
ep0 step 440/996 loss 0.542 kl 0.000 anchor 0.000 0.964s/rec
ep0 step 450/996 loss 0.485 kl 0.000 anchor 0.000 0.955s/rec
ep0 step 460/996 loss 0.552 kl 0.000 anchor 0.000 0.952s/rec
ep0 step 470/996 loss 0.625 kl 0.000 anchor 0.000 0.949s/rec
ep0 step 480/996 loss 0.580 kl 0.000 anchor 0.000 0.942s/rec
ep0 step 490/996 loss 0.610 kl 0.000 anchor 0.000 0.943s/rec
ep0 step 500/996 loss 0.488 kl 0.000 anchor 0.000 0.938s/rec
ep0 step 510/996 loss 0.512 kl 0.000 anchor 0.000 0.935s/rec
ep0 step 520/996 loss 0.551 kl 0.000 anchor 0.000 0.934s/rec
ep0 step 530/996 loss 0.527 kl 0.000 anchor 0.000 0.931s/rec
ep0 step 540/996 loss 0.479 kl 0.000 anchor 0.000 0.930s/rec
ep0 step 550/996 loss 0.481 kl 0.000 anchor 0.000 0.929s/rec
ep0 step 560/996 loss 0.590 kl 0.000 anchor 0.000 0.924s/rec
ep0 step 570/996 loss 0.414 kl 0.000 anchor 0.000 0.921s/rec
ep0 step 580/996 loss 0.395 kl 0.000 anchor 0.000 0.917s/rec
ep0 step 590/996 loss 0.543 kl 0.000 anchor 0.000 0.915s/rec
ep0 step 600/996 loss 0.572 kl 0.000 anchor 0.000 0.914s/rec
ep0 step 610/996 loss 0.747 kl 0.000 anchor 0.000 0.913s/rec
ep0 step 620/996 loss 0.540 kl 0.000 anchor 0.000 0.908s/rec
ep0 step 630/996 loss 0.531 kl 0.000 anchor 0.000 0.908s/rec
ep0 step 640/996 loss 0.548 kl 0.000 anchor 0.000 0.906s/rec
ep0 step 650/996 loss 0.564 kl 0.000 anchor 0.000 0.907s/rec
ep0 step 660/996 loss 0.532 kl 0.000 anchor 0.000 0.908s/rec
ep0 step 670/996 loss 0.474 kl 0.000 anchor 0.000 0.906s/rec
ep0 step 680/996 loss 0.480 kl 0.000 anchor 0.000 0.905s/rec
ep0 step 690/996 loss 0.539 kl 0.000 anchor 0.000 0.902s/rec
ep0 step 700/996 loss 0.515 kl 0.000 anchor 0.000 0.899s/rec
ep0 step 710/996 loss 0.608 kl 0.000 anchor 0.000 0.899s/rec
ep0 step 720/996 loss 0.686 kl 0.000 anchor 0.000 0.902s/rec
ep0 step 730/996 loss 0.570 kl 0.000 anchor 0.000 0.901s/rec
ep0 step 740/996 loss 0.503 kl 0.000 anchor 0.000 0.900s/rec
ep0 step 750/996 loss 0.479 kl 0.000 anchor 0.000 0.899s/rec
ep0 step 760/996 loss 0.603 kl 0.000 anchor 0.000 0.896s/rec
ep0 step 770/996 loss 0.429 kl 0.000 anchor 0.000 0.896s/rec
ep0 step 780/996 loss 0.444 kl 0.000 anchor 0.000 0.895s/rec
ep0 step 790/996 loss 0.534 kl 0.000 anchor 0.000 0.894s/rec
ep0 step 800/996 loss 0.778 kl 0.000 anchor 0.000 0.893s/rec
ep0 step 810/996 loss 0.475 kl 0.000 anchor 0.000 0.891s/rec
ep0 step 820/996 loss 0.414 kl 0.000 anchor 0.000 0.890s/rec
ep0 step 830/996 loss 0.627 kl 0.000 anchor 0.000 0.891s/rec
ep0 step 840/996 loss 0.671 kl 0.000 anchor 0.000 0.889s/rec
ep0 step 850/996 loss 0.777 kl 0.000 anchor 0.000 0.889s/rec
ep0 step 860/996 loss 0.627 kl 0.000 anchor 0.000 0.890s/rec
ep0 step 870/996 loss 0.452 kl 0.000 anchor 0.000 0.890s/rec
ep0 step 880/996 loss 0.413 kl 0.000 anchor 0.000 0.887s/rec
ep0 step 890/996 loss 0.465 kl 0.000 anchor 0.000 0.887s/rec
ep0 step 900/996 loss 0.435 kl 0.000 anchor 0.000 0.885s/rec
ep0 step 910/996 loss 0.668 kl 0.000 anchor 0.000 0.886s/rec
ep0 step 920/996 loss 0.494 kl 0.000 anchor 0.000 0.885s/rec
ep0 step 930/996 loss 0.535 kl 0.000 anchor 0.000 0.885s/rec
ep0 step 940/996 loss 0.540 kl 0.000 anchor 0.000 0.888s/rec
ep0 step 950/996 loss 0.767 kl 0.000 anchor 0.000 0.888s/rec
ep0 step 960/996 loss 0.453 kl 0.000 anchor 0.000 0.887s/rec
ep0 step 970/996 loss 0.549 kl 0.000 anchor 0.000 0.888s/rec
ep0 step 980/996 loss 0.427 kl 0.000 anchor 0.000 0.886s/rec
ep0 step 990/996 loss 0.376 kl 0.000 anchor 0.000 0.883s/rec
saved /runs/r6-9b/03-trial-3/checkpoint
