Warning: You are sending unauthenticated requests to the HF Hub. Please set a HF_TOKEN to enable higher rate limits and faster downloads.
delta: warm start from /__modal/volumes/vo-kEMu8BkBAIrorAQI6V8f2D/hub/models--jaredpalmer--kev-9b/snapshots/2629c06a5aeb0feb3b9783bafed17ed8f39ecf5c: 496 adapter tensors and the pointer head loaded
device=cuda trainable params=45.4M
replay: 2000 of 12576 suite training records mixed with 4538 from evals/round6/soft-nomnli/train.jsonl
6538 training requests (holdout=[]), questions by type {'choice': 3222, 'score': 2312, 'noul': 2992}
[transformers] `causal_conv1d_fn` is falling back to its reference PyTorch implementation because `causal_conv1d` is not installed. This is correct but much slower; install `causal_conv1d` for the optimized kernel.
ep0 step 10/818 loss 1.190 kl 0.000 anchor 0.000 3.694s/rec
ep0 step 20/818 loss 1.601 kl 0.000 anchor 0.000 2.500s/rec
ep0 step 30/818 loss 1.088 kl 0.000 anchor 0.000 2.112s/rec
ep0 step 40/818 loss 1.040 kl 0.000 anchor 0.000 1.833s/rec
ep0 step 50/818 loss 0.714 kl 0.000 anchor 0.000 1.616s/rec
ep0 step 60/818 loss 0.726 kl 0.000 anchor 0.000 1.511s/rec
ep0 step 70/818 loss 0.672 kl 0.000 anchor 0.000 1.402s/rec
ep0 step 80/818 loss 0.781 kl 0.000 anchor 0.000 1.362s/rec
ep0 step 90/818 loss 0.546 kl 0.000 anchor 0.000 1.308s/rec
ep0 step 100/818 loss 0.624 kl 0.000 anchor 0.000 1.247s/rec
ep0 step 110/818 loss 0.596 kl 0.000 anchor 0.000 1.207s/rec
ep0 step 120/818 loss 0.611 kl 0.000 anchor 0.000 1.182s/rec
ep0 step 130/818 loss 0.733 kl 0.000 anchor 0.000 1.171s/rec
ep0 step 140/818 loss 0.721 kl 0.000 anchor 0.000 1.169s/rec
ep0 step 150/818 loss 0.679 kl 0.000 anchor 0.000 1.163s/rec
ep0 step 160/818 loss 0.681 kl 0.000 anchor 0.000 1.145s/rec
ep0 step 170/818 loss 0.662 kl 0.000 anchor 0.000 1.123s/rec
ep0 step 180/818 loss 0.662 kl 0.000 anchor 0.000 1.110s/rec
ep0 step 190/818 loss 0.815 kl 0.000 anchor 0.000 1.101s/rec
ep0 step 200/818 loss 0.812 kl 0.000 anchor 0.000 1.109s/rec
ep0 step 210/818 loss 0.694 kl 0.000 anchor 0.000 1.096s/rec
ep0 step 220/818 loss 0.484 kl 0.000 anchor 0.000 1.085s/rec
ep0 step 230/818 loss 0.808 kl 0.000 anchor 0.000 1.087s/rec
ep0 step 240/818 loss 0.789 kl 0.000 anchor 0.000 1.084s/rec
ep0 step 250/818 loss 0.627 kl 0.000 anchor 0.000 1.072s/rec
ep0 step 260/818 loss 0.657 kl 0.000 anchor 0.000 1.065s/rec
ep0 step 270/818 loss 0.562 kl 0.000 anchor 0.000 1.058s/rec
ep0 step 280/818 loss 0.594 kl 0.000 anchor 0.000 1.052s/rec
ep0 step 290/818 loss 0.542 kl 0.000 anchor 0.000 1.045s/rec
ep0 step 300/818 loss 0.745 kl 0.000 anchor 0.000 1.040s/rec
ep0 step 310/818 loss 0.620 kl 0.000 anchor 0.000 1.028s/rec
ep0 step 320/818 loss 0.734 kl 0.000 anchor 0.000 1.037s/rec
ep0 step 330/818 loss 0.625 kl 0.000 anchor 0.000 1.029s/rec
ep0 step 340/818 loss 0.687 kl 0.000 anchor 0.000 1.025s/rec
ep0 step 350/818 loss 0.633 kl 0.000 anchor 0.000 1.017s/rec
ep0 step 360/818 loss 0.667 kl 0.000 anchor 0.000 1.011s/rec
ep0 step 370/818 loss 0.664 kl 0.000 anchor 0.000 1.008s/rec
ep0 step 380/818 loss 0.570 kl 0.000 anchor 0.000 1.007s/rec
ep0 step 390/818 loss 0.516 kl 0.000 anchor 0.000 0.999s/rec
ep0 step 400/818 loss 0.617 kl 0.000 anchor 0.000 0.997s/rec
ep0 step 410/818 loss 0.618 kl 0.000 anchor 0.000 0.993s/rec
ep0 step 420/818 loss 0.493 kl 0.000 anchor 0.000 0.986s/rec
ep0 step 430/818 loss 0.563 kl 0.000 anchor 0.000 0.986s/rec
ep0 step 440/818 loss 0.464 kl 0.000 anchor 0.000 0.982s/rec
ep0 step 450/818 loss 0.597 kl 0.000 anchor 0.000 0.979s/rec
ep0 step 460/818 loss 0.650 kl 0.000 anchor 0.000 0.972s/rec
ep0 step 470/818 loss 0.675 kl 0.000 anchor 0.000 0.969s/rec
ep0 step 480/818 loss 0.797 kl 0.000 anchor 0.000 0.969s/rec
ep0 step 490/818 loss 0.493 kl 0.000 anchor 0.000 0.964s/rec
ep0 step 500/818 loss 0.654 kl 0.000 anchor 0.000 0.962s/rec
ep0 step 510/818 loss 0.444 kl 0.000 anchor 0.000 0.963s/rec
ep0 step 520/818 loss 0.527 kl 0.000 anchor 0.000 0.962s/rec
ep0 step 530/818 loss 0.518 kl 0.000 anchor 0.000 0.961s/rec
ep0 step 540/818 loss 0.578 kl 0.000 anchor 0.000 0.960s/rec
ep0 step 550/818 loss 0.446 kl 0.000 anchor 0.000 0.956s/rec
ep0 step 560/818 loss 0.497 kl 0.000 anchor 0.000 0.957s/rec
ep0 step 570/818 loss 0.614 kl 0.000 anchor 0.000 0.953s/rec
ep0 step 580/818 loss 0.604 kl 0.000 anchor 0.000 0.952s/rec
ep0 step 590/818 loss 0.537 kl 0.000 anchor 0.000 0.949s/rec
ep0 step 600/818 loss 0.656 kl 0.000 anchor 0.000 0.951s/rec
ep0 step 610/818 loss 0.648 kl 0.000 anchor 0.000 0.951s/rec
ep0 step 620/818 loss 0.715 kl 0.000 anchor 0.000 0.948s/rec
ep0 step 630/818 loss 0.439 kl 0.000 anchor 0.000 0.946s/rec
ep0 step 640/818 loss 0.454 kl 0.000 anchor 0.000 0.947s/rec
ep0 step 650/818 loss 0.732 kl 0.000 anchor 0.000 0.947s/rec
ep0 step 660/818 loss 0.795 kl 0.000 anchor 0.000 0.946s/rec
ep0 step 670/818 loss 0.548 kl 0.000 anchor 0.000 0.944s/rec
ep0 step 680/818 loss 0.648 kl 0.000 anchor 0.000 0.945s/rec
ep0 step 690/818 loss 0.739 kl 0.000 anchor 0.000 0.941s/rec
ep0 step 700/818 loss 0.745 kl 0.000 anchor 0.000 0.939s/rec
ep0 step 710/818 loss 0.666 kl 0.000 anchor 0.000 0.942s/rec
ep0 step 720/818 loss 0.428 kl 0.000 anchor 0.000 0.941s/rec
ep0 step 730/818 loss 0.492 kl 0.000 anchor 0.000 0.939s/rec
ep0 step 740/818 loss 0.464 kl 0.000 anchor 0.000 0.936s/rec
ep0 step 750/818 loss 0.623 kl 0.000 anchor 0.000 0.935s/rec
ep0 step 760/818 loss 0.532 kl 0.000 anchor 0.000 0.935s/rec
ep0 step 770/818 loss 0.600 kl 0.000 anchor 0.000 0.936s/rec
ep0 step 780/818 loss 0.804 kl 0.000 anchor 0.000 0.939s/rec
ep0 step 790/818 loss 0.478 kl 0.000 anchor 0.000 0.937s/rec
ep0 step 800/818 loss 0.590 kl 0.000 anchor 0.000 0.936s/rec
ep0 step 810/818 loss 0.504 kl 0.000 anchor 0.000 0.934s/rec
saved /runs/r6-9b/00-trial-0/checkpoint
