Warning: You are sending unauthenticated requests to the HF Hub. Please set a HF_TOKEN to enable higher rate limits and faster downloads.
device=cuda trainable params=119.3M
12576 training requests (holdout=[]), questions by type {'score': 3448, 'noul': 5224, 'choice': 6904}
[transformers] `causal_conv1d_fn` is falling back to its reference PyTorch implementation because `causal_conv1d` is not installed. This is correct but much slower; install `causal_conv1d` for the optimized kernel.
ep0 step 10/1572 loss 2.078 kl 0.000 anchor 0.000 2.380s/rec
ep0 step 20/1572 loss 1.544 kl 0.000 anchor 0.000 1.437s/rec
ep0 step 30/1572 loss 1.738 kl 0.000 anchor 0.000 1.066s/rec
ep0 step 40/1572 loss 1.506 kl 0.000 anchor 0.000 0.870s/rec
ep0 step 50/1572 loss 1.656 kl 0.000 anchor 0.000 0.783s/rec
ep0 step 60/1572 loss 1.512 kl 0.000 anchor 0.000 0.710s/rec
ep0 step 70/1572 loss 1.429 kl 0.000 anchor 0.000 0.663s/rec
ep0 step 80/1572 loss 1.411 kl 0.000 anchor 0.000 0.627s/rec
ep0 step 90/1572 loss 1.304 kl 0.000 anchor 0.000 0.596s/rec
ep0 step 100/1572 loss 0.993 kl 0.000 anchor 0.000 0.578s/rec
ep0 step 110/1572 loss 0.933 kl 0.000 anchor 0.000 0.563s/rec
ep0 step 120/1572 loss 0.615 kl 0.000 anchor 0.000 0.553s/rec
ep0 step 130/1572 loss 0.877 kl 0.000 anchor 0.000 0.538s/rec
ep0 step 140/1572 loss 0.515 kl 0.000 anchor 0.000 0.533s/rec
ep0 step 150/1572 loss 0.961 kl 0.000 anchor 0.000 0.537s/rec
ep0 step 160/1572 loss 0.529 kl 0.000 anchor 0.000 0.528s/rec
ep0 step 170/1572 loss 0.546 kl 0.000 anchor 0.000 0.519s/rec
ep0 step 180/1572 loss 0.808 kl 0.000 anchor 0.000 0.514s/rec
ep0 step 190/1572 loss 0.559 kl 0.000 anchor 0.000 0.505s/rec
ep0 step 200/1572 loss 0.516 kl 0.000 anchor 0.000 0.499s/rec
ep0 step 210/1572 loss 0.706 kl 0.000 anchor 0.000 0.495s/rec
ep0 step 220/1572 loss 0.462 kl 0.000 anchor 0.000 0.490s/rec
ep0 step 230/1572 loss 0.466 kl 0.000 anchor 0.000 0.485s/rec
ep0 step 240/1572 loss 0.649 kl 0.000 anchor 0.000 0.481s/rec
ep0 step 250/1572 loss 0.533 kl 0.000 anchor 0.000 0.477s/rec
ep0 step 260/1572 loss 0.378 kl 0.000 anchor 0.000 0.474s/rec
ep0 step 270/1572 loss 0.692 kl 0.000 anchor 0.000 0.472s/rec
ep0 step 280/1572 loss 0.604 kl 0.000 anchor 0.000 0.469s/rec
ep0 step 290/1572 loss 0.647 kl 0.000 anchor 0.000 0.467s/rec
ep0 step 300/1572 loss 0.560 kl 0.000 anchor 0.000 0.464s/rec
ep0 step 310/1572 loss 0.772 kl 0.000 anchor 0.000 0.462s/rec
ep0 step 320/1572 loss 0.472 kl 0.000 anchor 0.000 0.460s/rec
ep0 step 330/1572 loss 0.521 kl 0.000 anchor 0.000 0.458s/rec
ep0 step 340/1572 loss 0.256 kl 0.000 anchor 0.000 0.458s/rec
ep0 step 350/1572 loss 0.519 kl 0.000 anchor 0.000 0.457s/rec
ep0 step 360/1572 loss 0.555 kl 0.000 anchor 0.000 0.455s/rec
ep0 step 370/1572 loss 0.403 kl 0.000 anchor 0.000 0.454s/rec
ep0 step 380/1572 loss 0.534 kl 0.000 anchor 0.000 0.452s/rec
ep0 step 390/1572 loss 0.426 kl 0.000 anchor 0.000 0.450s/rec
ep0 step 400/1572 loss 0.499 kl 0.000 anchor 0.000 0.450s/rec
ep0 step 410/1572 loss 0.329 kl 0.000 anchor 0.000 0.448s/rec
ep0 step 420/1572 loss 0.263 kl 0.000 anchor 0.000 0.448s/rec
ep0 step 430/1572 loss 0.464 kl 0.000 anchor 0.000 0.446s/rec
ep0 step 440/1572 loss 0.433 kl 0.000 anchor 0.000 0.445s/rec
ep0 step 450/1572 loss 0.466 kl 0.000 anchor 0.000 0.445s/rec
ep0 step 460/1572 loss 0.441 kl 0.000 anchor 0.000 0.444s/rec
ep0 step 470/1572 loss 0.540 kl 0.000 anchor 0.000 0.443s/rec
ep0 step 480/1572 loss 0.466 kl 0.000 anchor 0.000 0.442s/rec
ep0 step 490/1572 loss 0.417 kl 0.000 anchor 0.000 0.441s/rec
ep0 step 500/1572 loss 0.350 kl 0.000 anchor 0.000 0.440s/rec
ep0 step 510/1572 loss 0.389 kl 0.000 anchor 0.000 0.439s/rec
ep0 step 520/1572 loss 0.559 kl 0.000 anchor 0.000 0.438s/rec
ep0 step 530/1572 loss 0.320 kl 0.000 anchor 0.000 0.437s/rec
ep0 step 540/1572 loss 0.610 kl 0.000 anchor 0.000 0.436s/rec
ep0 step 550/1572 loss 0.398 kl 0.000 anchor 0.000 0.436s/rec
ep0 step 560/1572 loss 0.540 kl 0.000 anchor 0.000 0.435s/rec
ep0 step 570/1572 loss 0.424 kl 0.000 anchor 0.000 0.435s/rec
ep0 step 580/1572 loss 0.382 kl 0.000 anchor 0.000 0.434s/rec
ep0 step 590/1572 loss 0.346 kl 0.000 anchor 0.000 0.433s/rec
ep0 step 600/1572 loss 0.249 kl 0.000 anchor 0.000 0.432s/rec
ep0 step 610/1572 loss 0.419 kl 0.000 anchor 0.000 0.432s/rec
ep0 step 620/1572 loss 0.507 kl 0.000 anchor 0.000 0.431s/rec
ep0 step 630/1572 loss 0.549 kl 0.000 anchor 0.000 0.431s/rec
ep0 step 640/1572 loss 0.362 kl 0.000 anchor 0.000 0.430s/rec
ep0 step 650/1572 loss 0.568 kl 0.000 anchor 0.000 0.429s/rec
ep0 step 660/1572 loss 0.535 kl 0.000 anchor 0.000 0.428s/rec
ep0 step 670/1572 loss 0.369 kl 0.000 anchor 0.000 0.428s/rec
ep0 step 680/1572 loss 0.395 kl 0.000 anchor 0.000 0.428s/rec
ep0 step 690/1572 loss 0.517 kl 0.000 anchor 0.000 0.427s/rec
ep0 step 700/1572 loss 0.397 kl 0.000 anchor 0.000 0.427s/rec
ep0 step 710/1572 loss 0.415 kl 0.000 anchor 0.000 0.426s/rec
ep0 step 720/1572 loss 0.499 kl 0.000 anchor 0.000 0.426s/rec
ep0 step 730/1572 loss 0.473 kl 0.000 anchor 0.000 0.426s/rec
ep0 step 740/1572 loss 0.478 kl 0.000 anchor 0.000 0.426s/rec
ep0 step 750/1572 loss 0.299 kl 0.000 anchor 0.000 0.424s/rec
ep0 step 760/1572 loss 0.414 kl 0.000 anchor 0.000 0.424s/rec
ep0 step 770/1572 loss 0.419 kl 0.000 anchor 0.000 0.424s/rec
ep0 step 780/1572 loss 0.413 kl 0.000 anchor 0.000 0.423s/rec
ep0 step 790/1572 loss 0.296 kl 0.000 anchor 0.000 0.423s/rec
ep0 step 800/1572 loss 0.535 kl 0.000 anchor 0.000 0.423s/rec
ep0 step 810/1572 loss 0.772 kl 0.000 anchor 0.000 0.423s/rec
ep0 step 820/1572 loss 0.254 kl 0.000 anchor 0.000 0.423s/rec
ep0 step 830/1572 loss 0.322 kl 0.000 anchor 0.000 0.422s/rec
ep0 step 840/1572 loss 0.391 kl 0.000 anchor 0.000 0.422s/rec
ep0 step 850/1572 loss 0.363 kl 0.000 anchor 0.000 0.422s/rec
ep0 step 860/1572 loss 0.409 kl 0.000 anchor 0.000 0.421s/rec
ep0 step 870/1572 loss 0.535 kl 0.000 anchor 0.000 0.421s/rec
ep0 step 880/1572 loss 0.481 kl 0.000 anchor 0.000 0.420s/rec
ep0 step 890/1572 loss 0.534 kl 0.000 anchor 0.000 0.420s/rec
ep0 step 900/1572 loss 0.348 kl 0.000 anchor 0.000 0.419s/rec
ep0 step 910/1572 loss 0.630 kl 0.000 anchor 0.000 0.419s/rec
ep0 step 920/1572 loss 0.275 kl 0.000 anchor 0.000 0.419s/rec
ep0 step 930/1572 loss 0.405 kl 0.000 anchor 0.000 0.418s/rec
ep0 step 940/1572 loss 0.369 kl 0.000 anchor 0.000 0.418s/rec
ep0 step 950/1572 loss 0.434 kl 0.000 anchor 0.000 0.417s/rec
ep0 step 960/1572 loss 0.368 kl 0.000 anchor 0.000 0.417s/rec
ep0 step 970/1572 loss 0.277 kl 0.000 anchor 0.000 0.416s/rec
ep0 step 980/1572 loss 0.736 kl 0.000 anchor 0.000 0.416s/rec
ep0 step 990/1572 loss 0.366 kl 0.000 anchor 0.000 0.416s/rec
ep0 step 1000/1572 loss 0.478 kl 0.000 anchor 0.000 0.415s/rec
ep0 step 1010/1572 loss 0.432 kl 0.000 anchor 0.000 0.415s/rec
ep0 step 1020/1572 loss 0.373 kl 0.000 anchor 0.000 0.415s/rec
ep0 step 1030/1572 loss 0.505 kl 0.000 anchor 0.000 0.415s/rec
ep0 step 1040/1572 loss 0.426 kl 0.000 anchor 0.000 0.414s/rec
ep0 step 1050/1572 loss 0.705 kl 0.000 anchor 0.000 0.414s/rec
ep0 step 1060/1572 loss 0.500 kl 0.000 anchor 0.000 0.414s/rec
ep0 step 1070/1572 loss 0.483 kl 0.000 anchor 0.000 0.414s/rec
ep0 step 1080/1572 loss 0.402 kl 0.000 anchor 0.000 0.414s/rec
ep0 step 1090/1572 loss 0.333 kl 0.000 anchor 0.000 0.414s/rec
ep0 step 1100/1572 loss 0.394 kl 0.000 anchor 0.000 0.414s/rec
ep0 step 1110/1572 loss 0.516 kl 0.000 anchor 0.000 0.414s/rec
ep0 step 1120/1572 loss 0.439 kl 0.000 anchor 0.000 0.413s/rec
ep0 step 1130/1572 loss 0.339 kl 0.000 anchor 0.000 0.413s/rec
ep0 step 1140/1572 loss 0.425 kl 0.000 anchor 0.000 0.413s/rec
ep0 step 1150/1572 loss 0.502 kl 0.000 anchor 0.000 0.413s/rec
ep0 step 1160/1572 loss 0.422 kl 0.000 anchor 0.000 0.412s/rec
ep0 step 1170/1572 loss 0.371 kl 0.000 anchor 0.000 0.412s/rec
ep0 step 1180/1572 loss 0.688 kl 0.000 anchor 0.000 0.412s/rec
ep0 step 1190/1572 loss 0.357 kl 0.000 anchor 0.000 0.412s/rec
ep0 step 1200/1572 loss 0.200 kl 0.000 anchor 0.000 0.413s/rec
ep0 step 1210/1572 loss 0.232 kl 0.000 anchor 0.000 0.412s/rec
ep0 step 1220/1572 loss 0.485 kl 0.000 anchor 0.000 0.412s/rec
ep0 step 1230/1572 loss 0.320 kl 0.000 anchor 0.000 0.412s/rec
ep0 step 1240/1572 loss 0.306 kl 0.000 anchor 0.000 0.412s/rec
ep0 step 1250/1572 loss 0.526 kl 0.000 anchor 0.000 0.412s/rec
ep0 step 1260/1572 loss 0.394 kl 0.000 anchor 0.000 0.412s/rec
ep0 step 1270/1572 loss 0.423 kl 0.000 anchor 0.000 0.412s/rec
ep0 step 1280/1572 loss 0.338 kl 0.000 anchor 0.000 0.412s/rec
ep0 step 1290/1572 loss 0.382 kl 0.000 anchor 0.000 0.411s/rec
ep0 step 1300/1572 loss 0.364 kl 0.000 anchor 0.000 0.411s/rec
ep0 step 1310/1572 loss 0.322 kl 0.000 anchor 0.000 0.411s/rec
ep0 step 1320/1572 loss 0.262 kl 0.000 anchor 0.000 0.411s/rec
ep0 step 1330/1572 loss 0.273 kl 0.000 anchor 0.000 0.411s/rec
ep0 step 1340/1572 loss 0.379 kl 0.000 anchor 0.000 0.411s/rec
ep0 step 1350/1572 loss 0.321 kl 0.000 anchor 0.000 0.411s/rec
ep0 step 1360/1572 loss 0.421 kl 0.000 anchor 0.000 0.411s/rec
ep0 step 1370/1572 loss 0.591 kl 0.000 anchor 0.000 0.411s/rec
ep0 step 1380/1572 loss 0.285 kl 0.000 anchor 0.000 0.411s/rec
ep0 step 1390/1572 loss 0.332 kl 0.000 anchor 0.000 0.411s/rec
ep0 step 1400/1572 loss 0.450 kl 0.000 anchor 0.000 0.411s/rec
ep0 step 1410/1572 loss 0.166 kl 0.000 anchor 0.000 0.410s/rec
ep0 step 1420/1572 loss 0.447 kl 0.000 anchor 0.000 0.411s/rec
ep0 step 1430/1572 loss 0.414 kl 0.000 anchor 0.000 0.410s/rec
ep0 step 1440/1572 loss 0.397 kl 0.000 anchor 0.000 0.410s/rec
ep0 step 1450/1572 loss 0.313 kl 0.000 anchor 0.000 0.410s/rec
ep0 step 1460/1572 loss 0.490 kl 0.000 anchor 0.000 0.410s/rec
ep0 step 1470/1572 loss 0.280 kl 0.000 anchor 0.000 0.410s/rec
ep0 step 1480/1572 loss 0.395 kl 0.000 anchor 0.000 0.410s/rec
ep0 step 1490/1572 loss 0.232 kl 0.000 anchor 0.000 0.410s/rec
ep0 step 1500/1572 loss 0.195 kl 0.000 anchor 0.000 0.410s/rec
ep0 step 1510/1572 loss 0.277 kl 0.000 anchor 0.000 0.410s/rec
ep0 step 1520/1572 loss 0.248 kl 0.000 anchor 0.000 0.410s/rec
ep0 step 1530/1572 loss 0.196 kl 0.000 anchor 0.000 0.409s/rec
ep0 step 1540/1572 loss 0.247 kl 0.000 anchor 0.000 0.410s/rec
ep0 step 1550/1572 loss 0.446 kl 0.000 anchor 0.000 0.410s/rec
ep0 step 1560/1572 loss 0.276 kl 0.000 anchor 0.000 0.409s/rec
ep0 step 1570/1572 loss 0.379 kl 0.000 anchor 0.000 0.409s/rec
saved /runs/r6-27b/01-trial-1/checkpoint
