Warning: You are sending unauthenticated requests to the HF Hub. Please set a HF_TOKEN to enable higher rate limits and faster downloads.
delta: warm start from /__modal/volumes/vo-kEMu8BkBAIrorAQI6V8f2D/hub/models--jaredpalmer--kev-0.8b/snapshots/54f4f8777356cd5bbbb6c6919c657f26e6f2f6d8: 372 adapter tensors and the pointer head loaded
device=cuda trainable params=11.3M
replay: 6000 of 12576 suite training records mixed with 4538 from evals/round5/combined-v1/soft.jsonl
10538 training requests (holdout=[]), questions by type {'choice': 5388, 'score': 3432, 'noul': 4670}
[transformers] `causal_conv1d_fn` is falling back to its reference PyTorch implementation because `causal_conv1d` is not installed. This is correct but much slower; install `causal_conv1d` for the optimized kernel.
ep0 step 10/1318 loss 0.590 kl 0.000 anchor 0.000 2.559s/rec
ep0 step 20/1318 loss 0.694 kl 0.000 anchor 0.000 1.587s/rec
ep0 step 30/1318 loss 0.680 kl 0.000 anchor 0.000 1.222s/rec
ep0 step 40/1318 loss 1.176 kl 0.000 anchor 0.000 1.000s/rec
ep0 step 50/1318 loss 0.564 kl 0.000 anchor 0.000 0.850s/rec
ep0 step 60/1318 loss 0.864 kl 0.000 anchor 0.000 0.759s/rec
ep0 step 70/1318 loss 0.681 kl 0.000 anchor 0.000 0.718s/rec
ep0 step 80/1318 loss 0.757 kl 0.000 anchor 0.000 0.696s/rec
ep0 step 90/1318 loss 0.804 kl 0.000 anchor 0.000 0.686s/rec
ep0 step 100/1318 loss 0.812 kl 0.000 anchor 0.000 0.643s/rec
ep0 step 110/1318 loss 0.728 kl 0.000 anchor 0.000 0.605s/rec
ep0 step 120/1318 loss 0.671 kl 0.000 anchor 0.000 0.580s/rec
ep0 step 130/1318 loss 0.589 kl 0.000 anchor 0.000 0.552s/rec
ep0 step 140/1318 loss 0.641 kl 0.000 anchor 0.000 0.527s/rec
ep0 step 150/1318 loss 0.496 kl 0.000 anchor 0.000 0.505s/rec
ep0 step 160/1318 loss 0.741 kl 0.000 anchor 0.000 0.489s/rec
ep0 step 170/1318 loss 0.479 kl 0.000 anchor 0.000 0.473s/rec
ep0 step 180/1318 loss 0.513 kl 0.000 anchor 0.000 0.466s/rec
ep0 step 190/1318 loss 0.775 kl 0.000 anchor 0.000 0.451s/rec
ep0 step 200/1318 loss 0.595 kl 0.000 anchor 0.000 0.453s/rec
ep0 step 210/1318 loss 0.604 kl 0.000 anchor 0.000 0.444s/rec
ep0 step 220/1318 loss 0.532 kl 0.000 anchor 0.000 0.438s/rec
ep0 step 230/1318 loss 0.689 kl 0.000 anchor 0.000 0.430s/rec
ep0 step 240/1318 loss 0.595 kl 0.000 anchor 0.000 0.423s/rec
ep0 step 250/1318 loss 0.612 kl 0.000 anchor 0.000 0.416s/rec
ep0 step 260/1318 loss 0.664 kl 0.000 anchor 0.000 0.410s/rec
ep0 step 270/1318 loss 0.476 kl 0.000 anchor 0.000 0.406s/rec
ep0 step 280/1318 loss 0.755 kl 0.000 anchor 0.000 0.400s/rec
ep0 step 290/1318 loss 0.737 kl 0.000 anchor 0.000 0.395s/rec
ep0 step 300/1318 loss 0.760 kl 0.000 anchor 0.000 0.391s/rec
ep0 step 310/1318 loss 0.587 kl 0.000 anchor 0.000 0.386s/rec
ep0 step 320/1318 loss 0.795 kl 0.000 anchor 0.000 0.384s/rec
ep0 step 330/1318 loss 0.499 kl 0.000 anchor 0.000 0.381s/rec
ep0 step 340/1318 loss 0.683 kl 0.000 anchor 0.000 0.378s/rec
ep0 step 350/1318 loss 0.630 kl 0.000 anchor 0.000 0.375s/rec
ep0 step 360/1318 loss 0.695 kl 0.000 anchor 0.000 0.371s/rec
ep0 step 370/1318 loss 0.747 kl 0.000 anchor 0.000 0.370s/rec
ep0 step 380/1318 loss 0.627 kl 0.000 anchor 0.000 0.366s/rec
ep0 step 390/1318 loss 0.478 kl 0.000 anchor 0.000 0.363s/rec
ep0 step 400/1318 loss 0.727 kl 0.000 anchor 0.000 0.362s/rec
ep0 step 410/1318 loss 0.630 kl 0.000 anchor 0.000 0.359s/rec
ep0 step 420/1318 loss 0.715 kl 0.000 anchor 0.000 0.359s/rec
ep0 step 430/1318 loss 0.734 kl 0.000 anchor 0.000 0.357s/rec
ep0 step 440/1318 loss 0.477 kl 0.000 anchor 0.000 0.354s/rec
ep0 step 450/1318 loss 0.589 kl 0.000 anchor 0.000 0.358s/rec
ep0 step 460/1318 loss 0.619 kl 0.000 anchor 0.000 0.356s/rec
ep0 step 470/1318 loss 0.716 kl 0.000 anchor 0.000 0.354s/rec
ep0 step 480/1318 loss 0.527 kl 0.000 anchor 0.000 0.353s/rec
ep0 step 490/1318 loss 0.470 kl 0.000 anchor 0.000 0.353s/rec
ep0 step 500/1318 loss 0.760 kl 0.000 anchor 0.000 0.352s/rec
ep0 step 510/1318 loss 0.671 kl 0.000 anchor 0.000 0.352s/rec
ep0 step 520/1318 loss 0.647 kl 0.000 anchor 0.000 0.350s/rec
ep0 step 530/1318 loss 0.551 kl 0.000 anchor 0.000 0.348s/rec
ep0 step 540/1318 loss 0.724 kl 0.000 anchor 0.000 0.348s/rec
ep0 step 550/1318 loss 0.593 kl 0.000 anchor 0.000 0.346s/rec
ep0 step 560/1318 loss 0.460 kl 0.000 anchor 0.000 0.345s/rec
ep0 step 570/1318 loss 0.799 kl 0.000 anchor 0.000 0.344s/rec
ep0 step 580/1318 loss 0.607 kl 0.000 anchor 0.000 0.343s/rec
ep0 step 590/1318 loss 0.546 kl 0.000 anchor 0.000 0.341s/rec
ep0 step 600/1318 loss 0.567 kl 0.000 anchor 0.000 0.340s/rec
ep0 step 610/1318 loss 0.625 kl 0.000 anchor 0.000 0.339s/rec
ep0 step 620/1318 loss 0.672 kl 0.000 anchor 0.000 0.338s/rec
ep0 step 630/1318 loss 0.534 kl 0.000 anchor 0.000 0.337s/rec
ep0 step 640/1318 loss 0.576 kl 0.000 anchor 0.000 0.335s/rec
ep0 step 650/1318 loss 0.622 kl 0.000 anchor 0.000 0.334s/rec
ep0 step 660/1318 loss 0.497 kl 0.000 anchor 0.000 0.332s/rec
ep0 step 670/1318 loss 0.618 kl 0.000 anchor 0.000 0.331s/rec
ep0 step 680/1318 loss 0.647 kl 0.000 anchor 0.000 0.331s/rec
ep0 step 690/1318 loss 0.842 kl 0.000 anchor 0.000 0.330s/rec
ep0 step 700/1318 loss 0.567 kl 0.000 anchor 0.000 0.329s/rec
ep0 step 710/1318 loss 0.556 kl 0.000 anchor 0.000 0.328s/rec
ep0 step 720/1318 loss 0.604 kl 0.000 anchor 0.000 0.327s/rec
ep0 step 730/1318 loss 0.520 kl 0.000 anchor 0.000 0.327s/rec
ep0 step 740/1318 loss 0.724 kl 0.000 anchor 0.000 0.327s/rec
ep0 step 750/1318 loss 0.721 kl 0.000 anchor 0.000 0.326s/rec
ep0 step 760/1318 loss 0.639 kl 0.000 anchor 0.000 0.325s/rec
ep0 step 770/1318 loss 0.723 kl 0.000 anchor 0.000 0.325s/rec
ep0 step 780/1318 loss 0.517 kl 0.000 anchor 0.000 0.324s/rec
ep0 step 790/1318 loss 0.725 kl 0.000 anchor 0.000 0.323s/rec
ep0 step 800/1318 loss 0.563 kl 0.000 anchor 0.000 0.323s/rec
ep0 step 810/1318 loss 0.519 kl 0.000 anchor 0.000 0.323s/rec
ep0 step 820/1318 loss 0.823 kl 0.000 anchor 0.000 0.322s/rec
ep0 step 830/1318 loss 0.480 kl 0.000 anchor 0.000 0.321s/rec
ep0 step 840/1318 loss 0.588 kl 0.000 anchor 0.000 0.319s/rec
ep0 step 850/1318 loss 0.432 kl 0.000 anchor 0.000 0.318s/rec
ep0 step 860/1318 loss 0.448 kl 0.000 anchor 0.000 0.317s/rec
ep0 step 870/1318 loss 0.610 kl 0.000 anchor 0.000 0.316s/rec
ep0 step 880/1318 loss 0.563 kl 0.000 anchor 0.000 0.315s/rec
ep0 step 890/1318 loss 0.487 kl 0.000 anchor 0.000 0.314s/rec
ep0 step 900/1318 loss 0.532 kl 0.000 anchor 0.000 0.314s/rec
ep0 step 910/1318 loss 0.515 kl 0.000 anchor 0.000 0.313s/rec
ep0 step 920/1318 loss 0.731 kl 0.000 anchor 0.000 0.313s/rec
ep0 step 930/1318 loss 0.647 kl 0.000 anchor 0.000 0.313s/rec
ep0 step 940/1318 loss 0.528 kl 0.000 anchor 0.000 0.313s/rec
ep0 step 950/1318 loss 0.591 kl 0.000 anchor 0.000 0.312s/rec
ep0 step 960/1318 loss 0.609 kl 0.000 anchor 0.000 0.311s/rec
ep0 step 970/1318 loss 0.582 kl 0.000 anchor 0.000 0.311s/rec
ep0 step 980/1318 loss 0.654 kl 0.000 anchor 0.000 0.310s/rec
ep0 step 990/1318 loss 0.527 kl 0.000 anchor 0.000 0.309s/rec
ep0 step 1000/1318 loss 0.467 kl 0.000 anchor 0.000 0.310s/rec
ep0 step 1010/1318 loss 0.519 kl 0.000 anchor 0.000 0.309s/rec
ep0 step 1020/1318 loss 0.518 kl 0.000 anchor 0.000 0.308s/rec
ep0 step 1030/1318 loss 0.664 kl 0.000 anchor 0.000 0.308s/rec
ep0 step 1040/1318 loss 0.531 kl 0.000 anchor 0.000 0.308s/rec
ep0 step 1050/1318 loss 0.615 kl 0.000 anchor 0.000 0.307s/rec
ep0 step 1060/1318 loss 0.650 kl 0.000 anchor 0.000 0.306s/rec
ep0 step 1070/1318 loss 0.615 kl 0.000 anchor 0.000 0.306s/rec
ep0 step 1080/1318 loss 0.545 kl 0.000 anchor 0.000 0.306s/rec
ep0 step 1090/1318 loss 0.567 kl 0.000 anchor 0.000 0.305s/rec
ep0 step 1100/1318 loss 0.581 kl 0.000 anchor 0.000 0.304s/rec
ep0 step 1110/1318 loss 0.640 kl 0.000 anchor 0.000 0.304s/rec
ep0 step 1120/1318 loss 0.673 kl 0.000 anchor 0.000 0.303s/rec
ep0 step 1130/1318 loss 0.576 kl 0.000 anchor 0.000 0.303s/rec
ep0 step 1140/1318 loss 0.634 kl 0.000 anchor 0.000 0.303s/rec
ep0 step 1150/1318 loss 0.631 kl 0.000 anchor 0.000 0.303s/rec
ep0 step 1160/1318 loss 0.741 kl 0.000 anchor 0.000 0.303s/rec
ep0 step 1170/1318 loss 0.459 kl 0.000 anchor 0.000 0.302s/rec
ep0 step 1180/1318 loss 0.592 kl 0.000 anchor 0.000 0.302s/rec
ep0 step 1190/1318 loss 0.555 kl 0.000 anchor 0.000 0.301s/rec
ep0 step 1200/1318 loss 0.489 kl 0.000 anchor 0.000 0.301s/rec
ep0 step 1210/1318 loss 0.489 kl 0.000 anchor 0.000 0.301s/rec
ep0 step 1220/1318 loss 0.732 kl 0.000 anchor 0.000 0.303s/rec
ep0 step 1230/1318 loss 0.674 kl 0.000 anchor 0.000 0.303s/rec
ep0 step 1240/1318 loss 0.457 kl 0.000 anchor 0.000 0.302s/rec
ep0 step 1250/1318 loss 0.623 kl 0.000 anchor 0.000 0.302s/rec
ep0 step 1260/1318 loss 0.615 kl 0.000 anchor 0.000 0.302s/rec
ep0 step 1270/1318 loss 0.684 kl 0.000 anchor 0.000 0.302s/rec
ep0 step 1280/1318 loss 0.590 kl 0.000 anchor 0.000 0.301s/rec
ep0 step 1290/1318 loss 0.607 kl 0.000 anchor 0.000 0.301s/rec
ep0 step 1300/1318 loss 0.629 kl 0.000 anchor 0.000 0.301s/rec
ep0 step 1310/1318 loss 0.606 kl 0.000 anchor 0.000 0.300s/rec
saved /runs/r6-08b/01-trial-1/checkpoint
