Warning: You are sending unauthenticated requests to the HF Hub. Please set a HF_TOKEN to enable higher rate limits and faster downloads.
delta: warm start from /__modal/volumes/vo-kEMu8BkBAIrorAQI6V8f2D/hub/models--jaredpalmer--kev-4b/snapshots/485ace8703592fcf405488b262449990824cfed1: 496 adapter tensors and the pointer head loaded
device=cuda trainable params=33.8M
replay: 2000 of 12576 suite training records mixed with 4538 from evals/round5/combined-v1/soft.jsonl
6538 training requests (holdout=[]), questions by type {'choice': 3222, 'score': 2312, 'noul': 2992}
[transformers] `causal_conv1d_fn` is falling back to its reference PyTorch implementation because `causal_conv1d` is not installed. This is correct but much slower; install `causal_conv1d` for the optimized kernel.
ep0 step 10/818 loss 1.582 kl 0.000 anchor 0.000 3.755s/rec
ep0 step 20/818 loss 1.526 kl 0.000 anchor 0.000 2.447s/rec
ep0 step 30/818 loss 1.270 kl 0.000 anchor 0.000 2.027s/rec
ep0 step 40/818 loss 1.030 kl 0.000 anchor 0.000 1.738s/rec
ep0 step 50/818 loss 0.903 kl 0.000 anchor 0.000 1.523s/rec
ep0 step 60/818 loss 0.856 kl 0.000 anchor 0.000 1.422s/rec
ep0 step 70/818 loss 0.704 kl 0.000 anchor 0.000 1.319s/rec
ep0 step 80/818 loss 0.904 kl 0.000 anchor 0.000 1.265s/rec
ep0 step 90/818 loss 0.650 kl 0.000 anchor 0.000 1.208s/rec
ep0 step 100/818 loss 0.832 kl 0.000 anchor 0.000 1.148s/rec
ep0 step 110/818 loss 0.612 kl 0.000 anchor 0.000 1.103s/rec
ep0 step 120/818 loss 0.768 kl 0.000 anchor 0.000 1.073s/rec
ep0 step 130/818 loss 1.002 kl 0.000 anchor 0.000 1.058s/rec
ep0 step 140/818 loss 0.811 kl 0.000 anchor 0.000 1.054s/rec
ep0 step 150/818 loss 0.840 kl 0.000 anchor 0.000 1.043s/rec
ep0 step 160/818 loss 0.656 kl 0.000 anchor 0.000 1.024s/rec
ep0 step 170/818 loss 0.700 kl 0.000 anchor 0.000 1.004s/rec
ep0 step 180/818 loss 0.843 kl 0.000 anchor 0.000 0.990s/rec
ep0 step 190/818 loss 0.912 kl 0.000 anchor 0.000 0.978s/rec
ep0 step 200/818 loss 0.931 kl 0.000 anchor 0.000 0.984s/rec
ep0 step 210/818 loss 0.847 kl 0.000 anchor 0.000 0.971s/rec
ep0 step 220/818 loss 0.565 kl 0.000 anchor 0.000 0.959s/rec
ep0 step 230/818 loss 0.859 kl 0.000 anchor 0.000 0.960s/rec
ep0 step 240/818 loss 0.909 kl 0.000 anchor 0.000 0.956s/rec
ep0 step 250/818 loss 0.678 kl 0.000 anchor 0.000 0.944s/rec
ep0 step 260/818 loss 0.817 kl 0.000 anchor 0.000 0.936s/rec
ep0 step 270/818 loss 0.693 kl 0.000 anchor 0.000 0.929s/rec
ep0 step 280/818 loss 0.750 kl 0.000 anchor 0.000 0.923s/rec
ep0 step 290/818 loss 0.726 kl 0.000 anchor 0.000 0.915s/rec
ep0 step 300/818 loss 0.758 kl 0.000 anchor 0.000 0.909s/rec
ep0 step 310/818 loss 0.696 kl 0.000 anchor 0.000 0.898s/rec
ep0 step 320/818 loss 0.797 kl 0.000 anchor 0.000 0.906s/rec
ep0 step 330/818 loss 0.633 kl 0.000 anchor 0.000 0.898s/rec
ep0 step 340/818 loss 0.753 kl 0.000 anchor 0.000 0.893s/rec
ep0 step 350/818 loss 0.691 kl 0.000 anchor 0.000 0.885s/rec
ep0 step 360/818 loss 0.739 kl 0.000 anchor 0.000 0.879s/rec
ep0 step 370/818 loss 0.854 kl 0.000 anchor 0.000 0.875s/rec
ep0 step 380/818 loss 0.747 kl 0.000 anchor 0.000 0.874s/rec
ep0 step 390/818 loss 0.723 kl 0.000 anchor 0.000 0.867s/rec
ep0 step 400/818 loss 0.795 kl 0.000 anchor 0.000 0.865s/rec
ep0 step 410/818 loss 0.723 kl 0.000 anchor 0.000 0.861s/rec
ep0 step 420/818 loss 0.573 kl 0.000 anchor 0.000 0.854s/rec
ep0 step 430/818 loss 0.600 kl 0.000 anchor 0.000 0.855s/rec
ep0 step 440/818 loss 0.615 kl 0.000 anchor 0.000 0.850s/rec
ep0 step 450/818 loss 0.760 kl 0.000 anchor 0.000 0.846s/rec
ep0 step 460/818 loss 0.657 kl 0.000 anchor 0.000 0.840s/rec
ep0 step 470/818 loss 0.728 kl 0.000 anchor 0.000 0.837s/rec
ep0 step 480/818 loss 0.806 kl 0.000 anchor 0.000 0.835s/rec
ep0 step 490/818 loss 0.779 kl 0.000 anchor 0.000 0.831s/rec
ep0 step 500/818 loss 0.809 kl 0.000 anchor 0.000 0.829s/rec
ep0 step 510/818 loss 0.679 kl 0.000 anchor 0.000 0.829s/rec
ep0 step 520/818 loss 0.669 kl 0.000 anchor 0.000 0.827s/rec
ep0 step 530/818 loss 0.568 kl 0.000 anchor 0.000 0.826s/rec
ep0 step 540/818 loss 0.631 kl 0.000 anchor 0.000 0.825s/rec
ep0 step 550/818 loss 0.548 kl 0.000 anchor 0.000 0.821s/rec
ep0 step 560/818 loss 0.542 kl 0.000 anchor 0.000 0.822s/rec
ep0 step 570/818 loss 0.593 kl 0.000 anchor 0.000 0.818s/rec
ep0 step 580/818 loss 0.645 kl 0.000 anchor 0.000 0.816s/rec
ep0 step 590/818 loss 0.676 kl 0.000 anchor 0.000 0.814s/rec
ep0 step 600/818 loss 0.754 kl 0.000 anchor 0.000 0.815s/rec
ep0 step 610/818 loss 0.858 kl 0.000 anchor 0.000 0.814s/rec
ep0 step 620/818 loss 0.743 kl 0.000 anchor 0.000 0.812s/rec
ep0 step 630/818 loss 0.773 kl 0.000 anchor 0.000 0.810s/rec
ep0 step 640/818 loss 0.705 kl 0.000 anchor 0.000 0.810s/rec
ep0 step 650/818 loss 0.731 kl 0.000 anchor 0.000 0.810s/rec
ep0 step 660/818 loss 0.789 kl 0.000 anchor 0.000 0.809s/rec
ep0 step 670/818 loss 0.647 kl 0.000 anchor 0.000 0.806s/rec
ep0 step 680/818 loss 0.732 kl 0.000 anchor 0.000 0.807s/rec
ep0 step 690/818 loss 0.893 kl 0.000 anchor 0.000 0.803s/rec
ep0 step 700/818 loss 0.874 kl 0.000 anchor 0.000 0.801s/rec
ep0 step 710/818 loss 0.751 kl 0.000 anchor 0.000 0.803s/rec
ep0 step 720/818 loss 0.532 kl 0.000 anchor 0.000 0.802s/rec
ep0 step 730/818 loss 0.613 kl 0.000 anchor 0.000 0.800s/rec
ep0 step 740/818 loss 0.604 kl 0.000 anchor 0.000 0.798s/rec
ep0 step 750/818 loss 0.627 kl 0.000 anchor 0.000 0.797s/rec
ep0 step 760/818 loss 0.668 kl 0.000 anchor 0.000 0.797s/rec
ep0 step 770/818 loss 0.842 kl 0.000 anchor 0.000 0.798s/rec
ep0 step 780/818 loss 0.919 kl 0.000 anchor 0.000 0.799s/rec
ep0 step 790/818 loss 0.602 kl 0.000 anchor 0.000 0.798s/rec
ep0 step 800/818 loss 0.729 kl 0.000 anchor 0.000 0.797s/rec
ep0 step 810/818 loss 0.559 kl 0.000 anchor 0.000 0.794s/rec
saved /runs/r6-4b/05-trial-5/checkpoint
