Warning: You are sending unauthenticated requests to the HF Hub. Please set a HF_TOKEN to enable higher rate limits and faster downloads.
delta: warm start from /__modal/volumes/vo-kEMu8BkBAIrorAQI6V8f2D/hub/models--jaredpalmer--kev-9b/snapshots/2629c06a5aeb0feb3b9783bafed17ed8f39ecf5c: 496 adapter tensors and the pointer head loaded
device=cuda trainable params=45.4M
replay: 2000 of 12576 suite training records mixed with 4009 from evals/round6/soft-nomnli-thr08/train.jsonl
6009 training requests (holdout=[]), questions by type {'choice': 3110, 'score': 1922, 'noul': 2818}
[transformers] `causal_conv1d_fn` is falling back to its reference PyTorch implementation because `causal_conv1d` is not installed. This is correct but much slower; install `causal_conv1d` for the optimized kernel.
ep0 step 10/752 loss 1.439 kl 0.000 anchor 0.000 4.214s/rec
ep0 step 20/752 loss 1.327 kl 0.000 anchor 0.000 2.603s/rec
ep0 step 30/752 loss 0.953 kl 0.000 anchor 0.000 2.113s/rec
ep0 step 40/752 loss 1.038 kl 0.000 anchor 0.000 1.760s/rec
ep0 step 50/752 loss 0.822 kl 0.000 anchor 0.000 1.663s/rec
ep0 step 60/752 loss 0.899 kl 0.000 anchor 0.000 1.539s/rec
ep0 step 70/752 loss 0.700 kl 0.000 anchor 0.000 1.431s/rec
ep0 step 80/752 loss 0.678 kl 0.000 anchor 0.000 1.369s/rec
ep0 step 90/752 loss 0.912 kl 0.000 anchor 0.000 1.321s/rec
ep0 step 100/752 loss 0.600 kl 0.000 anchor 0.000 1.298s/rec
ep0 step 110/752 loss 0.836 kl 0.000 anchor 0.000 1.290s/rec
ep0 step 120/752 loss 0.831 kl 0.000 anchor 0.000 1.265s/rec
ep0 step 130/752 loss 0.707 kl 0.000 anchor 0.000 1.267s/rec
ep0 step 140/752 loss 0.760 kl 0.000 anchor 0.000 1.243s/rec
ep0 step 150/752 loss 0.695 kl 0.000 anchor 0.000 1.233s/rec
ep0 step 160/752 loss 0.666 kl 0.000 anchor 0.000 1.205s/rec
ep0 step 170/752 loss 0.719 kl 0.000 anchor 0.000 1.178s/rec
ep0 step 180/752 loss 0.656 kl 0.000 anchor 0.000 1.163s/rec
ep0 step 190/752 loss 0.585 kl 0.000 anchor 0.000 1.146s/rec
ep0 step 200/752 loss 0.615 kl 0.000 anchor 0.000 1.125s/rec
ep0 step 210/752 loss 0.764 kl 0.000 anchor 0.000 1.126s/rec
ep0 step 220/752 loss 0.530 kl 0.000 anchor 0.000 1.112s/rec
ep0 step 230/752 loss 0.578 kl 0.000 anchor 0.000 1.103s/rec
ep0 step 240/752 loss 0.699 kl 0.000 anchor 0.000 1.094s/rec
ep0 step 250/752 loss 0.520 kl 0.000 anchor 0.000 1.090s/rec
ep0 step 260/752 loss 0.602 kl 0.000 anchor 0.000 1.083s/rec
ep0 step 270/752 loss 0.567 kl 0.000 anchor 0.000 1.070s/rec
ep0 step 280/752 loss 0.657 kl 0.000 anchor 0.000 1.061s/rec
ep0 step 290/752 loss 0.610 kl 0.000 anchor 0.000 1.052s/rec
ep0 step 300/752 loss 0.596 kl 0.000 anchor 0.000 1.051s/rec
ep0 step 310/752 loss 0.629 kl 0.000 anchor 0.000 1.055s/rec
ep0 step 320/752 loss 0.541 kl 0.000 anchor 0.000 1.055s/rec
ep0 step 330/752 loss 0.669 kl 0.000 anchor 0.000 1.049s/rec
ep0 step 340/752 loss 0.713 kl 0.000 anchor 0.000 1.047s/rec
ep0 step 350/752 loss 0.527 kl 0.000 anchor 0.000 1.043s/rec
ep0 step 360/752 loss 0.519 kl 0.000 anchor 0.000 1.033s/rec
ep0 step 370/752 loss 0.493 kl 0.000 anchor 0.000 1.027s/rec
ep0 step 380/752 loss 0.351 kl 0.000 anchor 0.000 1.028s/rec
ep0 step 390/752 loss 0.536 kl 0.000 anchor 0.000 1.024s/rec
ep0 step 400/752 loss 0.511 kl 0.000 anchor 0.000 1.021s/rec
ep0 step 410/752 loss 0.804 kl 0.000 anchor 0.000 1.018s/rec
ep0 step 420/752 loss 0.465 kl 0.000 anchor 0.000 1.012s/rec
ep0 step 430/752 loss 0.535 kl 0.000 anchor 0.000 1.008s/rec
ep0 step 440/752 loss 0.810 kl 0.000 anchor 0.000 1.011s/rec
ep0 step 450/752 loss 0.620 kl 0.000 anchor 0.000 1.012s/rec
ep0 step 460/752 loss 0.708 kl 0.000 anchor 0.000 1.009s/rec
ep0 step 470/752 loss 0.495 kl 0.000 anchor 0.000 1.014s/rec
ep0 step 480/752 loss 0.500 kl 0.000 anchor 0.000 1.010s/rec
ep0 step 490/752 loss 0.635 kl 0.000 anchor 0.000 1.005s/rec
ep0 step 500/752 loss 0.567 kl 0.000 anchor 0.000 1.004s/rec
ep0 step 510/752 loss 0.520 kl 0.000 anchor 0.000 1.001s/rec
ep0 step 520/752 loss 0.577 kl 0.000 anchor 0.000 0.998s/rec
ep0 step 530/752 loss 0.614 kl 0.000 anchor 0.000 0.995s/rec
ep0 step 540/752 loss 0.612 kl 0.000 anchor 0.000 0.993s/rec
ep0 step 550/752 loss 0.608 kl 0.000 anchor 0.000 0.996s/rec
ep0 step 560/752 loss 0.527 kl 0.000 anchor 0.000 0.995s/rec
ep0 step 570/752 loss 0.528 kl 0.000 anchor 0.000 0.992s/rec
ep0 step 580/752 loss 0.439 kl 0.000 anchor 0.000 0.993s/rec
ep0 step 590/752 loss 0.499 kl 0.000 anchor 0.000 0.993s/rec
ep0 step 600/752 loss 0.583 kl 0.000 anchor 0.000 0.993s/rec
ep0 step 610/752 loss 0.617 kl 0.000 anchor 0.000 0.990s/rec
ep0 step 620/752 loss 0.471 kl 0.000 anchor 0.000 0.990s/rec
ep0 step 630/752 loss 0.474 kl 0.000 anchor 0.000 0.990s/rec
ep0 step 640/752 loss 0.806 kl 0.000 anchor 0.000 0.986s/rec
ep0 step 650/752 loss 0.674 kl 0.000 anchor 0.000 0.988s/rec
ep0 step 660/752 loss 0.512 kl 0.000 anchor 0.000 0.988s/rec
ep0 step 670/752 loss 0.415 kl 0.000 anchor 0.000 0.985s/rec
ep0 step 680/752 loss 0.572 kl 0.000 anchor 0.000 0.983s/rec
ep0 step 690/752 loss 0.576 kl 0.000 anchor 0.000 0.981s/rec
ep0 step 700/752 loss 0.551 kl 0.000 anchor 0.000 0.983s/rec
ep0 step 710/752 loss 0.629 kl 0.000 anchor 0.000 0.987s/rec
ep0 step 720/752 loss 0.676 kl 0.000 anchor 0.000 0.987s/rec
ep0 step 730/752 loss 0.559 kl 0.000 anchor 0.000 0.988s/rec
ep0 step 740/752 loss 0.306 kl 0.000 anchor 0.000 0.985s/rec
ep0 step 750/752 loss 0.496 kl 0.000 anchor 0.000 0.982s/rec
saved /runs/r6-9b-r2/00-trial-0/checkpoint
