Warning: You are sending unauthenticated requests to the HF Hub. Please set a HF_TOKEN to enable higher rate limits and faster downloads.
device=cuda trainable params=45.4M
12576 training requests (holdout=[]), questions by type {'score': 3448, 'noul': 5224, 'choice': 6904}
[transformers] `causal_conv1d_fn` is falling back to its reference PyTorch implementation because `causal_conv1d` is not installed. This is correct but much slower; install `causal_conv1d` for the optimized kernel.
ep0 step 10/3144 loss 1.578 kl 0.000 anchor 0.000 1.328s/rec
ep0 step 20/3144 loss 1.597 kl 0.000 anchor 0.000 0.980s/rec
ep0 step 30/3144 loss 1.614 kl 0.000 anchor 0.000 0.711s/rec
ep0 step 40/3144 loss 1.404 kl 0.000 anchor 0.000 0.577s/rec
ep0 step 50/3144 loss 1.700 kl 0.000 anchor 0.000 0.494s/rec
ep0 step 60/3144 loss 1.666 kl 0.000 anchor 0.000 0.433s/rec
ep0 step 70/3144 loss 1.697 kl 0.000 anchor 0.000 0.393s/rec
ep0 step 80/3144 loss 1.471 kl 0.000 anchor 0.000 0.369s/rec
ep0 step 90/3144 loss 1.163 kl 0.000 anchor 0.000 0.349s/rec
ep0 step 100/3144 loss 1.249 kl 0.000 anchor 0.000 0.330s/rec
ep0 step 110/3144 loss 0.948 kl 0.000 anchor 0.000 0.316s/rec
ep0 step 120/3144 loss 1.035 kl 0.000 anchor 0.000 0.304s/rec
ep0 step 130/3144 loss 0.807 kl 0.000 anchor 0.000 0.294s/rec
ep0 step 140/3144 loss 0.804 kl 0.000 anchor 0.000 0.286s/rec
ep0 step 150/3144 loss 0.881 kl 0.000 anchor 0.000 0.280s/rec
ep0 step 160/3144 loss 0.697 kl 0.000 anchor 0.000 0.274s/rec
ep0 step 170/3144 loss 0.613 kl 0.000 anchor 0.000 0.269s/rec
ep0 step 180/3144 loss 0.812 kl 0.000 anchor 0.000 0.263s/rec
ep0 step 190/3144 loss 0.679 kl 0.000 anchor 0.000 0.260s/rec
ep0 step 200/3144 loss 0.501 kl 0.000 anchor 0.000 0.255s/rec
ep0 step 210/3144 loss 0.947 kl 0.000 anchor 0.000 0.251s/rec
ep0 step 220/3144 loss 0.612 kl 0.000 anchor 0.000 0.248s/rec
ep0 step 230/3144 loss 0.877 kl 0.000 anchor 0.000 0.247s/rec
ep0 step 240/3144 loss 0.381 kl 0.000 anchor 0.000 0.244s/rec
ep0 step 250/3144 loss 0.643 kl 0.000 anchor 0.000 0.241s/rec
ep0 step 260/3144 loss 0.653 kl 0.000 anchor 0.000 0.247s/rec
ep0 step 270/3144 loss 0.786 kl 0.000 anchor 0.000 0.244s/rec
ep0 step 280/3144 loss 0.634 kl 0.000 anchor 0.000 0.242s/rec
ep0 step 290/3144 loss 0.587 kl 0.000 anchor 0.000 0.239s/rec
ep0 step 300/3144 loss 0.536 kl 0.000 anchor 0.000 0.236s/rec
ep0 step 310/3144 loss 1.122 kl 0.000 anchor 0.000 0.234s/rec
ep0 step 320/3144 loss 0.627 kl 0.000 anchor 0.000 0.232s/rec
ep0 step 330/3144 loss 0.484 kl 0.000 anchor 0.000 0.231s/rec
ep0 step 340/3144 loss 0.773 kl 0.000 anchor 0.000 0.229s/rec
ep0 step 350/3144 loss 0.538 kl 0.000 anchor 0.000 0.227s/rec
ep0 step 360/3144 loss 0.586 kl 0.000 anchor 0.000 0.225s/rec
ep0 step 370/3144 loss 0.686 kl 0.000 anchor 0.000 0.224s/rec
ep0 step 380/3144 loss 0.651 kl 0.000 anchor 0.000 0.222s/rec
ep0 step 390/3144 loss 0.544 kl 0.000 anchor 0.000 0.220s/rec
ep0 step 400/3144 loss 0.598 kl 0.000 anchor 0.000 0.219s/rec
ep0 step 410/3144 loss 0.720 kl 0.000 anchor 0.000 0.218s/rec
ep0 step 420/3144 loss 0.637 kl 0.000 anchor 0.000 0.218s/rec
ep0 step 430/3144 loss 0.448 kl 0.000 anchor 0.000 0.217s/rec
ep0 step 440/3144 loss 0.742 kl 0.000 anchor 0.000 0.217s/rec
ep0 step 450/3144 loss 0.642 kl 0.000 anchor 0.000 0.216s/rec
ep0 step 460/3144 loss 0.460 kl 0.000 anchor 0.000 0.215s/rec
ep0 step 470/3144 loss 0.628 kl 0.000 anchor 0.000 0.214s/rec
ep0 step 480/3144 loss 0.329 kl 0.000 anchor 0.000 0.213s/rec
ep0 step 490/3144 loss 0.723 kl 0.000 anchor 0.000 0.213s/rec
ep0 step 500/3144 loss 0.643 kl 0.000 anchor 0.000 0.213s/rec
ep0 step 510/3144 loss 0.546 kl 0.000 anchor 0.000 0.212s/rec
ep0 step 520/3144 loss 0.423 kl 0.000 anchor 0.000 0.211s/rec
ep0 step 530/3144 loss 0.799 kl 0.000 anchor 0.000 0.210s/rec
ep0 step 540/3144 loss 0.432 kl 0.000 anchor 0.000 0.210s/rec
ep0 step 550/3144 loss 0.526 kl 0.000 anchor 0.000 0.209s/rec
ep0 step 560/3144 loss 0.447 kl 0.000 anchor 0.000 0.209s/rec
ep0 step 570/3144 loss 0.500 kl 0.000 anchor 0.000 0.208s/rec
ep0 step 580/3144 loss 0.378 kl 0.000 anchor 0.000 0.208s/rec
ep0 step 590/3144 loss 0.434 kl 0.000 anchor 0.000 0.207s/rec
ep0 step 600/3144 loss 0.578 kl 0.000 anchor 0.000 0.207s/rec
ep0 step 610/3144 loss 0.526 kl 0.000 anchor 0.000 0.207s/rec
ep0 step 620/3144 loss 0.709 kl 0.000 anchor 0.000 0.206s/rec
ep0 step 630/3144 loss 0.469 kl 0.000 anchor 0.000 0.206s/rec
ep0 step 640/3144 loss 0.370 kl 0.000 anchor 0.000 0.205s/rec
ep0 step 650/3144 loss 0.396 kl 0.000 anchor 0.000 0.205s/rec
ep0 step 660/3144 loss 0.484 kl 0.000 anchor 0.000 0.204s/rec
ep0 step 670/3144 loss 0.748 kl 0.000 anchor 0.000 0.204s/rec
ep0 step 680/3144 loss 0.463 kl 0.000 anchor 0.000 0.203s/rec
ep0 step 690/3144 loss 0.452 kl 0.000 anchor 0.000 0.203s/rec
ep0 step 700/3144 loss 0.523 kl 0.000 anchor 0.000 0.203s/rec
ep0 step 710/3144 loss 0.704 kl 0.000 anchor 0.000 0.202s/rec
ep0 step 720/3144 loss 0.427 kl 0.000 anchor 0.000 0.202s/rec
ep0 step 730/3144 loss 0.574 kl 0.000 anchor 0.000 0.202s/rec
ep0 step 740/3144 loss 0.474 kl 0.000 anchor 0.000 0.201s/rec
ep0 step 750/3144 loss 0.478 kl 0.000 anchor 0.000 0.201s/rec
ep0 step 760/3144 loss 0.311 kl 0.000 anchor 0.000 0.201s/rec
ep0 step 770/3144 loss 0.667 kl 0.000 anchor 0.000 0.200s/rec
ep0 step 780/3144 loss 0.702 kl 0.000 anchor 0.000 0.200s/rec
ep0 step 790/3144 loss 0.627 kl 0.000 anchor 0.000 0.199s/rec
ep0 step 800/3144 loss 0.427 kl 0.000 anchor 0.000 0.199s/rec
ep0 step 810/3144 loss 0.699 kl 0.000 anchor 0.000 0.199s/rec
ep0 step 820/3144 loss 0.445 kl 0.000 anchor 0.000 0.199s/rec
ep0 step 830/3144 loss 0.677 kl 0.000 anchor 0.000 0.199s/rec
ep0 step 840/3144 loss 0.709 kl 0.000 anchor 0.000 0.198s/rec
ep0 step 850/3144 loss 0.549 kl 0.000 anchor 0.000 0.198s/rec
ep0 step 860/3144 loss 0.554 kl 0.000 anchor 0.000 0.198s/rec
ep0 step 870/3144 loss 0.431 kl 0.000 anchor 0.000 0.197s/rec
ep0 step 880/3144 loss 0.588 kl 0.000 anchor 0.000 0.197s/rec
ep0 step 890/3144 loss 0.474 kl 0.000 anchor 0.000 0.197s/rec
ep0 step 900/3144 loss 0.702 kl 0.000 anchor 0.000 0.197s/rec
ep0 step 910/3144 loss 0.579 kl 0.000 anchor 0.000 0.196s/rec
ep0 step 920/3144 loss 0.537 kl 0.000 anchor 0.000 0.196s/rec
ep0 step 930/3144 loss 0.472 kl 0.000 anchor 0.000 0.196s/rec
ep0 step 940/3144 loss 0.510 kl 0.000 anchor 0.000 0.196s/rec
ep0 step 950/3144 loss 0.406 kl 0.000 anchor 0.000 0.196s/rec
ep0 step 960/3144 loss 0.717 kl 0.000 anchor 0.000 0.195s/rec
ep0 step 970/3144 loss 0.477 kl 0.000 anchor 0.000 0.195s/rec
ep0 step 980/3144 loss 0.316 kl 0.000 anchor 0.000 0.195s/rec
ep0 step 990/3144 loss 0.593 kl 0.000 anchor 0.000 0.195s/rec
ep0 step 1000/3144 loss 0.500 kl 0.000 anchor 0.000 0.194s/rec
ep0 step 1010/3144 loss 0.435 kl 0.000 anchor 0.000 0.194s/rec
ep0 step 1020/3144 loss 0.378 kl 0.000 anchor 0.000 0.194s/rec
ep0 step 1030/3144 loss 0.685 kl 0.000 anchor 0.000 0.194s/rec
ep0 step 1040/3144 loss 0.347 kl 0.000 anchor 0.000 0.194s/rec
ep0 step 1050/3144 loss 0.655 kl 0.000 anchor 0.000 0.194s/rec
ep0 step 1060/3144 loss 0.407 kl 0.000 anchor 0.000 0.194s/rec
ep0 step 1070/3144 loss 0.403 kl 0.000 anchor 0.000 0.193s/rec
ep0 step 1080/3144 loss 0.484 kl 0.000 anchor 0.000 0.193s/rec
ep0 step 1090/3144 loss 0.515 kl 0.000 anchor 0.000 0.193s/rec
ep0 step 1100/3144 loss 0.443 kl 0.000 anchor 0.000 0.193s/rec
ep0 step 1110/3144 loss 0.678 kl 0.000 anchor 0.000 0.193s/rec
ep0 step 1120/3144 loss 0.512 kl 0.000 anchor 0.000 0.193s/rec
ep0 step 1130/3144 loss 0.395 kl 0.000 anchor 0.000 0.193s/rec
ep0 step 1140/3144 loss 0.475 kl 0.000 anchor 0.000 0.192s/rec
ep0 step 1150/3144 loss 0.672 kl 0.000 anchor 0.000 0.192s/rec
ep0 step 1160/3144 loss 0.434 kl 0.000 anchor 0.000 0.192s/rec
ep0 step 1170/3144 loss 0.528 kl 0.000 anchor 0.000 0.192s/rec
ep0 step 1180/3144 loss 0.487 kl 0.000 anchor 0.000 0.192s/rec
ep0 step 1190/3144 loss 0.693 kl 0.000 anchor 0.000 0.192s/rec
ep0 step 1200/3144 loss 0.404 kl 0.000 anchor 0.000 0.192s/rec
ep0 step 1210/3144 loss 0.448 kl 0.000 anchor 0.000 0.191s/rec
ep0 step 1220/3144 loss 0.235 kl 0.000 anchor 0.000 0.191s/rec
ep0 step 1230/3144 loss 0.424 kl 0.000 anchor 0.000 0.191s/rec
ep0 step 1240/3144 loss 0.748 kl 0.000 anchor 0.000 0.191s/rec
ep0 step 1250/3144 loss 0.771 kl 0.000 anchor 0.000 0.191s/rec
ep0 step 1260/3144 loss 0.295 kl 0.000 anchor 0.000 0.191s/rec
ep0 step 1270/3144 loss 0.437 kl 0.000 anchor 0.000 0.191s/rec
ep0 step 1280/3144 loss 0.577 kl 0.000 anchor 0.000 0.191s/rec
ep0 step 1290/3144 loss 0.386 kl 0.000 anchor 0.000 0.191s/rec
ep0 step 1300/3144 loss 0.596 kl 0.000 anchor 0.000 0.191s/rec
ep0 step 1310/3144 loss 0.445 kl 0.000 anchor 0.000 0.191s/rec
ep0 step 1320/3144 loss 0.392 kl 0.000 anchor 0.000 0.191s/rec
ep0 step 1330/3144 loss 0.338 kl 0.000 anchor 0.000 0.191s/rec
ep0 step 1340/3144 loss 0.308 kl 0.000 anchor 0.000 0.190s/rec
ep0 step 1350/3144 loss 0.439 kl 0.000 anchor 0.000 0.190s/rec
ep0 step 1360/3144 loss 0.500 kl 0.000 anchor 0.000 0.190s/rec
ep0 step 1370/3144 loss 0.688 kl 0.000 anchor 0.000 0.190s/rec
ep0 step 1380/3144 loss 0.468 kl 0.000 anchor 0.000 0.190s/rec
ep0 step 1390/3144 loss 0.504 kl 0.000 anchor 0.000 0.190s/rec
ep0 step 1400/3144 loss 0.569 kl 0.000 anchor 0.000 0.190s/rec
ep0 step 1410/3144 loss 0.344 kl 0.000 anchor 0.000 0.190s/rec
ep0 step 1420/3144 loss 0.598 kl 0.000 anchor 0.000 0.190s/rec
ep0 step 1430/3144 loss 0.416 kl 0.000 anchor 0.000 0.190s/rec
ep0 step 1440/3144 loss 0.493 kl 0.000 anchor 0.000 0.190s/rec
ep0 step 1450/3144 loss 0.362 kl 0.000 anchor 0.000 0.190s/rec
ep0 step 1460/3144 loss 0.376 kl 0.000 anchor 0.000 0.190s/rec
ep0 step 1470/3144 loss 0.330 kl 0.000 anchor 0.000 0.190s/rec
ep0 step 1480/3144 loss 0.377 kl 0.000 anchor 0.000 0.190s/rec
ep0 step 1490/3144 loss 0.562 kl 0.000 anchor 0.000 0.190s/rec
ep0 step 1500/3144 loss 0.825 kl 0.000 anchor 0.000 0.190s/rec
ep0 step 1510/3144 loss 0.323 kl 0.000 anchor 0.000 0.190s/rec
ep0 step 1520/3144 loss 0.866 kl 0.000 anchor 0.000 0.190s/rec
ep0 step 1530/3144 loss 0.382 kl 0.000 anchor 0.000 0.189s/rec
ep0 step 1540/3144 loss 0.505 kl 0.000 anchor 0.000 0.189s/rec
ep0 step 1550/3144 loss 0.461 kl 0.000 anchor 0.000 0.189s/rec
ep0 step 1560/3144 loss 0.584 kl 0.000 anchor 0.000 0.189s/rec
ep0 step 1570/3144 loss 0.406 kl 0.000 anchor 0.000 0.189s/rec
ep1 step 1580/3144 loss 0.370 kl 0.000 anchor 0.000 0.189s/rec
ep1 step 1590/3144 loss 0.475 kl 0.000 anchor 0.000 0.189s/rec
ep1 step 1600/3144 loss 0.221 kl 0.000 anchor 0.000 0.188s/rec
ep1 step 1610/3144 loss 0.449 kl 0.000 anchor 0.000 0.188s/rec
ep1 step 1620/3144 loss 0.275 kl 0.000 anchor 0.000 0.188s/rec
ep1 step 1630/3144 loss 0.372 kl 0.000 anchor 0.000 0.188s/rec
ep1 step 1640/3144 loss 0.323 kl 0.000 anchor 0.000 0.188s/rec
ep1 step 1650/3144 loss 0.390 kl 0.000 anchor 0.000 0.188s/rec
ep1 step 1660/3144 loss 0.494 kl 0.000 anchor 0.000 0.188s/rec
ep1 step 1670/3144 loss 0.424 kl 0.000 anchor 0.000 0.188s/rec
ep1 step 1680/3144 loss 0.549 kl 0.000 anchor 0.000 0.188s/rec
ep1 step 1690/3144 loss 0.383 kl 0.000 anchor 0.000 0.188s/rec
ep1 step 1700/3144 loss 0.551 kl 0.000 anchor 0.000 0.188s/rec
ep1 step 1710/3144 loss 0.345 kl 0.000 anchor 0.000 0.188s/rec
ep1 step 1720/3144 loss 0.430 kl 0.000 anchor 0.000 0.188s/rec
ep1 step 1730/3144 loss 0.326 kl 0.000 anchor 0.000 0.188s/rec
ep1 step 1740/3144 loss 0.404 kl 0.000 anchor 0.000 0.187s/rec
ep1 step 1750/3144 loss 0.380 kl 0.000 anchor 0.000 0.187s/rec
ep1 step 1760/3144 loss 0.293 kl 0.000 anchor 0.000 0.187s/rec
ep1 step 1770/3144 loss 0.226 kl 0.000 anchor 0.000 0.187s/rec
ep1 step 1780/3144 loss 0.444 kl 0.000 anchor 0.000 0.187s/rec
ep1 step 1790/3144 loss 0.247 kl 0.000 anchor 0.000 0.187s/rec
ep1 step 1800/3144 loss 0.552 kl 0.000 anchor 0.000 0.187s/rec
ep1 step 1810/3144 loss 0.254 kl 0.000 anchor 0.000 0.187s/rec
ep1 step 1820/3144 loss 0.287 kl 0.000 anchor 0.000 0.187s/rec
ep1 step 1830/3144 loss 0.466 kl 0.000 anchor 0.000 0.187s/rec
ep1 step 1840/3144 loss 0.359 kl 0.000 anchor 0.000 0.187s/rec
ep1 step 1850/3144 loss 0.596 kl 0.000 anchor 0.000 0.187s/rec
ep1 step 1860/3144 loss 0.505 kl 0.000 anchor 0.000 0.187s/rec
ep1 step 1870/3144 loss 0.360 kl 0.000 anchor 0.000 0.187s/rec
ep1 step 1880/3144 loss 0.408 kl 0.000 anchor 0.000 0.186s/rec
ep1 step 1890/3144 loss 0.360 kl 0.000 anchor 0.000 0.186s/rec
ep1 step 1900/3144 loss 0.595 kl 0.000 anchor 0.000 0.186s/rec
ep1 step 1910/3144 loss 0.276 kl 0.000 anchor 0.000 0.186s/rec
ep1 step 1920/3144 loss 0.378 kl 0.000 anchor 0.000 0.186s/rec
ep1 step 1930/3144 loss 0.430 kl 0.000 anchor 0.000 0.186s/rec
ep1 step 1940/3144 loss 0.368 kl 0.000 anchor 0.000 0.187s/rec
ep1 step 1950/3144 loss 0.352 kl 0.000 anchor 0.000 0.187s/rec
ep1 step 1960/3144 loss 0.306 kl 0.000 anchor 0.000 0.187s/rec
ep1 step 1970/3144 loss 0.309 kl 0.000 anchor 0.000 0.187s/rec
ep1 step 1980/3144 loss 0.313 kl 0.000 anchor 0.000 0.186s/rec
ep1 step 1990/3144 loss 0.439 kl 0.000 anchor 0.000 0.186s/rec
ep1 step 2000/3144 loss 0.451 kl 0.000 anchor 0.000 0.186s/rec
ep1 step 2010/3144 loss 0.369 kl 0.000 anchor 0.000 0.186s/rec
ep1 step 2020/3144 loss 0.304 kl 0.000 anchor 0.000 0.186s/rec
ep1 step 2030/3144 loss 0.363 kl 0.000 anchor 0.000 0.186s/rec
ep1 step 2040/3144 loss 0.545 kl 0.000 anchor 0.000 0.186s/rec
ep1 step 2050/3144 loss 0.640 kl 0.000 anchor 0.000 0.186s/rec
ep1 step 2060/3144 loss 0.310 kl 0.000 anchor 0.000 0.186s/rec
ep1 step 2070/3144 loss 0.310 kl 0.000 anchor 0.000 0.186s/rec
ep1 step 2080/3144 loss 0.383 kl 0.000 anchor 0.000 0.186s/rec
ep1 step 2090/3144 loss 0.347 kl 0.000 anchor 0.000 0.186s/rec
ep1 step 2100/3144 loss 0.380 kl 0.000 anchor 0.000 0.186s/rec
ep1 step 2110/3144 loss 0.438 kl 0.000 anchor 0.000 0.186s/rec
ep1 step 2120/3144 loss 0.188 kl 0.000 anchor 0.000 0.186s/rec
ep1 step 2130/3144 loss 0.210 kl 0.000 anchor 0.000 0.186s/rec
ep1 step 2140/3144 loss 0.223 kl 0.000 anchor 0.000 0.186s/rec
ep1 step 2150/3144 loss 0.209 kl 0.000 anchor 0.000 0.186s/rec
ep1 step 2160/3144 loss 0.414 kl 0.000 anchor 0.000 0.186s/rec
ep1 step 2170/3144 loss 0.266 kl 0.000 anchor 0.000 0.186s/rec
ep1 step 2180/3144 loss 0.374 kl 0.000 anchor 0.000 0.186s/rec
ep1 step 2190/3144 loss 0.395 kl 0.000 anchor 0.000 0.186s/rec
ep1 step 2200/3144 loss 0.376 kl 0.000 anchor 0.000 0.186s/rec
ep1 step 2210/3144 loss 0.443 kl 0.000 anchor 0.000 0.186s/rec
ep1 step 2220/3144 loss 0.241 kl 0.000 anchor 0.000 0.186s/rec
ep1 step 2230/3144 loss 0.343 kl 0.000 anchor 0.000 0.186s/rec
ep1 step 2240/3144 loss 0.242 kl 0.000 anchor 0.000 0.185s/rec
ep1 step 2250/3144 loss 0.354 kl 0.000 anchor 0.000 0.185s/rec
ep1 step 2260/3144 loss 0.375 kl 0.000 anchor 0.000 0.185s/rec
ep1 step 2270/3144 loss 0.344 kl 0.000 anchor 0.000 0.185s/rec
ep1 step 2280/3144 loss 0.435 kl 0.000 anchor 0.000 0.185s/rec
ep1 step 2290/3144 loss 0.441 kl 0.000 anchor 0.000 0.185s/rec
ep1 step 2300/3144 loss 0.308 kl 0.000 anchor 0.000 0.185s/rec
ep1 step 2310/3144 loss 0.282 kl 0.000 anchor 0.000 0.185s/rec
ep1 step 2320/3144 loss 0.551 kl 0.000 anchor 0.000 0.185s/rec
ep1 step 2330/3144 loss 0.405 kl 0.000 anchor 0.000 0.185s/rec
ep1 step 2340/3144 loss 0.420 kl 0.000 anchor 0.000 0.185s/rec
ep1 step 2350/3144 loss 0.297 kl 0.000 anchor 0.000 0.185s/rec
ep1 step 2360/3144 loss 0.324 kl 0.000 anchor 0.000 0.185s/rec
ep1 step 2370/3144 loss 0.455 kl 0.000 anchor 0.000 0.185s/rec
ep1 step 2380/3144 loss 0.299 kl 0.000 anchor 0.000 0.185s/rec
ep1 step 2390/3144 loss 0.343 kl 0.000 anchor 0.000 0.185s/rec
ep1 step 2400/3144 loss 0.222 kl 0.000 anchor 0.000 0.185s/rec
ep1 step 2410/3144 loss 0.399 kl 0.000 anchor 0.000 0.185s/rec
ep1 step 2420/3144 loss 0.293 kl 0.000 anchor 0.000 0.185s/rec
ep1 step 2430/3144 loss 0.556 kl 0.000 anchor 0.000 0.185s/rec
ep1 step 2440/3144 loss 0.197 kl 0.000 anchor 0.000 0.185s/rec
ep1 step 2450/3144 loss 0.446 kl 0.000 anchor 0.000 0.185s/rec
ep1 step 2460/3144 loss 0.329 kl 0.000 anchor 0.000 0.185s/rec
ep1 step 2470/3144 loss 0.262 kl 0.000 anchor 0.000 0.185s/rec
ep1 step 2480/3144 loss 0.402 kl 0.000 anchor 0.000 0.185s/rec
ep1 step 2490/3144 loss 0.395 kl 0.000 anchor 0.000 0.185s/rec
ep1 step 2500/3144 loss 0.304 kl 0.000 anchor 0.000 0.185s/rec
ep1 step 2510/3144 loss 0.485 kl 0.000 anchor 0.000 0.185s/rec
ep1 step 2520/3144 loss 0.227 kl 0.000 anchor 0.000 0.185s/rec
ep1 step 2530/3144 loss 0.228 kl 0.000 anchor 0.000 0.185s/rec
ep1 step 2540/3144 loss 0.194 kl 0.000 anchor 0.000 0.185s/rec
ep1 step 2550/3144 loss 0.475 kl 0.000 anchor 0.000 0.185s/rec
ep1 step 2560/3144 loss 0.251 kl 0.000 anchor 0.000 0.185s/rec
ep1 step 2570/3144 loss 0.795 kl 0.000 anchor 0.000 0.185s/rec
ep1 step 2580/3144 loss 0.312 kl 0.000 anchor 0.000 0.185s/rec
ep1 step 2590/3144 loss 0.460 kl 0.000 anchor 0.000 0.185s/rec
ep1 step 2600/3144 loss 0.236 kl 0.000 anchor 0.000 0.185s/rec
ep1 step 2610/3144 loss 0.598 kl 0.000 anchor 0.000 0.184s/rec
ep1 step 2620/3144 loss 0.411 kl 0.000 anchor 0.000 0.185s/rec
ep1 step 2630/3144 loss 0.361 kl 0.000 anchor 0.000 0.184s/rec
ep1 step 2640/3144 loss 0.252 kl 0.000 anchor 0.000 0.184s/rec
ep1 step 2650/3144 loss 0.283 kl 0.000 anchor 0.000 0.184s/rec
ep1 step 2660/3144 loss 0.303 kl 0.000 anchor 0.000 0.184s/rec
ep1 step 2670/3144 loss 0.524 kl 0.000 anchor 0.000 0.184s/rec
ep1 step 2680/3144 loss 0.142 kl 0.000 anchor 0.000 0.184s/rec
ep1 step 2690/3144 loss 0.215 kl 0.000 anchor 0.000 0.184s/rec
ep1 step 2700/3144 loss 0.308 kl 0.000 anchor 0.000 0.184s/rec
ep1 step 2710/3144 loss 0.427 kl 0.000 anchor 0.000 0.184s/rec
ep1 step 2720/3144 loss 0.231 kl 0.000 anchor 0.000 0.184s/rec
ep1 step 2730/3144 loss 0.236 kl 0.000 anchor 0.000 0.184s/rec
ep1 step 2740/3144 loss 0.380 kl 0.000 anchor 0.000 0.184s/rec
ep1 step 2750/3144 loss 0.274 kl 0.000 anchor 0.000 0.184s/rec
ep1 step 2760/3144 loss 0.377 kl 0.000 anchor 0.000 0.184s/rec
ep1 step 2770/3144 loss 0.209 kl 0.000 anchor 0.000 0.184s/rec
ep1 step 2780/3144 loss 0.474 kl 0.000 anchor 0.000 0.184s/rec
ep1 step 2790/3144 loss 0.471 kl 0.000 anchor 0.000 0.184s/rec
ep1 step 2800/3144 loss 0.199 kl 0.000 anchor 0.000 0.184s/rec
ep1 step 2810/3144 loss 0.237 kl 0.000 anchor 0.000 0.184s/rec
ep1 step 2820/3144 loss 0.395 kl 0.000 anchor 0.000 0.184s/rec
ep1 step 2830/3144 loss 0.360 kl 0.000 anchor 0.000 0.184s/rec
ep1 step 2840/3144 loss 0.389 kl 0.000 anchor 0.000 0.184s/rec
ep1 step 2850/3144 loss 0.174 kl 0.000 anchor 0.000 0.184s/rec
ep1 step 2860/3144 loss 0.429 kl 0.000 anchor 0.000 0.184s/rec
ep1 step 2870/3144 loss 0.611 kl 0.000 anchor 0.000 0.184s/rec
ep1 step 2880/3144 loss 0.352 kl 0.000 anchor 0.000 0.184s/rec
ep1 step 2890/3144 loss 0.338 kl 0.000 anchor 0.000 0.184s/rec
ep1 step 2900/3144 loss 0.237 kl 0.000 anchor 0.000 0.184s/rec
ep1 step 2910/3144 loss 0.355 kl 0.000 anchor 0.000 0.184s/rec
ep1 step 2920/3144 loss 0.356 kl 0.000 anchor 0.000 0.184s/rec
ep1 step 2930/3144 loss 0.318 kl 0.000 anchor 0.000 0.184s/rec
ep1 step 2940/3144 loss 0.444 kl 0.000 anchor 0.000 0.184s/rec
ep1 step 2950/3144 loss 0.284 kl 0.000 anchor 0.000 0.184s/rec
ep1 step 2960/3144 loss 0.349 kl 0.000 anchor 0.000 0.184s/rec
ep1 step 2970/3144 loss 0.360 kl 0.000 anchor 0.000 0.184s/rec
ep1 step 2980/3144 loss 0.404 kl 0.000 anchor 0.000 0.184s/rec
ep1 step 2990/3144 loss 0.311 kl 0.000 anchor 0.000 0.184s/rec
ep1 step 3000/3144 loss 0.270 kl 0.000 anchor 0.000 0.184s/rec
ep1 step 3010/3144 loss 0.337 kl 0.000 anchor 0.000 0.184s/rec
ep1 step 3020/3144 loss 0.330 kl 0.000 anchor 0.000 0.184s/rec
ep1 step 3030/3144 loss 0.173 kl 0.000 anchor 0.000 0.183s/rec
ep1 step 3040/3144 loss 0.370 kl 0.000 anchor 0.000 0.183s/rec
ep1 step 3050/3144 loss 0.388 kl 0.000 anchor 0.000 0.183s/rec
ep1 step 3060/3144 loss 0.286 kl 0.000 anchor 0.000 0.183s/rec
ep1 step 3070/3144 loss 0.263 kl 0.000 anchor 0.000 0.183s/rec
ep1 step 3080/3144 loss 0.322 kl 0.000 anchor 0.000 0.183s/rec
ep1 step 3090/3144 loss 0.255 kl 0.000 anchor 0.000 0.183s/rec
ep1 step 3100/3144 loss 0.280 kl 0.000 anchor 0.000 0.183s/rec
ep1 step 3110/3144 loss 0.263 kl 0.000 anchor 0.000 0.183s/rec
ep1 step 3120/3144 loss 0.365 kl 0.000 anchor 0.000 0.183s/rec
ep1 step 3130/3144 loss 0.420 kl 0.000 anchor 0.000 0.183s/rec
ep1 step 3140/3144 loss 0.479 kl 0.000 anchor 0.000 0.183s/rec
saved /runs/r6-a1-9b/00-trial-0/checkpoint
