Warning: You are sending unauthenticated requests to the HF Hub. Please set a HF_TOKEN to enable higher rate limits and faster downloads.
device=cuda trainable params=119.3M
12576 training requests (holdout=[]), questions by type {'score': 3448, 'noul': 5224, 'choice': 6904}
[transformers] `causal_conv1d_fn` is falling back to its reference PyTorch implementation because `causal_conv1d` is not installed. This is correct but much slower; install `causal_conv1d` for the optimized kernel.
ep0 step 10/3144 loss 1.603 kl 0.000 anchor 0.000 1.838s/rec
ep0 step 20/3144 loss 1.549 kl 0.000 anchor 0.000 1.362s/rec
ep0 step 30/3144 loss 1.561 kl 0.000 anchor 0.000 1.046s/rec
ep0 step 40/3144 loss 1.369 kl 0.000 anchor 0.000 0.881s/rec
ep0 step 50/3144 loss 1.579 kl 0.000 anchor 0.000 0.780s/rec
ep0 step 60/3144 loss 1.599 kl 0.000 anchor 0.000 0.709s/rec
ep0 step 70/3144 loss 1.610 kl 0.000 anchor 0.000 0.691s/rec
ep0 step 80/3144 loss 1.398 kl 0.000 anchor 0.000 0.662s/rec
ep0 step 90/3144 loss 1.110 kl 0.000 anchor 0.000 0.635s/rec
ep0 step 100/3144 loss 1.097 kl 0.000 anchor 0.000 0.610s/rec
ep0 step 110/3144 loss 0.724 kl 0.000 anchor 0.000 0.591s/rec
ep0 step 120/3144 loss 0.780 kl 0.000 anchor 0.000 0.575s/rec
ep0 step 130/3144 loss 0.743 kl 0.000 anchor 0.000 0.562s/rec
ep0 step 140/3144 loss 0.749 kl 0.000 anchor 0.000 0.551s/rec
ep0 step 150/3144 loss 0.810 kl 0.000 anchor 0.000 0.545s/rec
ep0 step 160/3144 loss 0.604 kl 0.000 anchor 0.000 0.537s/rec
ep0 step 170/3144 loss 0.648 kl 0.000 anchor 0.000 0.529s/rec
ep0 step 180/3144 loss 0.685 kl 0.000 anchor 0.000 0.520s/rec
ep0 step 190/3144 loss 0.565 kl 0.000 anchor 0.000 0.517s/rec
ep0 step 200/3144 loss 0.435 kl 0.000 anchor 0.000 0.511s/rec
ep0 step 210/3144 loss 1.206 kl 0.000 anchor 0.000 0.505s/rec
ep0 step 220/3144 loss 0.622 kl 0.000 anchor 0.000 0.501s/rec
ep0 step 230/3144 loss 0.667 kl 0.000 anchor 0.000 0.497s/rec
ep0 step 240/3144 loss 0.287 kl 0.000 anchor 0.000 0.494s/rec
ep0 step 250/3144 loss 0.691 kl 0.000 anchor 0.000 0.489s/rec
ep0 step 260/3144 loss 0.618 kl 0.000 anchor 0.000 0.487s/rec
ep0 step 270/3144 loss 0.614 kl 0.000 anchor 0.000 0.483s/rec
ep0 step 280/3144 loss 0.706 kl 0.000 anchor 0.000 0.482s/rec
ep0 step 290/3144 loss 0.570 kl 0.000 anchor 0.000 0.479s/rec
ep0 step 300/3144 loss 0.332 kl 0.000 anchor 0.000 0.474s/rec
ep0 step 310/3144 loss 0.816 kl 0.000 anchor 0.000 0.474s/rec
ep0 step 320/3144 loss 0.504 kl 0.000 anchor 0.000 0.471s/rec
ep0 step 330/3144 loss 0.501 kl 0.000 anchor 0.000 0.469s/rec
ep0 step 340/3144 loss 0.775 kl 0.000 anchor 0.000 0.467s/rec
ep0 step 350/3144 loss 0.505 kl 0.000 anchor 0.000 0.465s/rec
ep0 step 360/3144 loss 0.621 kl 0.000 anchor 0.000 0.463s/rec
ep0 step 370/3144 loss 0.501 kl 0.000 anchor 0.000 0.461s/rec
ep0 step 380/3144 loss 0.645 kl 0.000 anchor 0.000 0.459s/rec
ep0 step 390/3144 loss 0.466 kl 0.000 anchor 0.000 0.456s/rec
ep0 step 400/3144 loss 0.462 kl 0.000 anchor 0.000 0.454s/rec
ep0 step 410/3144 loss 0.468 kl 0.000 anchor 0.000 0.454s/rec
ep0 step 420/3144 loss 0.465 kl 0.000 anchor 0.000 0.453s/rec
ep0 step 430/3144 loss 0.410 kl 0.000 anchor 0.000 0.453s/rec
ep0 step 440/3144 loss 0.804 kl 0.000 anchor 0.000 0.453s/rec
ep0 step 450/3144 loss 0.471 kl 0.000 anchor 0.000 0.451s/rec
ep0 step 460/3144 loss 0.419 kl 0.000 anchor 0.000 0.450s/rec
ep0 step 470/3144 loss 0.574 kl 0.000 anchor 0.000 0.449s/rec
ep0 step 480/3144 loss 0.243 kl 0.000 anchor 0.000 0.448s/rec
ep0 step 490/3144 loss 0.572 kl 0.000 anchor 0.000 0.448s/rec
ep0 step 500/3144 loss 0.649 kl 0.000 anchor 0.000 0.449s/rec
ep0 step 510/3144 loss 0.396 kl 0.000 anchor 0.000 0.448s/rec
ep0 step 520/3144 loss 0.319 kl 0.000 anchor 0.000 0.446s/rec
ep0 step 530/3144 loss 0.857 kl 0.000 anchor 0.000 0.445s/rec
ep0 step 540/3144 loss 0.251 kl 0.000 anchor 0.000 0.445s/rec
ep0 step 550/3144 loss 0.507 kl 0.000 anchor 0.000 0.443s/rec
ep0 step 560/3144 loss 0.348 kl 0.000 anchor 0.000 0.443s/rec
ep0 step 570/3144 loss 0.591 kl 0.000 anchor 0.000 0.442s/rec
ep0 step 580/3144 loss 0.289 kl 0.000 anchor 0.000 0.441s/rec
ep0 step 590/3144 loss 0.318 kl 0.000 anchor 0.000 0.441s/rec
ep0 step 600/3144 loss 0.350 kl 0.000 anchor 0.000 0.441s/rec
ep0 step 610/3144 loss 0.457 kl 0.000 anchor 0.000 0.441s/rec
ep0 step 620/3144 loss 0.627 kl 0.000 anchor 0.000 0.440s/rec
ep0 step 630/3144 loss 0.369 kl 0.000 anchor 0.000 0.439s/rec
ep0 step 640/3144 loss 0.319 kl 0.000 anchor 0.000 0.439s/rec
ep0 step 650/3144 loss 0.420 kl 0.000 anchor 0.000 0.438s/rec
ep0 step 660/3144 loss 0.452 kl 0.000 anchor 0.000 0.437s/rec
ep0 step 670/3144 loss 0.598 kl 0.000 anchor 0.000 0.437s/rec
ep0 step 680/3144 loss 0.341 kl 0.000 anchor 0.000 0.436s/rec
ep0 step 690/3144 loss 0.590 kl 0.000 anchor 0.000 0.436s/rec
ep0 step 700/3144 loss 0.476 kl 0.000 anchor 0.000 0.435s/rec
ep0 step 710/3144 loss 0.664 kl 0.000 anchor 0.000 0.434s/rec
ep0 step 720/3144 loss 0.302 kl 0.000 anchor 0.000 0.433s/rec
ep0 step 730/3144 loss 0.315 kl 0.000 anchor 0.000 0.433s/rec
ep0 step 740/3144 loss 0.353 kl 0.000 anchor 0.000 0.433s/rec
ep0 step 750/3144 loss 0.471 kl 0.000 anchor 0.000 0.432s/rec
ep0 step 760/3144 loss 0.293 kl 0.000 anchor 0.000 0.431s/rec
ep0 step 770/3144 loss 0.572 kl 0.000 anchor 0.000 0.431s/rec
ep0 step 780/3144 loss 0.611 kl 0.000 anchor 0.000 0.430s/rec
ep0 step 790/3144 loss 0.484 kl 0.000 anchor 0.000 0.430s/rec
ep0 step 800/3144 loss 0.398 kl 0.000 anchor 0.000 0.430s/rec
ep0 step 810/3144 loss 0.587 kl 0.000 anchor 0.000 0.429s/rec
ep0 step 820/3144 loss 0.217 kl 0.000 anchor 0.000 0.429s/rec
ep0 step 830/3144 loss 0.492 kl 0.000 anchor 0.000 0.429s/rec
ep0 step 840/3144 loss 0.567 kl 0.000 anchor 0.000 0.428s/rec
ep0 step 850/3144 loss 0.678 kl 0.000 anchor 0.000 0.428s/rec
ep0 step 860/3144 loss 0.477 kl 0.000 anchor 0.000 0.428s/rec
ep0 step 870/3144 loss 0.428 kl 0.000 anchor 0.000 0.427s/rec
ep0 step 880/3144 loss 0.702 kl 0.000 anchor 0.000 0.427s/rec
ep0 step 890/3144 loss 0.282 kl 0.000 anchor 0.000 0.426s/rec
ep0 step 900/3144 loss 0.542 kl 0.000 anchor 0.000 0.426s/rec
ep0 step 910/3144 loss 0.657 kl 0.000 anchor 0.000 0.426s/rec
ep0 step 920/3144 loss 0.545 kl 0.000 anchor 0.000 0.426s/rec
ep0 step 930/3144 loss 0.389 kl 0.000 anchor 0.000 0.426s/rec
ep0 step 940/3144 loss 0.570 kl 0.000 anchor 0.000 0.425s/rec
ep0 step 950/3144 loss 0.272 kl 0.000 anchor 0.000 0.425s/rec
ep0 step 960/3144 loss 0.515 kl 0.000 anchor 0.000 0.425s/rec
ep0 step 970/3144 loss 0.410 kl 0.000 anchor 0.000 0.424s/rec
ep0 step 980/3144 loss 0.207 kl 0.000 anchor 0.000 0.424s/rec
ep0 step 990/3144 loss 0.639 kl 0.000 anchor 0.000 0.424s/rec
ep0 step 1000/3144 loss 0.672 kl 0.000 anchor 0.000 0.423s/rec
ep0 step 1010/3144 loss 0.335 kl 0.000 anchor 0.000 0.423s/rec
ep0 step 1020/3144 loss 0.296 kl 0.000 anchor 0.000 0.423s/rec
ep0 step 1030/3144 loss 0.582 kl 0.000 anchor 0.000 0.423s/rec
ep0 step 1040/3144 loss 0.265 kl 0.000 anchor 0.000 0.422s/rec
ep0 step 1050/3144 loss 0.528 kl 0.000 anchor 0.000 0.423s/rec
ep0 step 1060/3144 loss 0.261 kl 0.000 anchor 0.000 0.423s/rec
ep0 step 1070/3144 loss 0.376 kl 0.000 anchor 0.000 0.423s/rec
ep0 step 1080/3144 loss 0.290 kl 0.000 anchor 0.000 0.423s/rec
ep0 step 1090/3144 loss 0.204 kl 0.000 anchor 0.000 0.423s/rec
ep0 step 1100/3144 loss 0.464 kl 0.000 anchor 0.000 0.423s/rec
ep0 step 1110/3144 loss 0.563 kl 0.000 anchor 0.000 0.423s/rec
ep0 step 1120/3144 loss 0.474 kl 0.000 anchor 0.000 0.423s/rec
ep0 step 1130/3144 loss 0.282 kl 0.000 anchor 0.000 0.423s/rec
ep0 step 1140/3144 loss 0.430 kl 0.000 anchor 0.000 0.422s/rec
ep0 step 1150/3144 loss 0.480 kl 0.000 anchor 0.000 0.422s/rec
ep0 step 1160/3144 loss 0.378 kl 0.000 anchor 0.000 0.422s/rec
ep0 step 1170/3144 loss 0.401 kl 0.000 anchor 0.000 0.422s/rec
ep0 step 1180/3144 loss 0.491 kl 0.000 anchor 0.000 0.422s/rec
ep0 step 1190/3144 loss 0.490 kl 0.000 anchor 0.000 0.422s/rec
ep0 step 1200/3144 loss 0.261 kl 0.000 anchor 0.000 0.422s/rec
ep0 step 1210/3144 loss 0.272 kl 0.000 anchor 0.000 0.422s/rec
ep0 step 1220/3144 loss 0.198 kl 0.000 anchor 0.000 0.422s/rec
ep0 step 1230/3144 loss 0.447 kl 0.000 anchor 0.000 0.422s/rec
ep0 step 1240/3144 loss 0.487 kl 0.000 anchor 0.000 0.422s/rec
ep0 step 1250/3144 loss 0.616 kl 0.000 anchor 0.000 0.422s/rec
ep0 step 1260/3144 loss 0.234 kl 0.000 anchor 0.000 0.421s/rec
ep0 step 1270/3144 loss 0.344 kl 0.000 anchor 0.000 0.422s/rec
ep0 step 1280/3144 loss 0.453 kl 0.000 anchor 0.000 0.421s/rec
ep0 step 1290/3144 loss 0.353 kl 0.000 anchor 0.000 0.421s/rec
ep0 step 1300/3144 loss 0.451 kl 0.000 anchor 0.000 0.421s/rec
ep0 step 1310/3144 loss 0.350 kl 0.000 anchor 0.000 0.422s/rec
ep0 step 1320/3144 loss 0.347 kl 0.000 anchor 0.000 0.422s/rec
ep0 step 1330/3144 loss 0.334 kl 0.000 anchor 0.000 0.422s/rec
ep0 step 1340/3144 loss 0.148 kl 0.000 anchor 0.000 0.422s/rec
ep0 step 1350/3144 loss 0.355 kl 0.000 anchor 0.000 0.421s/rec
ep0 step 1360/3144 loss 0.549 kl 0.000 anchor 0.000 0.421s/rec
ep0 step 1370/3144 loss 0.529 kl 0.000 anchor 0.000 0.421s/rec
ep0 step 1380/3144 loss 0.321 kl 0.000 anchor 0.000 0.421s/rec
ep0 step 1390/3144 loss 0.520 kl 0.000 anchor 0.000 0.421s/rec
ep0 step 1400/3144 loss 0.507 kl 0.000 anchor 0.000 0.421s/rec
ep0 step 1410/3144 loss 0.362 kl 0.000 anchor 0.000 0.421s/rec
ep0 step 1420/3144 loss 0.513 kl 0.000 anchor 0.000 0.421s/rec
ep0 step 1430/3144 loss 0.347 kl 0.000 anchor 0.000 0.421s/rec
ep0 step 1440/3144 loss 0.562 kl 0.000 anchor 0.000 0.421s/rec
ep0 step 1450/3144 loss 0.332 kl 0.000 anchor 0.000 0.421s/rec
ep0 step 1460/3144 loss 0.379 kl 0.000 anchor 0.000 0.421s/rec
ep0 step 1470/3144 loss 0.247 kl 0.000 anchor 0.000 0.421s/rec
ep0 step 1480/3144 loss 0.400 kl 0.000 anchor 0.000 0.421s/rec
ep0 step 1490/3144 loss 0.401 kl 0.000 anchor 0.000 0.421s/rec
ep0 step 1500/3144 loss 0.792 kl 0.000 anchor 0.000 0.421s/rec
ep0 step 1510/3144 loss 0.310 kl 0.000 anchor 0.000 0.421s/rec
ep0 step 1520/3144 loss 0.622 kl 0.000 anchor 0.000 0.421s/rec
ep0 step 1530/3144 loss 0.311 kl 0.000 anchor 0.000 0.421s/rec
ep0 step 1540/3144 loss 0.327 kl 0.000 anchor 0.000 0.421s/rec
ep0 step 1550/3144 loss 0.326 kl 0.000 anchor 0.000 0.420s/rec
ep0 step 1560/3144 loss 0.414 kl 0.000 anchor 0.000 0.420s/rec
ep0 step 1570/3144 loss 0.378 kl 0.000 anchor 0.000 0.420s/rec
ep1 step 1580/3144 loss 0.225 kl 0.000 anchor 0.000 0.420s/rec
ep1 step 1590/3144 loss 0.408 kl 0.000 anchor 0.000 0.419s/rec
ep1 step 1600/3144 loss 0.161 kl 0.000 anchor 0.000 0.420s/rec
ep1 step 1610/3144 loss 0.302 kl 0.000 anchor 0.000 0.419s/rec
ep1 step 1620/3144 loss 0.128 kl 0.000 anchor 0.000 0.419s/rec
ep1 step 1630/3144 loss 0.277 kl 0.000 anchor 0.000 0.419s/rec
ep1 step 1640/3144 loss 0.272 kl 0.000 anchor 0.000 0.419s/rec
ep1 step 1650/3144 loss 0.343 kl 0.000 anchor 0.000 0.419s/rec
ep1 step 1660/3144 loss 0.274 kl 0.000 anchor 0.000 0.419s/rec
ep1 step 1670/3144 loss 0.209 kl 0.000 anchor 0.000 0.419s/rec
ep1 step 1680/3144 loss 0.508 kl 0.000 anchor 0.000 0.419s/rec
ep1 step 1690/3144 loss 0.323 kl 0.000 anchor 0.000 0.419s/rec
ep1 step 1700/3144 loss 0.496 kl 0.000 anchor 0.000 0.419s/rec
ep1 step 1710/3144 loss 0.268 kl 0.000 anchor 0.000 0.419s/rec
ep1 step 1720/3144 loss 0.363 kl 0.000 anchor 0.000 0.419s/rec
ep1 step 1730/3144 loss 0.268 kl 0.000 anchor 0.000 0.419s/rec
ep1 step 1740/3144 loss 0.340 kl 0.000 anchor 0.000 0.419s/rec
ep1 step 1750/3144 loss 0.234 kl 0.000 anchor 0.000 0.419s/rec
ep1 step 1760/3144 loss 0.202 kl 0.000 anchor 0.000 0.419s/rec
ep1 step 1770/3144 loss 0.191 kl 0.000 anchor 0.000 0.419s/rec
ep1 step 1780/3144 loss 0.381 kl 0.000 anchor 0.000 0.419s/rec
ep1 step 1790/3144 loss 0.285 kl 0.000 anchor 0.000 0.419s/rec
ep1 step 1800/3144 loss 0.232 kl 0.000 anchor 0.000 0.419s/rec
ep1 step 1810/3144 loss 0.232 kl 0.000 anchor 0.000 0.419s/rec
ep1 step 1820/3144 loss 0.249 kl 0.000 anchor 0.000 0.419s/rec
ep1 step 1830/3144 loss 0.207 kl 0.000 anchor 0.000 0.419s/rec
ep1 step 1840/3144 loss 0.370 kl 0.000 anchor 0.000 0.419s/rec
ep1 step 1850/3144 loss 0.281 kl 0.000 anchor 0.000 0.419s/rec
ep1 step 1860/3144 loss 0.465 kl 0.000 anchor 0.000 0.419s/rec
ep1 step 1870/3144 loss 0.279 kl 0.000 anchor 0.000 0.419s/rec
ep1 step 1880/3144 loss 0.298 kl 0.000 anchor 0.000 0.419s/rec
ep1 step 1890/3144 loss 0.148 kl 0.000 anchor 0.000 0.419s/rec
ep1 step 1900/3144 loss 0.603 kl 0.000 anchor 0.000 0.419s/rec
ep1 step 1910/3144 loss 0.153 kl 0.000 anchor 0.000 0.419s/rec
ep1 step 1920/3144 loss 0.234 kl 0.000 anchor 0.000 0.419s/rec
ep1 step 1930/3144 loss 0.328 kl 0.000 anchor 0.000 0.419s/rec
ep1 step 1940/3144 loss 0.241 kl 0.000 anchor 0.000 0.419s/rec
ep1 step 1950/3144 loss 0.264 kl 0.000 anchor 0.000 0.419s/rec
ep1 step 1960/3144 loss 0.213 kl 0.000 anchor 0.000 0.419s/rec
ep1 step 1970/3144 loss 0.323 kl 0.000 anchor 0.000 0.419s/rec
ep1 step 1980/3144 loss 0.193 kl 0.000 anchor 0.000 0.419s/rec
ep1 step 1990/3144 loss 0.363 kl 0.000 anchor 0.000 0.419s/rec
ep1 step 2000/3144 loss 0.269 kl 0.000 anchor 0.000 0.419s/rec
ep1 step 2010/3144 loss 0.211 kl 0.000 anchor 0.000 0.419s/rec
ep1 step 2020/3144 loss 0.235 kl 0.000 anchor 0.000 0.419s/rec
ep1 step 2030/3144 loss 0.401 kl 0.000 anchor 0.000 0.419s/rec
ep1 step 2040/3144 loss 0.215 kl 0.000 anchor 0.000 0.419s/rec
ep1 step 2050/3144 loss 0.682 kl 0.000 anchor 0.000 0.419s/rec
ep1 step 2060/3144 loss 0.231 kl 0.000 anchor 0.000 0.419s/rec
ep1 step 2070/3144 loss 0.113 kl 0.000 anchor 0.000 0.419s/rec
ep1 step 2080/3144 loss 0.265 kl 0.000 anchor 0.000 0.419s/rec
ep1 step 2090/3144 loss 0.340 kl 0.000 anchor 0.000 0.419s/rec
ep1 step 2100/3144 loss 0.372 kl 0.000 anchor 0.000 0.419s/rec
ep1 step 2110/3144 loss 0.227 kl 0.000 anchor 0.000 0.419s/rec
ep1 step 2120/3144 loss 0.133 kl 0.000 anchor 0.000 0.419s/rec
ep1 step 2130/3144 loss 0.131 kl 0.000 anchor 0.000 0.419s/rec
ep1 step 2140/3144 loss 0.109 kl 0.000 anchor 0.000 0.419s/rec
ep1 step 2150/3144 loss 0.096 kl 0.000 anchor 0.000 0.418s/rec
ep1 step 2160/3144 loss 0.378 kl 0.000 anchor 0.000 0.418s/rec
ep1 step 2170/3144 loss 0.176 kl 0.000 anchor 0.000 0.418s/rec
ep1 step 2180/3144 loss 0.339 kl 0.000 anchor 0.000 0.418s/rec
ep1 step 2190/3144 loss 0.533 kl 0.000 anchor 0.000 0.418s/rec
ep1 step 2200/3144 loss 0.255 kl 0.000 anchor 0.000 0.418s/rec
ep1 step 2210/3144 loss 0.263 kl 0.000 anchor 0.000 0.418s/rec
ep1 step 2220/3144 loss 0.177 kl 0.000 anchor 0.000 0.418s/rec
ep1 step 2230/3144 loss 0.235 kl 0.000 anchor 0.000 0.418s/rec
ep1 step 2240/3144 loss 0.159 kl 0.000 anchor 0.000 0.418s/rec
ep1 step 2250/3144 loss 0.139 kl 0.000 anchor 0.000 0.418s/rec
ep1 step 2260/3144 loss 0.181 kl 0.000 anchor 0.000 0.417s/rec
ep1 step 2270/3144 loss 0.465 kl 0.000 anchor 0.000 0.417s/rec
ep1 step 2280/3144 loss 0.369 kl 0.000 anchor 0.000 0.417s/rec
ep1 step 2290/3144 loss 0.225 kl 0.000 anchor 0.000 0.417s/rec
ep1 step 2300/3144 loss 0.202 kl 0.000 anchor 0.000 0.417s/rec
ep1 step 2310/3144 loss 0.197 kl 0.000 anchor 0.000 0.417s/rec
ep1 step 2320/3144 loss 0.390 kl 0.000 anchor 0.000 0.417s/rec
ep1 step 2330/3144 loss 0.270 kl 0.000 anchor 0.000 0.417s/rec
ep1 step 2340/3144 loss 0.313 kl 0.000 anchor 0.000 0.417s/rec
ep1 step 2350/3144 loss 0.264 kl 0.000 anchor 0.000 0.417s/rec
ep1 step 2360/3144 loss 0.183 kl 0.000 anchor 0.000 0.417s/rec
ep1 step 2370/3144 loss 0.405 kl 0.000 anchor 0.000 0.417s/rec
ep1 step 2380/3144 loss 0.259 kl 0.000 anchor 0.000 0.417s/rec
ep1 step 2390/3144 loss 0.176 kl 0.000 anchor 0.000 0.417s/rec
ep1 step 2400/3144 loss 0.125 kl 0.000 anchor 0.000 0.417s/rec
ep1 step 2410/3144 loss 0.309 kl 0.000 anchor 0.000 0.417s/rec
ep1 step 2420/3144 loss 0.200 kl 0.000 anchor 0.000 0.417s/rec
ep1 step 2430/3144 loss 0.561 kl 0.000 anchor 0.000 0.417s/rec
ep1 step 2440/3144 loss 0.128 kl 0.000 anchor 0.000 0.417s/rec
ep1 step 2450/3144 loss 0.254 kl 0.000 anchor 0.000 0.417s/rec
ep1 step 2460/3144 loss 0.267 kl 0.000 anchor 0.000 0.417s/rec
ep1 step 2470/3144 loss 0.215 kl 0.000 anchor 0.000 0.417s/rec
ep1 step 2480/3144 loss 0.219 kl 0.000 anchor 0.000 0.416s/rec
ep1 step 2490/3144 loss 0.249 kl 0.000 anchor 0.000 0.416s/rec
ep1 step 2500/3144 loss 0.128 kl 0.000 anchor 0.000 0.416s/rec
ep1 step 2510/3144 loss 0.381 kl 0.000 anchor 0.000 0.416s/rec
ep1 step 2520/3144 loss 0.071 kl 0.000 anchor 0.000 0.416s/rec
ep1 step 2530/3144 loss 0.137 kl 0.000 anchor 0.000 0.416s/rec
ep1 step 2540/3144 loss 0.141 kl 0.000 anchor 0.000 0.416s/rec
ep1 step 2550/3144 loss 0.477 kl 0.000 anchor 0.000 0.416s/rec
ep1 step 2560/3144 loss 0.137 kl 0.000 anchor 0.000 0.416s/rec
ep1 step 2570/3144 loss 0.549 kl 0.000 anchor 0.000 0.415s/rec
ep1 step 2580/3144 loss 0.208 kl 0.000 anchor 0.000 0.415s/rec
ep1 step 2590/3144 loss 0.338 kl 0.000 anchor 0.000 0.415s/rec
ep1 step 2600/3144 loss 0.178 kl 0.000 anchor 0.000 0.415s/rec
ep1 step 2610/3144 loss 0.512 kl 0.000 anchor 0.000 0.415s/rec
ep1 step 2620/3144 loss 0.495 kl 0.000 anchor 0.000 0.416s/rec
ep1 step 2630/3144 loss 0.247 kl 0.000 anchor 0.000 0.415s/rec
ep1 step 2640/3144 loss 0.167 kl 0.000 anchor 0.000 0.415s/rec
ep1 step 2650/3144 loss 0.177 kl 0.000 anchor 0.000 0.415s/rec
ep1 step 2660/3144 loss 0.230 kl 0.000 anchor 0.000 0.415s/rec
ep1 step 2670/3144 loss 0.471 kl 0.000 anchor 0.000 0.415s/rec
ep1 step 2680/3144 loss 0.153 kl 0.000 anchor 0.000 0.415s/rec
ep1 step 2690/3144 loss 0.202 kl 0.000 anchor 0.000 0.415s/rec
ep1 step 2700/3144 loss 0.152 kl 0.000 anchor 0.000 0.415s/rec
ep1 step 2710/3144 loss 0.337 kl 0.000 anchor 0.000 0.415s/rec
ep1 step 2720/3144 loss 0.119 kl 0.000 anchor 0.000 0.415s/rec
ep1 step 2730/3144 loss 0.268 kl 0.000 anchor 0.000 0.415s/rec
ep1 step 2740/3144 loss 0.340 kl 0.000 anchor 0.000 0.415s/rec
ep1 step 2750/3144 loss 0.206 kl 0.000 anchor 0.000 0.415s/rec
ep1 step 2760/3144 loss 0.287 kl 0.000 anchor 0.000 0.415s/rec
ep1 step 2770/3144 loss 0.122 kl 0.000 anchor 0.000 0.415s/rec
ep1 step 2780/3144 loss 0.379 kl 0.000 anchor 0.000 0.415s/rec
ep1 step 2790/3144 loss 0.282 kl 0.000 anchor 0.000 0.415s/rec
ep1 step 2800/3144 loss 0.125 kl 0.000 anchor 0.000 0.415s/rec
ep1 step 2810/3144 loss 0.169 kl 0.000 anchor 0.000 0.415s/rec
ep1 step 2820/3144 loss 0.375 kl 0.000 anchor 0.000 0.415s/rec
ep1 step 2830/3144 loss 0.266 kl 0.000 anchor 0.000 0.415s/rec
ep1 step 2840/3144 loss 0.161 kl 0.000 anchor 0.000 0.415s/rec
ep1 step 2850/3144 loss 0.174 kl 0.000 anchor 0.000 0.415s/rec
ep1 step 2860/3144 loss 0.391 kl 0.000 anchor 0.000 0.415s/rec
ep1 step 2870/3144 loss 0.684 kl 0.000 anchor 0.000 0.415s/rec
ep1 step 2880/3144 loss 0.217 kl 0.000 anchor 0.000 0.415s/rec
ep1 step 2890/3144 loss 0.248 kl 0.000 anchor 0.000 0.415s/rec
ep1 step 2900/3144 loss 0.184 kl 0.000 anchor 0.000 0.415s/rec
ep1 step 2910/3144 loss 0.351 kl 0.000 anchor 0.000 0.415s/rec
ep1 step 2920/3144 loss 0.320 kl 0.000 anchor 0.000 0.414s/rec
ep1 step 2930/3144 loss 0.280 kl 0.000 anchor 0.000 0.414s/rec
ep1 step 2940/3144 loss 0.232 kl 0.000 anchor 0.000 0.414s/rec
ep1 step 2950/3144 loss 0.210 kl 0.000 anchor 0.000 0.414s/rec
ep1 step 2960/3144 loss 0.431 kl 0.000 anchor 0.000 0.414s/rec
ep1 step 2970/3144 loss 0.202 kl 0.000 anchor 0.000 0.414s/rec
ep1 step 2980/3144 loss 0.235 kl 0.000 anchor 0.000 0.414s/rec
ep1 step 2990/3144 loss 0.230 kl 0.000 anchor 0.000 0.414s/rec
ep1 step 3000/3144 loss 0.230 kl 0.000 anchor 0.000 0.414s/rec
ep1 step 3010/3144 loss 0.365 kl 0.000 anchor 0.000 0.414s/rec
ep1 step 3020/3144 loss 0.182 kl 0.000 anchor 0.000 0.414s/rec
ep1 step 3030/3144 loss 0.123 kl 0.000 anchor 0.000 0.414s/rec
ep1 step 3040/3144 loss 0.362 kl 0.000 anchor 0.000 0.414s/rec
ep1 step 3050/3144 loss 0.217 kl 0.000 anchor 0.000 0.414s/rec
ep1 step 3060/3144 loss 0.182 kl 0.000 anchor 0.000 0.414s/rec
ep1 step 3070/3144 loss 0.258 kl 0.000 anchor 0.000 0.414s/rec
ep1 step 3080/3144 loss 0.138 kl 0.000 anchor 0.000 0.414s/rec
ep1 step 3090/3144 loss 0.261 kl 0.000 anchor 0.000 0.414s/rec
ep1 step 3100/3144 loss 0.179 kl 0.000 anchor 0.000 0.414s/rec
ep1 step 3110/3144 loss 0.122 kl 0.000 anchor 0.000 0.414s/rec
ep1 step 3120/3144 loss 0.239 kl 0.000 anchor 0.000 0.414s/rec
ep1 step 3130/3144 loss 0.250 kl 0.000 anchor 0.000 0.414s/rec
ep1 step 3140/3144 loss 0.273 kl 0.000 anchor 0.000 0.414s/rec
saved /runs/r6-27b-2ep/00-trial-0/checkpoint
