Warning: You are sending unauthenticated requests to the HF Hub. Please set a HF_TOKEN to enable higher rate limits and faster downloads.
device=cuda trainable params=119.3M
12576 training requests (holdout=[]), questions by type {'score': 3448, 'noul': 5224, 'choice': 6904}
[transformers] `causal_conv1d_fn` is falling back to its reference PyTorch implementation because `causal_conv1d` is not installed. This is correct but much slower; install `causal_conv1d` for the optimized kernel.
ep0 step 10/1572 loss 2.063 kl 0.000 anchor 0.000 2.437s/rec
ep0 step 20/1572 loss 1.520 kl 0.000 anchor 0.000 1.486s/rec
ep0 step 30/1572 loss 1.672 kl 0.000 anchor 0.000 1.110s/rec
ep0 step 40/1572 loss 1.491 kl 0.000 anchor 0.000 0.911s/rec
ep0 step 50/1572 loss 1.568 kl 0.000 anchor 0.000 0.823s/rec
ep0 step 60/1572 loss 1.365 kl 0.000 anchor 0.000 0.749s/rec
ep0 step 70/1572 loss 1.110 kl 0.000 anchor 0.000 0.703s/rec
ep0 step 80/1572 loss 0.982 kl 0.000 anchor 0.000 0.666s/rec
ep0 step 90/1572 loss 0.760 kl 0.000 anchor 0.000 0.635s/rec
ep0 step 100/1572 loss 0.987 kl 0.000 anchor 0.000 0.616s/rec
ep0 step 110/1572 loss 0.896 kl 0.000 anchor 0.000 0.601s/rec
ep0 step 120/1572 loss 0.600 kl 0.000 anchor 0.000 0.590s/rec
ep0 step 130/1572 loss 0.842 kl 0.000 anchor 0.000 0.574s/rec
ep0 step 140/1572 loss 0.657 kl 0.000 anchor 0.000 0.569s/rec
ep0 step 150/1572 loss 1.103 kl 0.000 anchor 0.000 0.573s/rec
ep0 step 160/1572 loss 0.451 kl 0.000 anchor 0.000 0.564s/rec
ep0 step 170/1572 loss 0.573 kl 0.000 anchor 0.000 0.555s/rec
ep0 step 180/1572 loss 0.832 kl 0.000 anchor 0.000 0.550s/rec
ep0 step 190/1572 loss 0.565 kl 0.000 anchor 0.000 0.541s/rec
ep0 step 200/1572 loss 0.581 kl 0.000 anchor 0.000 0.535s/rec
ep0 step 210/1572 loss 0.742 kl 0.000 anchor 0.000 0.532s/rec
ep0 step 220/1572 loss 0.505 kl 0.000 anchor 0.000 0.526s/rec
ep0 step 230/1572 loss 0.441 kl 0.000 anchor 0.000 0.522s/rec
ep0 step 240/1572 loss 0.764 kl 0.000 anchor 0.000 0.518s/rec
ep0 step 250/1572 loss 0.501 kl 0.000 anchor 0.000 0.515s/rec
ep0 step 260/1572 loss 0.296 kl 0.000 anchor 0.000 0.512s/rec
ep0 step 270/1572 loss 0.783 kl 0.000 anchor 0.000 0.509s/rec
ep0 step 280/1572 loss 0.636 kl 0.000 anchor 0.000 0.507s/rec
ep0 step 290/1572 loss 0.650 kl 0.000 anchor 0.000 0.505s/rec
ep0 step 300/1572 loss 0.646 kl 0.000 anchor 0.000 0.502s/rec
ep0 step 310/1572 loss 0.506 kl 0.000 anchor 0.000 0.500s/rec
ep0 step 320/1572 loss 0.561 kl 0.000 anchor 0.000 0.499s/rec
ep0 step 330/1572 loss 0.544 kl 0.000 anchor 0.000 0.497s/rec
ep0 step 340/1572 loss 0.366 kl 0.000 anchor 0.000 0.496s/rec
ep0 step 350/1572 loss 0.414 kl 0.000 anchor 0.000 0.496s/rec
ep0 step 360/1572 loss 0.586 kl 0.000 anchor 0.000 0.494s/rec
ep0 step 370/1572 loss 0.480 kl 0.000 anchor 0.000 0.493s/rec
ep0 step 380/1572 loss 0.499 kl 0.000 anchor 0.000 0.490s/rec
ep0 step 390/1572 loss 0.485 kl 0.000 anchor 0.000 0.488s/rec
ep0 step 400/1572 loss 0.630 kl 0.000 anchor 0.000 0.487s/rec
ep0 step 410/1572 loss 0.452 kl 0.000 anchor 0.000 0.486s/rec
ep0 step 420/1572 loss 0.330 kl 0.000 anchor 0.000 0.485s/rec
ep0 step 430/1572 loss 0.766 kl 0.000 anchor 0.000 0.484s/rec
ep0 step 440/1572 loss 0.386 kl 0.000 anchor 0.000 0.483s/rec
ep0 step 450/1572 loss 0.424 kl 0.000 anchor 0.000 0.482s/rec
ep0 step 460/1572 loss 0.446 kl 0.000 anchor 0.000 0.481s/rec
ep0 step 470/1572 loss 0.453 kl 0.000 anchor 0.000 0.481s/rec
ep0 step 480/1572 loss 0.461 kl 0.000 anchor 0.000 0.479s/rec
ep0 step 490/1572 loss 0.448 kl 0.000 anchor 0.000 0.478s/rec
ep0 step 500/1572 loss 0.445 kl 0.000 anchor 0.000 0.477s/rec
ep0 step 510/1572 loss 0.360 kl 0.000 anchor 0.000 0.477s/rec
ep0 step 520/1572 loss 0.420 kl 0.000 anchor 0.000 0.476s/rec
ep0 step 530/1572 loss 0.526 kl 0.000 anchor 0.000 0.474s/rec
ep0 step 540/1572 loss 0.622 kl 0.000 anchor 0.000 0.474s/rec
ep0 step 550/1572 loss 0.439 kl 0.000 anchor 0.000 0.473s/rec
ep0 step 560/1572 loss 0.533 kl 0.000 anchor 0.000 0.473s/rec
ep0 step 570/1572 loss 0.408 kl 0.000 anchor 0.000 0.472s/rec
ep0 step 580/1572 loss 0.490 kl 0.000 anchor 0.000 0.471s/rec
ep0 step 590/1572 loss 0.420 kl 0.000 anchor 0.000 0.470s/rec
ep0 step 600/1572 loss 0.270 kl 0.000 anchor 0.000 0.469s/rec
ep0 step 610/1572 loss 0.410 kl 0.000 anchor 0.000 0.469s/rec
ep0 step 620/1572 loss 0.450 kl 0.000 anchor 0.000 0.468s/rec
ep0 step 630/1572 loss 0.457 kl 0.000 anchor 0.000 0.468s/rec
ep0 step 640/1572 loss 0.312 kl 0.000 anchor 0.000 0.468s/rec
ep0 step 650/1572 loss 0.541 kl 0.000 anchor 0.000 0.467s/rec
ep0 step 660/1572 loss 0.536 kl 0.000 anchor 0.000 0.466s/rec
ep0 step 670/1572 loss 0.427 kl 0.000 anchor 0.000 0.466s/rec
ep0 step 680/1572 loss 0.368 kl 0.000 anchor 0.000 0.466s/rec
ep0 step 690/1572 loss 0.424 kl 0.000 anchor 0.000 0.465s/rec
ep0 step 700/1572 loss 0.412 kl 0.000 anchor 0.000 0.465s/rec
ep0 step 710/1572 loss 0.462 kl 0.000 anchor 0.000 0.464s/rec
ep0 step 720/1572 loss 0.628 kl 0.000 anchor 0.000 0.464s/rec
ep0 step 730/1572 loss 0.564 kl 0.000 anchor 0.000 0.463s/rec
ep0 step 740/1572 loss 0.472 kl 0.000 anchor 0.000 0.463s/rec
ep0 step 750/1572 loss 0.319 kl 0.000 anchor 0.000 0.462s/rec
ep0 step 760/1572 loss 0.541 kl 0.000 anchor 0.000 0.462s/rec
ep0 step 770/1572 loss 0.489 kl 0.000 anchor 0.000 0.462s/rec
ep0 step 780/1572 loss 0.454 kl 0.000 anchor 0.000 0.461s/rec
ep0 step 790/1572 loss 0.322 kl 0.000 anchor 0.000 0.461s/rec
ep0 step 800/1572 loss 0.511 kl 0.000 anchor 0.000 0.460s/rec
ep0 step 810/1572 loss 0.776 kl 0.000 anchor 0.000 0.460s/rec
ep0 step 820/1572 loss 0.324 kl 0.000 anchor 0.000 0.460s/rec
ep0 step 830/1572 loss 0.370 kl 0.000 anchor 0.000 0.460s/rec
ep0 step 840/1572 loss 0.486 kl 0.000 anchor 0.000 0.459s/rec
ep0 step 850/1572 loss 0.432 kl 0.000 anchor 0.000 0.459s/rec
ep0 step 860/1572 loss 0.464 kl 0.000 anchor 0.000 0.458s/rec
ep0 step 870/1572 loss 0.594 kl 0.000 anchor 0.000 0.458s/rec
ep0 step 880/1572 loss 0.478 kl 0.000 anchor 0.000 0.457s/rec
ep0 step 890/1572 loss 0.513 kl 0.000 anchor 0.000 0.457s/rec
ep0 step 900/1572 loss 0.348 kl 0.000 anchor 0.000 0.457s/rec
ep0 step 910/1572 loss 0.644 kl 0.000 anchor 0.000 0.456s/rec
ep0 step 920/1572 loss 0.281 kl 0.000 anchor 0.000 0.456s/rec
ep0 step 930/1572 loss 0.447 kl 0.000 anchor 0.000 0.455s/rec
ep0 step 940/1572 loss 0.384 kl 0.000 anchor 0.000 0.455s/rec
ep0 step 950/1572 loss 0.447 kl 0.000 anchor 0.000 0.455s/rec
ep0 step 960/1572 loss 0.364 kl 0.000 anchor 0.000 0.454s/rec
ep0 step 970/1572 loss 0.292 kl 0.000 anchor 0.000 0.454s/rec
ep0 step 980/1572 loss 0.751 kl 0.000 anchor 0.000 0.454s/rec
ep0 step 990/1572 loss 0.348 kl 0.000 anchor 0.000 0.453s/rec
ep0 step 1000/1572 loss 0.509 kl 0.000 anchor 0.000 0.452s/rec
ep0 step 1010/1572 loss 0.372 kl 0.000 anchor 0.000 0.452s/rec
ep0 step 1020/1572 loss 0.439 kl 0.000 anchor 0.000 0.452s/rec
ep0 step 1030/1572 loss 0.483 kl 0.000 anchor 0.000 0.452s/rec
ep0 step 1040/1572 loss 0.494 kl 0.000 anchor 0.000 0.451s/rec
ep0 step 1050/1572 loss 0.891 kl 0.000 anchor 0.000 0.452s/rec
ep0 step 1060/1572 loss 0.576 kl 0.000 anchor 0.000 0.451s/rec
ep0 step 1070/1572 loss 0.468 kl 0.000 anchor 0.000 0.451s/rec
ep0 step 1080/1572 loss 0.440 kl 0.000 anchor 0.000 0.451s/rec
ep0 step 1090/1572 loss 0.335 kl 0.000 anchor 0.000 0.451s/rec
ep0 step 1100/1572 loss 0.476 kl 0.000 anchor 0.000 0.451s/rec
ep0 step 1110/1572 loss 0.479 kl 0.000 anchor 0.000 0.451s/rec
ep0 step 1120/1572 loss 0.556 kl 0.000 anchor 0.000 0.450s/rec
ep0 step 1130/1572 loss 0.344 kl 0.000 anchor 0.000 0.450s/rec
ep0 step 1140/1572 loss 0.456 kl 0.000 anchor 0.000 0.450s/rec
ep0 step 1150/1572 loss 0.549 kl 0.000 anchor 0.000 0.450s/rec
ep0 step 1160/1572 loss 0.455 kl 0.000 anchor 0.000 0.449s/rec
ep0 step 1170/1572 loss 0.380 kl 0.000 anchor 0.000 0.449s/rec
ep0 step 1180/1572 loss 0.523 kl 0.000 anchor 0.000 0.449s/rec
ep0 step 1190/1572 loss 0.398 kl 0.000 anchor 0.000 0.449s/rec
ep0 step 1200/1572 loss 0.215 kl 0.000 anchor 0.000 0.449s/rec
ep0 step 1210/1572 loss 0.195 kl 0.000 anchor 0.000 0.449s/rec
ep0 step 1220/1572 loss 0.596 kl 0.000 anchor 0.000 0.449s/rec
ep0 step 1230/1572 loss 0.314 kl 0.000 anchor 0.000 0.449s/rec
ep0 step 1240/1572 loss 0.407 kl 0.000 anchor 0.000 0.449s/rec
ep0 step 1250/1572 loss 0.508 kl 0.000 anchor 0.000 0.449s/rec
ep0 step 1260/1572 loss 0.417 kl 0.000 anchor 0.000 0.448s/rec
ep0 step 1270/1572 loss 0.456 kl 0.000 anchor 0.000 0.448s/rec
ep0 step 1280/1572 loss 0.383 kl 0.000 anchor 0.000 0.448s/rec
ep0 step 1290/1572 loss 0.324 kl 0.000 anchor 0.000 0.448s/rec
ep0 step 1300/1572 loss 0.316 kl 0.000 anchor 0.000 0.448s/rec
ep0 step 1310/1572 loss 0.295 kl 0.000 anchor 0.000 0.448s/rec
ep0 step 1320/1572 loss 0.279 kl 0.000 anchor 0.000 0.448s/rec
ep0 step 1330/1572 loss 0.353 kl 0.000 anchor 0.000 0.448s/rec
ep0 step 1340/1572 loss 0.361 kl 0.000 anchor 0.000 0.447s/rec
ep0 step 1350/1572 loss 0.330 kl 0.000 anchor 0.000 0.447s/rec
ep0 step 1360/1572 loss 0.319 kl 0.000 anchor 0.000 0.447s/rec
ep0 step 1370/1572 loss 0.536 kl 0.000 anchor 0.000 0.447s/rec
ep0 step 1380/1572 loss 0.310 kl 0.000 anchor 0.000 0.447s/rec
ep0 step 1390/1572 loss 0.413 kl 0.000 anchor 0.000 0.447s/rec
ep0 step 1400/1572 loss 0.536 kl 0.000 anchor 0.000 0.447s/rec
ep0 step 1410/1572 loss 0.190 kl 0.000 anchor 0.000 0.447s/rec
ep0 step 1420/1572 loss 0.514 kl 0.000 anchor 0.000 0.447s/rec
ep0 step 1430/1572 loss 0.379 kl 0.000 anchor 0.000 0.447s/rec
ep0 step 1440/1572 loss 0.369 kl 0.000 anchor 0.000 0.447s/rec
ep0 step 1450/1572 loss 0.349 kl 0.000 anchor 0.000 0.447s/rec
ep0 step 1460/1572 loss 0.452 kl 0.000 anchor 0.000 0.446s/rec
ep0 step 1470/1572 loss 0.285 kl 0.000 anchor 0.000 0.446s/rec
ep0 step 1480/1572 loss 0.347 kl 0.000 anchor 0.000 0.446s/rec
ep0 step 1490/1572 loss 0.281 kl 0.000 anchor 0.000 0.446s/rec
ep0 step 1500/1572 loss 0.325 kl 0.000 anchor 0.000 0.446s/rec
ep0 step 1510/1572 loss 0.311 kl 0.000 anchor 0.000 0.446s/rec
ep0 step 1520/1572 loss 0.267 kl 0.000 anchor 0.000 0.446s/rec
ep0 step 1530/1572 loss 0.267 kl 0.000 anchor 0.000 0.446s/rec
ep0 step 1540/1572 loss 0.320 kl 0.000 anchor 0.000 0.446s/rec
ep0 step 1550/1572 loss 0.460 kl 0.000 anchor 0.000 0.446s/rec
ep0 step 1560/1572 loss 0.283 kl 0.000 anchor 0.000 0.446s/rec
ep0 step 1570/1572 loss 0.412 kl 0.000 anchor 0.000 0.446s/rec
saved /runs/r6-27b/02-trial-2/checkpoint
