Warning: You are sending unauthenticated requests to the HF Hub. Please set a HF_TOKEN to enable higher rate limits and faster downloads.
delta: warm start from /__modal/volumes/vo-kEMu8BkBAIrorAQI6V8f2D/hub/models--jaredpalmer--kev-9b/snapshots/2629c06a5aeb0feb3b9783bafed17ed8f39ecf5c: 496 adapter tensors and the pointer head loaded
device=cuda trainable params=45.4M
replay: 2000 of 12576 suite training records mixed with 4538 from evals/round5/combined-v1/soft.jsonl
6538 training requests (holdout=[]), questions by type {'choice': 3222, 'score': 2312, 'noul': 2992}
[transformers] `causal_conv1d_fn` is falling back to its reference PyTorch implementation because `causal_conv1d` is not installed. This is correct but much slower; install `causal_conv1d` for the optimized kernel.
ep0 step 10/818 loss 1.316 kl 0.000 anchor 0.000 1.000s/rec
ep0 step 20/818 loss 1.676 kl 0.000 anchor 0.000 0.992s/rec
ep0 step 30/818 loss 1.263 kl 0.000 anchor 0.000 0.984s/rec
ep0 step 40/818 loss 1.214 kl 0.000 anchor 0.000 0.940s/rec
ep0 step 50/818 loss 0.908 kl 0.000 anchor 0.000 0.900s/rec
ep0 step 60/818 loss 0.874 kl 0.000 anchor 0.000 0.893s/rec
ep0 step 70/818 loss 0.700 kl 0.000 anchor 0.000 0.850s/rec
ep0 step 80/818 loss 0.886 kl 0.000 anchor 0.000 0.874s/rec
ep0 step 90/818 loss 0.615 kl 0.000 anchor 0.000 0.877s/rec
ep0 step 100/818 loss 0.718 kl 0.000 anchor 0.000 0.865s/rec
ep0 step 110/818 loss 0.648 kl 0.000 anchor 0.000 0.859s/rec
ep0 step 120/818 loss 0.667 kl 0.000 anchor 0.000 0.862s/rec
ep0 step 130/818 loss 0.867 kl 0.000 anchor 0.000 0.875s/rec
ep0 step 140/818 loss 0.837 kl 0.000 anchor 0.000 0.883s/rec
ep0 step 150/818 loss 0.735 kl 0.000 anchor 0.000 0.895s/rec
ep0 step 160/818 loss 0.722 kl 0.000 anchor 0.000 0.892s/rec
ep0 step 170/818 loss 0.690 kl 0.000 anchor 0.000 0.884s/rec
ep0 step 180/818 loss 0.747 kl 0.000 anchor 0.000 0.886s/rec
ep0 step 190/818 loss 0.831 kl 0.000 anchor 0.000 0.889s/rec
ep0 step 200/818 loss 0.913 kl 0.000 anchor 0.000 0.898s/rec
ep0 step 210/818 loss 0.835 kl 0.000 anchor 0.000 0.896s/rec
ep0 step 220/818 loss 0.544 kl 0.000 anchor 0.000 0.894s/rec
ep0 step 230/818 loss 0.843 kl 0.000 anchor 0.000 0.895s/rec
ep0 step 240/818 loss 0.806 kl 0.000 anchor 0.000 0.892s/rec
ep0 step 250/818 loss 0.630 kl 0.000 anchor 0.000 0.889s/rec
ep0 step 260/818 loss 0.764 kl 0.000 anchor 0.000 0.889s/rec
ep0 step 270/818 loss 0.632 kl 0.000 anchor 0.000 0.889s/rec
ep0 step 280/818 loss 0.727 kl 0.000 anchor 0.000 0.890s/rec
ep0 step 290/818 loss 0.688 kl 0.000 anchor 0.000 0.889s/rec
ep0 step 300/818 loss 0.767 kl 0.000 anchor 0.000 0.889s/rec
ep0 step 310/818 loss 0.660 kl 0.000 anchor 0.000 0.882s/rec
ep0 step 320/818 loss 0.823 kl 0.000 anchor 0.000 0.882s/rec
ep0 step 330/818 loss 0.620 kl 0.000 anchor 0.000 0.880s/rec
ep0 step 340/818 loss 0.759 kl 0.000 anchor 0.000 0.880s/rec
ep0 step 350/818 loss 0.696 kl 0.000 anchor 0.000 0.877s/rec
ep0 step 360/818 loss 0.701 kl 0.000 anchor 0.000 0.874s/rec
ep0 step 370/818 loss 0.731 kl 0.000 anchor 0.000 0.875s/rec
ep0 step 380/818 loss 0.683 kl 0.000 anchor 0.000 0.879s/rec
ep0 step 390/818 loss 0.636 kl 0.000 anchor 0.000 0.875s/rec
ep0 step 400/818 loss 0.704 kl 0.000 anchor 0.000 0.877s/rec
ep0 step 410/818 loss 0.658 kl 0.000 anchor 0.000 0.876s/rec
ep0 step 420/818 loss 0.491 kl 0.000 anchor 0.000 0.871s/rec
ep0 step 430/818 loss 0.551 kl 0.000 anchor 0.000 0.870s/rec
ep0 step 440/818 loss 0.513 kl 0.000 anchor 0.000 0.869s/rec
ep0 step 450/818 loss 0.677 kl 0.000 anchor 0.000 0.868s/rec
ep0 step 460/818 loss 0.641 kl 0.000 anchor 0.000 0.864s/rec
ep0 step 470/818 loss 0.750 kl 0.000 anchor 0.000 0.863s/rec
ep0 step 480/818 loss 0.831 kl 0.000 anchor 0.000 0.865s/rec
ep0 step 490/818 loss 0.671 kl 0.000 anchor 0.000 0.862s/rec
ep0 step 500/818 loss 0.687 kl 0.000 anchor 0.000 0.863s/rec
ep0 step 510/818 loss 0.489 kl 0.000 anchor 0.000 0.866s/rec
ep0 step 520/818 loss 0.582 kl 0.000 anchor 0.000 0.866s/rec
ep0 step 530/818 loss 0.630 kl 0.000 anchor 0.000 0.867s/rec
ep0 step 540/818 loss 0.660 kl 0.000 anchor 0.000 0.868s/rec
ep0 step 550/818 loss 0.568 kl 0.000 anchor 0.000 0.867s/rec
ep0 step 560/818 loss 0.551 kl 0.000 anchor 0.000 0.869s/rec
ep0 step 570/818 loss 0.624 kl 0.000 anchor 0.000 0.866s/rec
ep0 step 580/818 loss 0.655 kl 0.000 anchor 0.000 0.867s/rec
ep0 step 590/818 loss 0.668 kl 0.000 anchor 0.000 0.866s/rec
ep0 step 600/818 loss 0.723 kl 0.000 anchor 0.000 0.869s/rec
ep0 step 610/818 loss 0.714 kl 0.000 anchor 0.000 0.871s/rec
ep0 step 620/818 loss 0.774 kl 0.000 anchor 0.000 0.869s/rec
ep0 step 630/818 loss 0.521 kl 0.000 anchor 0.000 0.869s/rec
ep0 step 640/818 loss 0.499 kl 0.000 anchor 0.000 0.871s/rec
ep0 step 650/818 loss 0.612 kl 0.000 anchor 0.000 0.872s/rec
ep0 step 660/818 loss 0.839 kl 0.000 anchor 0.000 0.873s/rec
ep0 step 670/818 loss 0.562 kl 0.000 anchor 0.000 0.871s/rec
ep0 step 680/818 loss 0.643 kl 0.000 anchor 0.000 0.873s/rec
ep0 step 690/818 loss 0.824 kl 0.000 anchor 0.000 0.870s/rec
ep0 step 700/818 loss 0.747 kl 0.000 anchor 0.000 0.870s/rec
ep0 step 710/818 loss 0.723 kl 0.000 anchor 0.000 0.873s/rec
ep0 step 720/818 loss 0.535 kl 0.000 anchor 0.000 0.873s/rec
ep0 step 730/818 loss 0.569 kl 0.000 anchor 0.000 0.872s/rec
ep0 step 740/818 loss 0.607 kl 0.000 anchor 0.000 0.870s/rec
ep0 step 750/818 loss 0.744 kl 0.000 anchor 0.000 0.871s/rec
ep0 step 760/818 loss 0.676 kl 0.000 anchor 0.000 0.872s/rec
ep0 step 770/818 loss 0.734 kl 0.000 anchor 0.000 0.874s/rec
ep0 step 780/818 loss 0.788 kl 0.000 anchor 0.000 0.877s/rec
ep0 step 790/818 loss 0.526 kl 0.000 anchor 0.000 0.877s/rec
ep0 step 800/818 loss 0.597 kl 0.000 anchor 0.000 0.877s/rec
ep0 step 810/818 loss 0.585 kl 0.000 anchor 0.000 0.875s/rec
saved /runs/r6-9b/06-trial-6/checkpoint
