Warning: You are sending unauthenticated requests to the HF Hub. Please set a HF_TOKEN to enable higher rate limits and faster downloads.
delta: warm start from /__modal/volumes/vo-kEMu8BkBAIrorAQI6V8f2D/hub/models--jaredpalmer--kev-9b/snapshots/2629c06a5aeb0feb3b9783bafed17ed8f39ecf5c: 496 adapter tensors and the pointer head loaded
device=cuda trainable params=45.4M
replay: 6000 of 12576 suite training records mixed with 4538 from evals/round5/combined-v1/soft.jsonl
10538 training requests (holdout=[]), questions by type {'choice': 5388, 'score': 3432, 'noul': 4670}
[transformers] `causal_conv1d_fn` is falling back to its reference PyTorch implementation because `causal_conv1d` is not installed. This is correct but much slower; install `causal_conv1d` for the optimized kernel.
ep0 step 10/1318 loss 0.560 kl 0.000 anchor 0.000 3.651s/rec
ep0 step 20/1318 loss 0.714 kl 0.000 anchor 0.000 2.321s/rec
ep0 step 30/1318 loss 0.757 kl 0.000 anchor 0.000 1.940s/rec
ep0 step 40/1318 loss 1.230 kl 0.000 anchor 0.000 1.714s/rec
ep0 step 50/1318 loss 0.491 kl 0.000 anchor 0.000 1.540s/rec
ep0 step 60/1318 loss 0.784 kl 0.000 anchor 0.000 1.435s/rec
ep0 step 70/1318 loss 0.614 kl 0.000 anchor 0.000 1.320s/rec
ep0 step 80/1318 loss 0.614 kl 0.000 anchor 0.000 1.327s/rec
ep0 step 90/1318 loss 0.808 kl 0.000 anchor 0.000 1.287s/rec
ep0 step 100/1318 loss 0.739 kl 0.000 anchor 0.000 1.225s/rec
ep0 step 110/1318 loss 0.675 kl 0.000 anchor 0.000 1.187s/rec
ep0 step 120/1318 loss 0.603 kl 0.000 anchor 0.000 1.149s/rec
ep0 step 130/1318 loss 0.545 kl 0.000 anchor 0.000 1.107s/rec
ep0 step 140/1318 loss 0.510 kl 0.000 anchor 0.000 1.090s/rec
ep0 step 150/1318 loss 0.406 kl 0.000 anchor 0.000 1.054s/rec
ep0 step 160/1318 loss 0.688 kl 0.000 anchor 0.000 1.026s/rec
ep0 step 170/1318 loss 0.457 kl 0.000 anchor 0.000 0.995s/rec
ep0 step 180/1318 loss 0.410 kl 0.000 anchor 0.000 0.985s/rec
ep0 step 190/1318 loss 0.449 kl 0.000 anchor 0.000 0.971s/rec
ep0 step 200/1318 loss 0.541 kl 0.000 anchor 0.000 0.955s/rec
ep0 step 210/1318 loss 0.382 kl 0.000 anchor 0.000 0.941s/rec
ep0 step 220/1318 loss 0.628 kl 0.000 anchor 0.000 0.943s/rec
ep0 step 230/1318 loss 0.636 kl 0.000 anchor 0.000 0.932s/rec
ep0 step 240/1318 loss 0.506 kl 0.000 anchor 0.000 0.920s/rec
ep0 step 250/1318 loss 0.422 kl 0.000 anchor 0.000 0.908s/rec
ep0 step 260/1318 loss 0.637 kl 0.000 anchor 0.000 0.899s/rec
ep0 step 270/1318 loss 0.372 kl 0.000 anchor 0.000 0.894s/rec
ep0 step 280/1318 loss 0.558 kl 0.000 anchor 0.000 0.883s/rec
ep0 step 290/1318 loss 0.450 kl 0.000 anchor 0.000 0.875s/rec
ep0 step 300/1318 loss 0.755 kl 0.000 anchor 0.000 0.866s/rec
ep0 step 310/1318 loss 0.512 kl 0.000 anchor 0.000 0.858s/rec
ep0 step 320/1318 loss 0.503 kl 0.000 anchor 0.000 0.856s/rec
ep0 step 330/1318 loss 0.475 kl 0.000 anchor 0.000 0.853s/rec
ep0 step 340/1318 loss 0.656 kl 0.000 anchor 0.000 0.848s/rec
ep0 step 350/1318 loss 0.310 kl 0.000 anchor 0.000 0.849s/rec
ep0 step 360/1318 loss 0.703 kl 0.000 anchor 0.000 0.840s/rec
ep0 step 370/1318 loss 0.531 kl 0.000 anchor 0.000 0.839s/rec
ep0 step 380/1318 loss 0.505 kl 0.000 anchor 0.000 0.831s/rec
ep0 step 390/1318 loss 0.496 kl 0.000 anchor 0.000 0.827s/rec
ep0 step 400/1318 loss 0.542 kl 0.000 anchor 0.000 0.826s/rec
ep0 step 410/1318 loss 0.421 kl 0.000 anchor 0.000 0.820s/rec
ep0 step 420/1318 loss 0.537 kl 0.000 anchor 0.000 0.820s/rec
ep0 step 430/1318 loss 0.513 kl 0.000 anchor 0.000 0.819s/rec
ep0 step 440/1318 loss 0.416 kl 0.000 anchor 0.000 0.814s/rec
ep0 step 450/1318 loss 0.461 kl 0.000 anchor 0.000 0.816s/rec
ep0 step 460/1318 loss 0.521 kl 0.000 anchor 0.000 0.813s/rec
ep0 step 470/1318 loss 0.589 kl 0.000 anchor 0.000 0.809s/rec
ep0 step 480/1318 loss 0.460 kl 0.000 anchor 0.000 0.806s/rec
ep0 step 490/1318 loss 0.380 kl 0.000 anchor 0.000 0.804s/rec
ep0 step 500/1318 loss 0.686 kl 0.000 anchor 0.000 0.806s/rec
ep0 step 510/1318 loss 0.586 kl 0.000 anchor 0.000 0.807s/rec
ep0 step 520/1318 loss 0.394 kl 0.000 anchor 0.000 0.803s/rec
ep0 step 530/1318 loss 0.401 kl 0.000 anchor 0.000 0.799s/rec
ep0 step 540/1318 loss 0.505 kl 0.000 anchor 0.000 0.799s/rec
ep0 step 550/1318 loss 0.474 kl 0.000 anchor 0.000 0.795s/rec
ep0 step 560/1318 loss 0.289 kl 0.000 anchor 0.000 0.793s/rec
ep0 step 570/1318 loss 0.529 kl 0.000 anchor 0.000 0.793s/rec
ep0 step 580/1318 loss 0.489 kl 0.000 anchor 0.000 0.792s/rec
ep0 step 590/1318 loss 0.344 kl 0.000 anchor 0.000 0.789s/rec
ep0 step 600/1318 loss 0.362 kl 0.000 anchor 0.000 0.785s/rec
ep0 step 610/1318 loss 0.833 kl 0.000 anchor 0.000 0.784s/rec
ep0 step 620/1318 loss 0.478 kl 0.000 anchor 0.000 0.785s/rec
ep0 step 630/1318 loss 0.482 kl 0.000 anchor 0.000 0.783s/rec
ep0 step 640/1318 loss 0.514 kl 0.000 anchor 0.000 0.780s/rec
ep0 step 650/1318 loss 0.555 kl 0.000 anchor 0.000 0.778s/rec
ep0 step 660/1318 loss 0.414 kl 0.000 anchor 0.000 0.775s/rec
ep0 step 670/1318 loss 0.389 kl 0.000 anchor 0.000 0.773s/rec
ep0 step 680/1318 loss 0.557 kl 0.000 anchor 0.000 0.773s/rec
ep0 step 690/1318 loss 0.764 kl 0.000 anchor 0.000 0.772s/rec
ep0 step 700/1318 loss 0.591 kl 0.000 anchor 0.000 0.771s/rec
ep0 step 710/1318 loss 0.345 kl 0.000 anchor 0.000 0.769s/rec
ep0 step 720/1318 loss 0.476 kl 0.000 anchor 0.000 0.768s/rec
ep0 step 730/1318 loss 0.357 kl 0.000 anchor 0.000 0.767s/rec
ep0 step 740/1318 loss 0.744 kl 0.000 anchor 0.000 0.768s/rec
ep0 step 750/1318 loss 0.658 kl 0.000 anchor 0.000 0.770s/rec
ep0 step 760/1318 loss 0.516 kl 0.000 anchor 0.000 0.771s/rec
ep0 step 770/1318 loss 0.698 kl 0.000 anchor 0.000 0.770s/rec
ep0 step 780/1318 loss 0.344 kl 0.000 anchor 0.000 0.768s/rec
ep0 step 790/1318 loss 0.636 kl 0.000 anchor 0.000 0.767s/rec
ep0 step 800/1318 loss 0.415 kl 0.000 anchor 0.000 0.768s/rec
ep0 step 810/1318 loss 0.412 kl 0.000 anchor 0.000 0.767s/rec
ep0 step 820/1318 loss 0.751 kl 0.000 anchor 0.000 0.765s/rec
ep0 step 830/1318 loss 0.357 kl 0.000 anchor 0.000 0.765s/rec
ep0 step 840/1318 loss 0.622 kl 0.000 anchor 0.000 0.760s/rec
ep0 step 850/1318 loss 0.318 kl 0.000 anchor 0.000 0.759s/rec
ep0 step 860/1318 loss 0.325 kl 0.000 anchor 0.000 0.758s/rec
ep0 step 870/1318 loss 0.461 kl 0.000 anchor 0.000 0.755s/rec
ep0 step 880/1318 loss 0.437 kl 0.000 anchor 0.000 0.754s/rec
ep0 step 890/1318 loss 0.337 kl 0.000 anchor 0.000 0.752s/rec
ep0 step 900/1318 loss 0.415 kl 0.000 anchor 0.000 0.750s/rec
ep0 step 910/1318 loss 0.399 kl 0.000 anchor 0.000 0.749s/rec
ep0 step 920/1318 loss 0.624 kl 0.000 anchor 0.000 0.751s/rec
ep0 step 930/1318 loss 0.446 kl 0.000 anchor 0.000 0.752s/rec
ep0 step 940/1318 loss 0.431 kl 0.000 anchor 0.000 0.750s/rec
ep0 step 950/1318 loss 0.599 kl 0.000 anchor 0.000 0.749s/rec
ep0 step 960/1318 loss 0.531 kl 0.000 anchor 0.000 0.748s/rec
ep0 step 970/1318 loss 0.407 kl 0.000 anchor 0.000 0.746s/rec
ep0 step 980/1318 loss 0.434 kl 0.000 anchor 0.000 0.746s/rec
ep0 step 990/1318 loss 0.502 kl 0.000 anchor 0.000 0.744s/rec
ep0 step 1000/1318 loss 0.356 kl 0.000 anchor 0.000 0.744s/rec
ep0 step 1010/1318 loss 0.491 kl 0.000 anchor 0.000 0.744s/rec
ep0 step 1020/1318 loss 0.401 kl 0.000 anchor 0.000 0.742s/rec
ep0 step 1030/1318 loss 0.347 kl 0.000 anchor 0.000 0.742s/rec
ep0 step 1040/1318 loss 0.505 kl 0.000 anchor 0.000 0.742s/rec
ep0 step 1050/1318 loss 0.564 kl 0.000 anchor 0.000 0.741s/rec
ep0 step 1060/1318 loss 0.452 kl 0.000 anchor 0.000 0.738s/rec
ep0 step 1070/1318 loss 0.589 kl 0.000 anchor 0.000 0.741s/rec
ep0 step 1080/1318 loss 0.417 kl 0.000 anchor 0.000 0.739s/rec
ep0 step 1090/1318 loss 0.459 kl 0.000 anchor 0.000 0.737s/rec
ep0 step 1100/1318 loss 0.440 kl 0.000 anchor 0.000 0.737s/rec
ep0 step 1110/1318 loss 0.486 kl 0.000 anchor 0.000 0.735s/rec
ep0 step 1120/1318 loss 0.534 kl 0.000 anchor 0.000 0.735s/rec
ep0 step 1130/1318 loss 0.428 kl 0.000 anchor 0.000 0.735s/rec
ep0 step 1140/1318 loss 0.455 kl 0.000 anchor 0.000 0.735s/rec
ep0 step 1150/1318 loss 0.403 kl 0.000 anchor 0.000 0.735s/rec
ep0 step 1160/1318 loss 0.710 kl 0.000 anchor 0.000 0.735s/rec
ep0 step 1170/1318 loss 0.393 kl 0.000 anchor 0.000 0.733s/rec
ep0 step 1180/1318 loss 0.503 kl 0.000 anchor 0.000 0.735s/rec
ep0 step 1190/1318 loss 0.515 kl 0.000 anchor 0.000 0.732s/rec
ep0 step 1200/1318 loss 0.397 kl 0.000 anchor 0.000 0.734s/rec
ep0 step 1210/1318 loss 0.336 kl 0.000 anchor 0.000 0.734s/rec
ep0 step 1220/1318 loss 0.509 kl 0.000 anchor 0.000 0.735s/rec
ep0 step 1230/1318 loss 0.653 kl 0.000 anchor 0.000 0.735s/rec
ep0 step 1240/1318 loss 0.397 kl 0.000 anchor 0.000 0.733s/rec
ep0 step 1250/1318 loss 0.446 kl 0.000 anchor 0.000 0.733s/rec
ep0 step 1260/1318 loss 0.501 kl 0.000 anchor 0.000 0.733s/rec
ep0 step 1270/1318 loss 0.529 kl 0.000 anchor 0.000 0.733s/rec
ep0 step 1280/1318 loss 0.400 kl 0.000 anchor 0.000 0.733s/rec
ep0 step 1290/1318 loss 0.471 kl 0.000 anchor 0.000 0.733s/rec
ep0 step 1300/1318 loss 0.522 kl 0.000 anchor 0.000 0.732s/rec
ep0 step 1310/1318 loss 0.338 kl 0.000 anchor 0.000 0.731s/rec
saved /runs/r6-9b/05-trial-5/checkpoint
