Warning: You are sending unauthenticated requests to the HF Hub. Please set a HF_TOKEN to enable higher rate limits and faster downloads.
delta: warm start from /__modal/volumes/vo-kEMu8BkBAIrorAQI6V8f2D/hub/models--jaredpalmer--kev-4b/snapshots/485ace8703592fcf405488b262449990824cfed1: 496 adapter tensors and the pointer head loaded
device=cuda trainable params=33.8M
replay: 2000 of 12576 suite training records mixed with 3138 from evals/round6/soft-half/train.jsonl
5138 training requests (holdout=[]), questions by type {'choice': 2396, 'noul': 2379, 'score': 2014}
[transformers] `causal_conv1d_fn` is falling back to its reference PyTorch implementation because `causal_conv1d` is not installed. This is correct but much slower; install `causal_conv1d` for the optimized kernel.
ep0 step 10/643 loss 1.034 kl 0.000 anchor 0.000 3.284s/rec
ep0 step 20/643 loss 0.872 kl 0.000 anchor 0.000 2.170s/rec
ep0 step 30/643 loss 1.035 kl 0.000 anchor 0.000 1.721s/rec
ep0 step 40/643 loss 0.860 kl 0.000 anchor 0.000 1.451s/rec
ep0 step 50/643 loss 0.738 kl 0.000 anchor 0.000 1.235s/rec
ep0 step 60/643 loss 0.814 kl 0.000 anchor 0.000 1.167s/rec
ep0 step 70/643 loss 0.780 kl 0.000 anchor 0.000 1.073s/rec
ep0 step 80/643 loss 0.760 kl 0.000 anchor 0.000 1.023s/rec
ep0 step 90/643 loss 0.894 kl 0.000 anchor 0.000 0.952s/rec
ep0 step 100/643 loss 0.697 kl 0.000 anchor 0.000 0.932s/rec
ep0 step 110/643 loss 0.751 kl 0.000 anchor 0.000 0.888s/rec
ep0 step 120/643 loss 0.746 kl 0.000 anchor 0.000 0.872s/rec
ep0 step 130/643 loss 0.643 kl 0.000 anchor 0.000 0.840s/rec
ep0 step 140/643 loss 0.660 kl 0.000 anchor 0.000 0.826s/rec
ep0 step 150/643 loss 0.681 kl 0.000 anchor 0.000 0.802s/rec
ep0 step 160/643 loss 0.658 kl 0.000 anchor 0.000 0.786s/rec
ep0 step 170/643 loss 0.947 kl 0.000 anchor 0.000 0.779s/rec
ep0 step 180/643 loss 0.760 kl 0.000 anchor 0.000 0.764s/rec
ep0 step 190/643 loss 0.607 kl 0.000 anchor 0.000 0.753s/rec
ep0 step 200/643 loss 0.547 kl 0.000 anchor 0.000 0.738s/rec
ep0 step 210/643 loss 0.783 kl 0.000 anchor 0.000 0.741s/rec
ep0 step 220/643 loss 0.499 kl 0.000 anchor 0.000 0.724s/rec
ep0 step 230/643 loss 0.724 kl 0.000 anchor 0.000 0.720s/rec
ep0 step 240/643 loss 0.590 kl 0.000 anchor 0.000 0.708s/rec
ep0 step 250/643 loss 0.765 kl 0.000 anchor 0.000 0.701s/rec
ep0 step 260/643 loss 0.812 kl 0.000 anchor 0.000 0.697s/rec
ep0 step 270/643 loss 0.926 kl 0.000 anchor 0.000 0.697s/rec
ep0 step 280/643 loss 0.657 kl 0.000 anchor 0.000 0.691s/rec
ep0 step 290/643 loss 0.851 kl 0.000 anchor 0.000 0.683s/rec
ep0 step 300/643 loss 0.667 kl 0.000 anchor 0.000 0.674s/rec
ep0 step 310/643 loss 0.830 kl 0.000 anchor 0.000 0.674s/rec
ep0 step 320/643 loss 0.837 kl 0.000 anchor 0.000 0.668s/rec
ep0 step 330/643 loss 0.586 kl 0.000 anchor 0.000 0.664s/rec
ep0 step 340/643 loss 0.708 kl 0.000 anchor 0.000 0.662s/rec
ep0 step 350/643 loss 0.779 kl 0.000 anchor 0.000 0.667s/rec
ep0 step 360/643 loss 0.504 kl 0.000 anchor 0.000 0.659s/rec
ep0 step 370/643 loss 0.875 kl 0.000 anchor 0.000 0.662s/rec
ep0 step 380/643 loss 0.592 kl 0.000 anchor 0.000 0.661s/rec
ep0 step 390/643 loss 0.567 kl 0.000 anchor 0.000 0.657s/rec
ep0 step 400/643 loss 0.604 kl 0.000 anchor 0.000 0.651s/rec
ep0 step 410/643 loss 0.761 kl 0.000 anchor 0.000 0.648s/rec
ep0 step 420/643 loss 0.694 kl 0.000 anchor 0.000 0.655s/rec
ep0 step 430/643 loss 0.561 kl 0.000 anchor 0.000 0.654s/rec
ep0 step 440/643 loss 0.557 kl 0.000 anchor 0.000 0.653s/rec
ep0 step 450/643 loss 0.632 kl 0.000 anchor 0.000 0.650s/rec
ep0 step 460/643 loss 0.841 kl 0.000 anchor 0.000 0.651s/rec
ep0 step 470/643 loss 0.725 kl 0.000 anchor 0.000 0.648s/rec
ep0 step 480/643 loss 0.684 kl 0.000 anchor 0.000 0.647s/rec
ep0 step 490/643 loss 0.731 kl 0.000 anchor 0.000 0.645s/rec
ep0 step 500/643 loss 0.596 kl 0.000 anchor 0.000 0.645s/rec
ep0 step 510/643 loss 0.576 kl 0.000 anchor 0.000 0.643s/rec
ep0 step 520/643 loss 0.583 kl 0.000 anchor 0.000 0.637s/rec
ep0 step 530/643 loss 0.621 kl 0.000 anchor 0.000 0.635s/rec
ep0 step 540/643 loss 0.731 kl 0.000 anchor 0.000 0.633s/rec
ep0 step 550/643 loss 0.476 kl 0.000 anchor 0.000 0.635s/rec
ep0 step 560/643 loss 0.587 kl 0.000 anchor 0.000 0.634s/rec
ep0 step 570/643 loss 0.614 kl 0.000 anchor 0.000 0.633s/rec
ep0 step 580/643 loss 0.598 kl 0.000 anchor 0.000 0.635s/rec
ep0 step 590/643 loss 0.577 kl 0.000 anchor 0.000 0.634s/rec
ep0 step 600/643 loss 0.548 kl 0.000 anchor 0.000 0.630s/rec
ep0 step 610/643 loss 0.797 kl 0.000 anchor 0.000 0.629s/rec
ep0 step 620/643 loss 0.619 kl 0.000 anchor 0.000 0.627s/rec
ep0 step 630/643 loss 0.604 kl 0.000 anchor 0.000 0.627s/rec
ep0 step 640/643 loss 0.521 kl 0.000 anchor 0.000 0.623s/rec
saved /runs/r6-4b-r2/01-trial-1/checkpoint
