Warning: You are sending unauthenticated requests to the HF Hub. Please set a HF_TOKEN to enable higher rate limits and faster downloads.
device=cuda trainable params=33.8M
12576 training requests (holdout=[]), questions by type {'score': 3448, 'noul': 5224, 'choice': 6904}
[transformers] `causal_conv1d_fn` is falling back to its reference PyTorch implementation because `causal_conv1d` is not installed. This is correct but much slower; install `causal_conv1d` for the optimized kernel.
ep0 step 10/3144 loss 1.798 kl 0.000 anchor 0.000 1.770s/rec
ep0 step 20/3144 loss 1.813 kl 0.000 anchor 0.000 1.105s/rec
ep0 step 30/3144 loss 1.664 kl 0.000 anchor 0.000 0.774s/rec
ep0 step 40/3144 loss 1.493 kl 0.000 anchor 0.000 0.606s/rec
ep0 step 50/3144 loss 1.646 kl 0.000 anchor 0.000 0.503s/rec
ep0 step 60/3144 loss 1.585 kl 0.000 anchor 0.000 0.430s/rec
ep0 step 70/3144 loss 1.409 kl 0.000 anchor 0.000 0.407s/rec
ep0 step 80/3144 loss 1.398 kl 0.000 anchor 0.000 0.375s/rec
ep0 step 90/3144 loss 1.182 kl 0.000 anchor 0.000 0.346s/rec
ep0 step 100/3144 loss 1.147 kl 0.000 anchor 0.000 0.321s/rec
ep0 step 110/3144 loss 0.864 kl 0.000 anchor 0.000 0.302s/rec
ep0 step 120/3144 loss 0.949 kl 0.000 anchor 0.000 0.284s/rec
ep0 step 130/3144 loss 0.894 kl 0.000 anchor 0.000 0.271s/rec
ep0 step 140/3144 loss 0.849 kl 0.000 anchor 0.000 0.259s/rec
ep0 step 150/3144 loss 0.862 kl 0.000 anchor 0.000 0.251s/rec
ep0 step 160/3144 loss 0.769 kl 0.000 anchor 0.000 0.242s/rec
ep0 step 170/3144 loss 0.750 kl 0.000 anchor 0.000 0.235s/rec
ep0 step 180/3144 loss 0.841 kl 0.000 anchor 0.000 0.227s/rec
ep0 step 190/3144 loss 0.751 kl 0.000 anchor 0.000 0.222s/rec
ep0 step 200/3144 loss 0.548 kl 0.000 anchor 0.000 0.216s/rec
ep0 step 210/3144 loss 1.074 kl 0.000 anchor 0.000 0.211s/rec
ep0 step 220/3144 loss 0.617 kl 0.000 anchor 0.000 0.206s/rec
ep0 step 230/3144 loss 0.811 kl 0.000 anchor 0.000 0.202s/rec
ep0 step 240/3144 loss 0.425 kl 0.000 anchor 0.000 0.198s/rec
ep0 step 250/3144 loss 0.812 kl 0.000 anchor 0.000 0.195s/rec
ep0 step 260/3144 loss 0.687 kl 0.000 anchor 0.000 0.192s/rec
ep0 step 270/3144 loss 0.964 kl 0.000 anchor 0.000 0.188s/rec
ep0 step 280/3144 loss 0.601 kl 0.000 anchor 0.000 0.187s/rec
ep0 step 290/3144 loss 0.726 kl 0.000 anchor 0.000 0.184s/rec
ep0 step 300/3144 loss 0.560 kl 0.000 anchor 0.000 0.181s/rec
ep0 step 310/3144 loss 0.872 kl 0.000 anchor 0.000 0.179s/rec
ep0 step 320/3144 loss 0.702 kl 0.000 anchor 0.000 0.177s/rec
ep0 step 330/3144 loss 0.438 kl 0.000 anchor 0.000 0.175s/rec
ep0 step 340/3144 loss 0.617 kl 0.000 anchor 0.000 0.172s/rec
ep0 step 350/3144 loss 0.550 kl 0.000 anchor 0.000 0.171s/rec
ep0 step 360/3144 loss 0.569 kl 0.000 anchor 0.000 0.169s/rec
ep0 step 370/3144 loss 0.873 kl 0.000 anchor 0.000 0.167s/rec
ep0 step 380/3144 loss 0.741 kl 0.000 anchor 0.000 0.165s/rec
ep0 step 390/3144 loss 0.539 kl 0.000 anchor 0.000 0.163s/rec
ep0 step 400/3144 loss 0.644 kl 0.000 anchor 0.000 0.162s/rec
ep0 step 410/3144 loss 0.549 kl 0.000 anchor 0.000 0.161s/rec
ep0 step 420/3144 loss 0.594 kl 0.000 anchor 0.000 0.159s/rec
ep0 step 430/3144 loss 0.410 kl 0.000 anchor 0.000 0.159s/rec
ep0 step 440/3144 loss 0.814 kl 0.000 anchor 0.000 0.163s/rec
ep0 step 450/3144 loss 0.710 kl 0.000 anchor 0.000 0.162s/rec
ep0 step 460/3144 loss 0.668 kl 0.000 anchor 0.000 0.161s/rec
ep0 step 470/3144 loss 0.761 kl 0.000 anchor 0.000 0.160s/rec
ep0 step 480/3144 loss 0.381 kl 0.000 anchor 0.000 0.159s/rec
ep0 step 490/3144 loss 0.625 kl 0.000 anchor 0.000 0.158s/rec
ep0 step 500/3144 loss 0.726 kl 0.000 anchor 0.000 0.157s/rec
ep0 step 510/3144 loss 0.517 kl 0.000 anchor 0.000 0.156s/rec
ep0 step 520/3144 loss 0.617 kl 0.000 anchor 0.000 0.155s/rec
ep0 step 530/3144 loss 0.755 kl 0.000 anchor 0.000 0.154s/rec
ep0 step 540/3144 loss 0.350 kl 0.000 anchor 0.000 0.154s/rec
ep0 step 550/3144 loss 0.688 kl 0.000 anchor 0.000 0.153s/rec
ep0 step 560/3144 loss 0.503 kl 0.000 anchor 0.000 0.152s/rec
ep0 step 570/3144 loss 0.560 kl 0.000 anchor 0.000 0.151s/rec
ep0 step 580/3144 loss 0.358 kl 0.000 anchor 0.000 0.150s/rec
ep0 step 590/3144 loss 0.435 kl 0.000 anchor 0.000 0.149s/rec
ep0 step 600/3144 loss 0.609 kl 0.000 anchor 0.000 0.149s/rec
ep0 step 610/3144 loss 0.606 kl 0.000 anchor 0.000 0.148s/rec
ep0 step 620/3144 loss 0.658 kl 0.000 anchor 0.000 0.147s/rec
ep0 step 630/3144 loss 0.476 kl 0.000 anchor 0.000 0.147s/rec
ep0 step 640/3144 loss 0.441 kl 0.000 anchor 0.000 0.146s/rec
ep0 step 650/3144 loss 0.428 kl 0.000 anchor 0.000 0.146s/rec
ep0 step 660/3144 loss 0.631 kl 0.000 anchor 0.000 0.145s/rec
ep0 step 670/3144 loss 0.576 kl 0.000 anchor 0.000 0.144s/rec
ep0 step 680/3144 loss 0.413 kl 0.000 anchor 0.000 0.144s/rec
ep0 step 690/3144 loss 0.505 kl 0.000 anchor 0.000 0.143s/rec
ep0 step 700/3144 loss 0.565 kl 0.000 anchor 0.000 0.143s/rec
ep0 step 710/3144 loss 0.740 kl 0.000 anchor 0.000 0.142s/rec
ep0 step 720/3144 loss 0.412 kl 0.000 anchor 0.000 0.141s/rec
ep0 step 730/3144 loss 0.582 kl 0.000 anchor 0.000 0.141s/rec
ep0 step 740/3144 loss 0.514 kl 0.000 anchor 0.000 0.141s/rec
ep0 step 750/3144 loss 0.555 kl 0.000 anchor 0.000 0.140s/rec
ep0 step 760/3144 loss 0.264 kl 0.000 anchor 0.000 0.140s/rec
ep0 step 770/3144 loss 0.815 kl 0.000 anchor 0.000 0.139s/rec
ep0 step 780/3144 loss 0.738 kl 0.000 anchor 0.000 0.139s/rec
ep0 step 790/3144 loss 0.742 kl 0.000 anchor 0.000 0.138s/rec
ep0 step 800/3144 loss 0.508 kl 0.000 anchor 0.000 0.138s/rec
ep0 step 810/3144 loss 0.697 kl 0.000 anchor 0.000 0.138s/rec
ep0 step 820/3144 loss 0.453 kl 0.000 anchor 0.000 0.137s/rec
ep0 step 830/3144 loss 0.718 kl 0.000 anchor 0.000 0.137s/rec
ep0 step 840/3144 loss 0.706 kl 0.000 anchor 0.000 0.137s/rec
ep0 step 850/3144 loss 0.653 kl 0.000 anchor 0.000 0.136s/rec
ep0 step 860/3144 loss 0.450 kl 0.000 anchor 0.000 0.136s/rec
ep0 step 870/3144 loss 0.468 kl 0.000 anchor 0.000 0.135s/rec
ep0 step 880/3144 loss 0.625 kl 0.000 anchor 0.000 0.135s/rec
ep0 step 890/3144 loss 0.488 kl 0.000 anchor 0.000 0.135s/rec
ep0 step 900/3144 loss 0.824 kl 0.000 anchor 0.000 0.135s/rec
ep0 step 910/3144 loss 0.551 kl 0.000 anchor 0.000 0.134s/rec
ep0 step 920/3144 loss 0.647 kl 0.000 anchor 0.000 0.134s/rec
ep0 step 930/3144 loss 0.533 kl 0.000 anchor 0.000 0.134s/rec
ep0 step 940/3144 loss 0.522 kl 0.000 anchor 0.000 0.133s/rec
ep0 step 950/3144 loss 0.415 kl 0.000 anchor 0.000 0.133s/rec
ep0 step 960/3144 loss 0.714 kl 0.000 anchor 0.000 0.133s/rec
ep0 step 970/3144 loss 0.507 kl 0.000 anchor 0.000 0.133s/rec
ep0 step 980/3144 loss 0.353 kl 0.000 anchor 0.000 0.132s/rec
ep0 step 990/3144 loss 0.717 kl 0.000 anchor 0.000 0.132s/rec
ep0 step 1000/3144 loss 0.560 kl 0.000 anchor 0.000 0.132s/rec
ep0 step 1010/3144 loss 0.447 kl 0.000 anchor 0.000 0.132s/rec
ep0 step 1020/3144 loss 0.379 kl 0.000 anchor 0.000 0.131s/rec
ep0 step 1030/3144 loss 0.810 kl 0.000 anchor 0.000 0.131s/rec
ep0 step 1040/3144 loss 0.435 kl 0.000 anchor 0.000 0.131s/rec
ep0 step 1050/3144 loss 0.674 kl 0.000 anchor 0.000 0.131s/rec
ep0 step 1060/3144 loss 0.463 kl 0.000 anchor 0.000 0.130s/rec
ep0 step 1070/3144 loss 0.481 kl 0.000 anchor 0.000 0.130s/rec
ep0 step 1080/3144 loss 0.535 kl 0.000 anchor 0.000 0.130s/rec
ep0 step 1090/3144 loss 0.425 kl 0.000 anchor 0.000 0.130s/rec
ep0 step 1100/3144 loss 0.529 kl 0.000 anchor 0.000 0.130s/rec
ep0 step 1110/3144 loss 0.692 kl 0.000 anchor 0.000 0.130s/rec
ep0 step 1120/3144 loss 0.534 kl 0.000 anchor 0.000 0.129s/rec
ep0 step 1130/3144 loss 0.400 kl 0.000 anchor 0.000 0.129s/rec
ep0 step 1140/3144 loss 0.566 kl 0.000 anchor 0.000 0.129s/rec
ep0 step 1150/3144 loss 0.603 kl 0.000 anchor 0.000 0.129s/rec
ep0 step 1160/3144 loss 0.480 kl 0.000 anchor 0.000 0.129s/rec
ep0 step 1170/3144 loss 0.492 kl 0.000 anchor 0.000 0.128s/rec
ep0 step 1180/3144 loss 0.555 kl 0.000 anchor 0.000 0.128s/rec
ep0 step 1190/3144 loss 0.586 kl 0.000 anchor 0.000 0.128s/rec
ep0 step 1200/3144 loss 0.327 kl 0.000 anchor 0.000 0.128s/rec
ep0 step 1210/3144 loss 0.411 kl 0.000 anchor 0.000 0.128s/rec
ep0 step 1220/3144 loss 0.224 kl 0.000 anchor 0.000 0.128s/rec
ep0 step 1230/3144 loss 0.459 kl 0.000 anchor 0.000 0.127s/rec
ep0 step 1240/3144 loss 0.831 kl 0.000 anchor 0.000 0.127s/rec
ep0 step 1250/3144 loss 0.722 kl 0.000 anchor 0.000 0.127s/rec
ep0 step 1260/3144 loss 0.355 kl 0.000 anchor 0.000 0.127s/rec
ep0 step 1270/3144 loss 0.510 kl 0.000 anchor 0.000 0.127s/rec
ep0 step 1280/3144 loss 0.615 kl 0.000 anchor 0.000 0.127s/rec
ep0 step 1290/3144 loss 0.461 kl 0.000 anchor 0.000 0.127s/rec
ep0 step 1300/3144 loss 0.590 kl 0.000 anchor 0.000 0.126s/rec
ep0 step 1310/3144 loss 0.445 kl 0.000 anchor 0.000 0.126s/rec
ep0 step 1320/3144 loss 0.477 kl 0.000 anchor 0.000 0.126s/rec
ep0 step 1330/3144 loss 0.372 kl 0.000 anchor 0.000 0.126s/rec
ep0 step 1340/3144 loss 0.335 kl 0.000 anchor 0.000 0.126s/rec
ep0 step 1350/3144 loss 0.524 kl 0.000 anchor 0.000 0.126s/rec
ep0 step 1360/3144 loss 0.658 kl 0.000 anchor 0.000 0.126s/rec
ep0 step 1370/3144 loss 0.648 kl 0.000 anchor 0.000 0.126s/rec
ep0 step 1380/3144 loss 0.483 kl 0.000 anchor 0.000 0.125s/rec
ep0 step 1390/3144 loss 0.491 kl 0.000 anchor 0.000 0.125s/rec
ep0 step 1400/3144 loss 0.661 kl 0.000 anchor 0.000 0.125s/rec
ep0 step 1410/3144 loss 0.399 kl 0.000 anchor 0.000 0.125s/rec
ep0 step 1420/3144 loss 0.613 kl 0.000 anchor 0.000 0.125s/rec
ep0 step 1430/3144 loss 0.478 kl 0.000 anchor 0.000 0.125s/rec
ep0 step 1440/3144 loss 0.627 kl 0.000 anchor 0.000 0.125s/rec
ep0 step 1450/3144 loss 0.483 kl 0.000 anchor 0.000 0.125s/rec
ep0 step 1460/3144 loss 0.459 kl 0.000 anchor 0.000 0.125s/rec
ep0 step 1470/3144 loss 0.337 kl 0.000 anchor 0.000 0.125s/rec
ep0 step 1480/3144 loss 0.360 kl 0.000 anchor 0.000 0.125s/rec
ep0 step 1490/3144 loss 0.540 kl 0.000 anchor 0.000 0.124s/rec
ep0 step 1500/3144 loss 0.814 kl 0.000 anchor 0.000 0.124s/rec
ep0 step 1510/3144 loss 0.382 kl 0.000 anchor 0.000 0.124s/rec
ep0 step 1520/3144 loss 0.901 kl 0.000 anchor 0.000 0.124s/rec
ep0 step 1530/3144 loss 0.528 kl 0.000 anchor 0.000 0.124s/rec
ep0 step 1540/3144 loss 0.525 kl 0.000 anchor 0.000 0.124s/rec
ep0 step 1550/3144 loss 0.423 kl 0.000 anchor 0.000 0.124s/rec
ep0 step 1560/3144 loss 0.488 kl 0.000 anchor 0.000 0.124s/rec
ep0 step 1570/3144 loss 0.534 kl 0.000 anchor 0.000 0.123s/rec
ep1 step 1580/3144 loss 0.411 kl 0.000 anchor 0.000 0.123s/rec
ep1 step 1590/3144 loss 0.637 kl 0.000 anchor 0.000 0.123s/rec
ep1 step 1600/3144 loss 0.287 kl 0.000 anchor 0.000 0.123s/rec
ep1 step 1610/3144 loss 0.422 kl 0.000 anchor 0.000 0.123s/rec
ep1 step 1620/3144 loss 0.269 kl 0.000 anchor 0.000 0.123s/rec
ep1 step 1630/3144 loss 0.411 kl 0.000 anchor 0.000 0.123s/rec
ep1 step 1640/3144 loss 0.316 kl 0.000 anchor 0.000 0.123s/rec
ep1 step 1650/3144 loss 0.417 kl 0.000 anchor 0.000 0.123s/rec
ep1 step 1660/3144 loss 0.523 kl 0.000 anchor 0.000 0.122s/rec
ep1 step 1670/3144 loss 0.404 kl 0.000 anchor 0.000 0.122s/rec
ep1 step 1680/3144 loss 0.601 kl 0.000 anchor 0.000 0.122s/rec
ep1 step 1690/3144 loss 0.399 kl 0.000 anchor 0.000 0.122s/rec
ep1 step 1700/3144 loss 0.603 kl 0.000 anchor 0.000 0.122s/rec
ep1 step 1710/3144 loss 0.353 kl 0.000 anchor 0.000 0.122s/rec
ep1 step 1720/3144 loss 0.404 kl 0.000 anchor 0.000 0.122s/rec
ep1 step 1730/3144 loss 0.365 kl 0.000 anchor 0.000 0.122s/rec
ep1 step 1740/3144 loss 0.551 kl 0.000 anchor 0.000 0.122s/rec
ep1 step 1750/3144 loss 0.415 kl 0.000 anchor 0.000 0.122s/rec
ep1 step 1760/3144 loss 0.230 kl 0.000 anchor 0.000 0.122s/rec
ep1 step 1770/3144 loss 0.319 kl 0.000 anchor 0.000 0.122s/rec
ep1 step 1780/3144 loss 0.404 kl 0.000 anchor 0.000 0.121s/rec
ep1 step 1790/3144 loss 0.256 kl 0.000 anchor 0.000 0.121s/rec
ep1 step 1800/3144 loss 0.535 kl 0.000 anchor 0.000 0.121s/rec
ep1 step 1810/3144 loss 0.395 kl 0.000 anchor 0.000 0.121s/rec
ep1 step 1820/3144 loss 0.375 kl 0.000 anchor 0.000 0.121s/rec
ep1 step 1830/3144 loss 0.435 kl 0.000 anchor 0.000 0.121s/rec
ep1 step 1840/3144 loss 0.529 kl 0.000 anchor 0.000 0.121s/rec
ep1 step 1850/3144 loss 0.486 kl 0.000 anchor 0.000 0.121s/rec
ep1 step 1860/3144 loss 0.564 kl 0.000 anchor 0.000 0.121s/rec
ep1 step 1870/3144 loss 0.325 kl 0.000 anchor 0.000 0.121s/rec
ep1 step 1880/3144 loss 0.494 kl 0.000 anchor 0.000 0.121s/rec
ep1 step 1890/3144 loss 0.394 kl 0.000 anchor 0.000 0.121s/rec
ep1 step 1900/3144 loss 0.752 kl 0.000 anchor 0.000 0.121s/rec
ep1 step 1910/3144 loss 0.341 kl 0.000 anchor 0.000 0.121s/rec
ep1 step 1920/3144 loss 0.352 kl 0.000 anchor 0.000 0.121s/rec
ep1 step 1930/3144 loss 0.407 kl 0.000 anchor 0.000 0.121s/rec
ep1 step 1940/3144 loss 0.349 kl 0.000 anchor 0.000 0.121s/rec
ep1 step 1950/3144 loss 0.421 kl 0.000 anchor 0.000 0.121s/rec
ep1 step 1960/3144 loss 0.287 kl 0.000 anchor 0.000 0.120s/rec
ep1 step 1970/3144 loss 0.363 kl 0.000 anchor 0.000 0.120s/rec
ep1 step 1980/3144 loss 0.351 kl 0.000 anchor 0.000 0.120s/rec
ep1 step 1990/3144 loss 0.523 kl 0.000 anchor 0.000 0.120s/rec
ep1 step 2000/3144 loss 0.415 kl 0.000 anchor 0.000 0.120s/rec
ep1 step 2010/3144 loss 0.314 kl 0.000 anchor 0.000 0.120s/rec
ep1 step 2020/3144 loss 0.326 kl 0.000 anchor 0.000 0.120s/rec
ep1 step 2030/3144 loss 0.417 kl 0.000 anchor 0.000 0.120s/rec
ep1 step 2040/3144 loss 0.619 kl 0.000 anchor 0.000 0.120s/rec
ep1 step 2050/3144 loss 0.682 kl 0.000 anchor 0.000 0.120s/rec
ep1 step 2060/3144 loss 0.386 kl 0.000 anchor 0.000 0.120s/rec
ep1 step 2070/3144 loss 0.308 kl 0.000 anchor 0.000 0.120s/rec
ep1 step 2080/3144 loss 0.436 kl 0.000 anchor 0.000 0.120s/rec
ep1 step 2090/3144 loss 0.391 kl 0.000 anchor 0.000 0.120s/rec
ep1 step 2100/3144 loss 0.420 kl 0.000 anchor 0.000 0.120s/rec
ep1 step 2110/3144 loss 0.441 kl 0.000 anchor 0.000 0.119s/rec
ep1 step 2120/3144 loss 0.222 kl 0.000 anchor 0.000 0.119s/rec
ep1 step 2130/3144 loss 0.311 kl 0.000 anchor 0.000 0.119s/rec
ep1 step 2140/3144 loss 0.237 kl 0.000 anchor 0.000 0.119s/rec
ep1 step 2150/3144 loss 0.230 kl 0.000 anchor 0.000 0.119s/rec
ep1 step 2160/3144 loss 0.511 kl 0.000 anchor 0.000 0.119s/rec
ep1 step 2170/3144 loss 0.312 kl 0.000 anchor 0.000 0.119s/rec
ep1 step 2180/3144 loss 0.491 kl 0.000 anchor 0.000 0.119s/rec
ep1 step 2190/3144 loss 0.540 kl 0.000 anchor 0.000 0.119s/rec
ep1 step 2200/3144 loss 0.329 kl 0.000 anchor 0.000 0.119s/rec
ep1 step 2210/3144 loss 0.521 kl 0.000 anchor 0.000 0.119s/rec
ep1 step 2220/3144 loss 0.245 kl 0.000 anchor 0.000 0.119s/rec
ep1 step 2230/3144 loss 0.382 kl 0.000 anchor 0.000 0.119s/rec
ep1 step 2240/3144 loss 0.268 kl 0.000 anchor 0.000 0.119s/rec
ep1 step 2250/3144 loss 0.242 kl 0.000 anchor 0.000 0.119s/rec
ep1 step 2260/3144 loss 0.357 kl 0.000 anchor 0.000 0.119s/rec
ep1 step 2270/3144 loss 0.443 kl 0.000 anchor 0.000 0.119s/rec
ep1 step 2280/3144 loss 0.329 kl 0.000 anchor 0.000 0.118s/rec
ep1 step 2290/3144 loss 0.459 kl 0.000 anchor 0.000 0.118s/rec
ep1 step 2300/3144 loss 0.334 kl 0.000 anchor 0.000 0.118s/rec
ep1 step 2310/3144 loss 0.264 kl 0.000 anchor 0.000 0.118s/rec
ep1 step 2320/3144 loss 0.518 kl 0.000 anchor 0.000 0.118s/rec
ep1 step 2330/3144 loss 0.437 kl 0.000 anchor 0.000 0.118s/rec
ep1 step 2340/3144 loss 0.487 kl 0.000 anchor 0.000 0.118s/rec
ep1 step 2350/3144 loss 0.334 kl 0.000 anchor 0.000 0.118s/rec
ep1 step 2360/3144 loss 0.327 kl 0.000 anchor 0.000 0.118s/rec
ep1 step 2370/3144 loss 0.536 kl 0.000 anchor 0.000 0.118s/rec
ep1 step 2380/3144 loss 0.281 kl 0.000 anchor 0.000 0.118s/rec
ep1 step 2390/3144 loss 0.358 kl 0.000 anchor 0.000 0.118s/rec
ep1 step 2400/3144 loss 0.217 kl 0.000 anchor 0.000 0.118s/rec
ep1 step 2410/3144 loss 0.403 kl 0.000 anchor 0.000 0.118s/rec
ep1 step 2420/3144 loss 0.477 kl 0.000 anchor 0.000 0.118s/rec
ep1 step 2430/3144 loss 0.757 kl 0.000 anchor 0.000 0.118s/rec
ep1 step 2440/3144 loss 0.234 kl 0.000 anchor 0.000 0.118s/rec
ep1 step 2450/3144 loss 0.507 kl 0.000 anchor 0.000 0.118s/rec
ep1 step 2460/3144 loss 0.318 kl 0.000 anchor 0.000 0.118s/rec
ep1 step 2470/3144 loss 0.307 kl 0.000 anchor 0.000 0.118s/rec
ep1 step 2480/3144 loss 0.353 kl 0.000 anchor 0.000 0.118s/rec
ep1 step 2490/3144 loss 0.387 kl 0.000 anchor 0.000 0.118s/rec
ep1 step 2500/3144 loss 0.250 kl 0.000 anchor 0.000 0.118s/rec
ep1 step 2510/3144 loss 0.554 kl 0.000 anchor 0.000 0.118s/rec
ep1 step 2520/3144 loss 0.168 kl 0.000 anchor 0.000 0.118s/rec
ep1 step 2530/3144 loss 0.208 kl 0.000 anchor 0.000 0.118s/rec
ep1 step 2540/3144 loss 0.245 kl 0.000 anchor 0.000 0.117s/rec
ep1 step 2550/3144 loss 0.578 kl 0.000 anchor 0.000 0.117s/rec
ep1 step 2560/3144 loss 0.274 kl 0.000 anchor 0.000 0.117s/rec
ep1 step 2570/3144 loss 0.706 kl 0.000 anchor 0.000 0.117s/rec
ep1 step 2580/3144 loss 0.233 kl 0.000 anchor 0.000 0.117s/rec
ep1 step 2590/3144 loss 0.457 kl 0.000 anchor 0.000 0.117s/rec
ep1 step 2600/3144 loss 0.300 kl 0.000 anchor 0.000 0.117s/rec
ep1 step 2610/3144 loss 0.666 kl 0.000 anchor 0.000 0.117s/rec
ep1 step 2620/3144 loss 0.405 kl 0.000 anchor 0.000 0.117s/rec
ep1 step 2630/3144 loss 0.386 kl 0.000 anchor 0.000 0.117s/rec
ep1 step 2640/3144 loss 0.246 kl 0.000 anchor 0.000 0.117s/rec
ep1 step 2650/3144 loss 0.406 kl 0.000 anchor 0.000 0.117s/rec
ep1 step 2660/3144 loss 0.478 kl 0.000 anchor 0.000 0.117s/rec
ep1 step 2670/3144 loss 0.532 kl 0.000 anchor 0.000 0.117s/rec
ep1 step 2680/3144 loss 0.223 kl 0.000 anchor 0.000 0.117s/rec
ep1 step 2690/3144 loss 0.212 kl 0.000 anchor 0.000 0.117s/rec
ep1 step 2700/3144 loss 0.338 kl 0.000 anchor 0.000 0.117s/rec
ep1 step 2710/3144 loss 0.547 kl 0.000 anchor 0.000 0.117s/rec
ep1 step 2720/3144 loss 0.234 kl 0.000 anchor 0.000 0.117s/rec
ep1 step 2730/3144 loss 0.244 kl 0.000 anchor 0.000 0.117s/rec
ep1 step 2740/3144 loss 0.343 kl 0.000 anchor 0.000 0.117s/rec
ep1 step 2750/3144 loss 0.267 kl 0.000 anchor 0.000 0.117s/rec
ep1 step 2760/3144 loss 0.501 kl 0.000 anchor 0.000 0.117s/rec
ep1 step 2770/3144 loss 0.183 kl 0.000 anchor 0.000 0.117s/rec
ep1 step 2780/3144 loss 0.528 kl 0.000 anchor 0.000 0.117s/rec
ep1 step 2790/3144 loss 0.538 kl 0.000 anchor 0.000 0.116s/rec
ep1 step 2800/3144 loss 0.248 kl 0.000 anchor 0.000 0.116s/rec
ep1 step 2810/3144 loss 0.315 kl 0.000 anchor 0.000 0.116s/rec
ep1 step 2820/3144 loss 0.509 kl 0.000 anchor 0.000 0.116s/rec
ep1 step 2830/3144 loss 0.351 kl 0.000 anchor 0.000 0.116s/rec
ep1 step 2840/3144 loss 0.411 kl 0.000 anchor 0.000 0.116s/rec
ep1 step 2850/3144 loss 0.174 kl 0.000 anchor 0.000 0.116s/rec
ep1 step 2860/3144 loss 0.382 kl 0.000 anchor 0.000 0.116s/rec
ep1 step 2870/3144 loss 0.713 kl 0.000 anchor 0.000 0.116s/rec
ep1 step 2880/3144 loss 0.297 kl 0.000 anchor 0.000 0.116s/rec
ep1 step 2890/3144 loss 0.376 kl 0.000 anchor 0.000 0.116s/rec
ep1 step 2900/3144 loss 0.242 kl 0.000 anchor 0.000 0.116s/rec
ep1 step 2910/3144 loss 0.420 kl 0.000 anchor 0.000 0.116s/rec
ep1 step 2920/3144 loss 0.398 kl 0.000 anchor 0.000 0.116s/rec
ep1 step 2930/3144 loss 0.336 kl 0.000 anchor 0.000 0.116s/rec
ep1 step 2940/3144 loss 0.476 kl 0.000 anchor 0.000 0.116s/rec
ep1 step 2950/3144 loss 0.259 kl 0.000 anchor 0.000 0.116s/rec
ep1 step 2960/3144 loss 0.405 kl 0.000 anchor 0.000 0.116s/rec
ep1 step 2970/3144 loss 0.289 kl 0.000 anchor 0.000 0.116s/rec
ep1 step 2980/3144 loss 0.455 kl 0.000 anchor 0.000 0.116s/rec
ep1 step 2990/3144 loss 0.395 kl 0.000 anchor 0.000 0.116s/rec
ep1 step 3000/3144 loss 0.308 kl 0.000 anchor 0.000 0.116s/rec
ep1 step 3010/3144 loss 0.390 kl 0.000 anchor 0.000 0.116s/rec
ep1 step 3020/3144 loss 0.303 kl 0.000 anchor 0.000 0.116s/rec
ep1 step 3030/3144 loss 0.172 kl 0.000 anchor 0.000 0.116s/rec
ep1 step 3040/3144 loss 0.436 kl 0.000 anchor 0.000 0.116s/rec
ep1 step 3050/3144 loss 0.380 kl 0.000 anchor 0.000 0.116s/rec
ep1 step 3060/3144 loss 0.320 kl 0.000 anchor 0.000 0.116s/rec
ep1 step 3070/3144 loss 0.283 kl 0.000 anchor 0.000 0.116s/rec
ep1 step 3080/3144 loss 0.284 kl 0.000 anchor 0.000 0.116s/rec
ep1 step 3090/3144 loss 0.268 kl 0.000 anchor 0.000 0.116s/rec
ep1 step 3100/3144 loss 0.284 kl 0.000 anchor 0.000 0.116s/rec
ep1 step 3110/3144 loss 0.325 kl 0.000 anchor 0.000 0.116s/rec
ep1 step 3120/3144 loss 0.420 kl 0.000 anchor 0.000 0.116s/rec
ep1 step 3130/3144 loss 0.334 kl 0.000 anchor 0.000 0.116s/rec
ep1 step 3140/3144 loss 0.438 kl 0.000 anchor 0.000 0.116s/rec
saved /runs/r6-a1-4b/00-trial-0/checkpoint
