Warning: You are sending unauthenticated requests to the HF Hub. Please set a HF_TOKEN to enable higher rate limits and faster downloads.
delta: warm start from /__modal/volumes/vo-kEMu8BkBAIrorAQI6V8f2D/hub/models--jaredpalmer--kev-9b/snapshots/2629c06a5aeb0feb3b9783bafed17ed8f39ecf5c: 496 adapter tensors and the pointer head loaded
device=cuda trainable params=45.4M
replay: 2000 of 12576 suite training records mixed with 4538 from evals/round6/soft-lam03/train.jsonl
6538 training requests (holdout=[]), questions by type {'choice': 3222, 'score': 2312, 'noul': 2992}
[transformers] `causal_conv1d_fn` is falling back to its reference PyTorch implementation because `causal_conv1d` is not installed. This is correct but much slower; install `causal_conv1d` for the optimized kernel.
ep0 step 10/818 loss 1.211 kl 0.000 anchor 0.000 3.776s/rec
ep0 step 20/818 loss 1.516 kl 0.000 anchor 0.000 2.542s/rec
ep0 step 30/818 loss 1.094 kl 0.000 anchor 0.000 2.142s/rec
ep0 step 40/818 loss 1.027 kl 0.000 anchor 0.000 1.857s/rec
ep0 step 50/818 loss 0.724 kl 0.000 anchor 0.000 1.643s/rec
ep0 step 60/818 loss 0.745 kl 0.000 anchor 0.000 1.546s/rec
ep0 step 70/818 loss 0.653 kl 0.000 anchor 0.000 1.438s/rec
ep0 step 80/818 loss 0.761 kl 0.000 anchor 0.000 1.393s/rec
ep0 step 90/818 loss 0.594 kl 0.000 anchor 0.000 1.339s/rec
ep0 step 100/818 loss 0.639 kl 0.000 anchor 0.000 1.279s/rec
ep0 step 110/818 loss 0.599 kl 0.000 anchor 0.000 1.235s/rec
ep0 step 120/818 loss 0.596 kl 0.000 anchor 0.000 1.208s/rec
ep0 step 130/818 loss 0.778 kl 0.000 anchor 0.000 1.197s/rec
ep0 step 140/818 loss 0.739 kl 0.000 anchor 0.000 1.195s/rec
ep0 step 150/818 loss 0.678 kl 0.000 anchor 0.000 1.188s/rec
ep0 step 160/818 loss 0.672 kl 0.000 anchor 0.000 1.168s/rec
ep0 step 170/818 loss 0.537 kl 0.000 anchor 0.000 1.147s/rec
ep0 step 180/818 loss 0.687 kl 0.000 anchor 0.000 1.134s/rec
ep0 step 190/818 loss 0.769 kl 0.000 anchor 0.000 1.123s/rec
ep0 step 200/818 loss 0.816 kl 0.000 anchor 0.000 1.131s/rec
ep0 step 210/818 loss 0.758 kl 0.000 anchor 0.000 1.118s/rec
ep0 step 220/818 loss 0.478 kl 0.000 anchor 0.000 1.106s/rec
ep0 step 230/818 loss 0.797 kl 0.000 anchor 0.000 1.108s/rec
ep0 step 240/818 loss 0.784 kl 0.000 anchor 0.000 1.104s/rec
ep0 step 250/818 loss 0.604 kl 0.000 anchor 0.000 1.091s/rec
ep0 step 260/818 loss 0.685 kl 0.000 anchor 0.000 1.084s/rec
ep0 step 270/818 loss 0.592 kl 0.000 anchor 0.000 1.077s/rec
ep0 step 280/818 loss 0.633 kl 0.000 anchor 0.000 1.071s/rec
ep0 step 290/818 loss 0.638 kl 0.000 anchor 0.000 1.064s/rec
ep0 step 300/818 loss 0.744 kl 0.000 anchor 0.000 1.059s/rec
ep0 step 310/818 loss 0.649 kl 0.000 anchor 0.000 1.046s/rec
ep0 step 320/818 loss 0.772 kl 0.000 anchor 0.000 1.054s/rec
ep0 step 330/818 loss 0.591 kl 0.000 anchor 0.000 1.046s/rec
ep0 step 340/818 loss 0.689 kl 0.000 anchor 0.000 1.041s/rec
ep0 step 350/818 loss 0.610 kl 0.000 anchor 0.000 1.033s/rec
ep0 step 360/818 loss 0.645 kl 0.000 anchor 0.000 1.027s/rec
ep0 step 370/818 loss 0.677 kl 0.000 anchor 0.000 1.023s/rec
ep0 step 380/818 loss 0.593 kl 0.000 anchor 0.000 1.023s/rec
ep0 step 390/818 loss 0.541 kl 0.000 anchor 0.000 1.016s/rec
ep0 step 400/818 loss 0.662 kl 0.000 anchor 0.000 1.014s/rec
ep0 step 410/818 loss 0.613 kl 0.000 anchor 0.000 1.010s/rec
ep0 step 420/818 loss 0.402 kl 0.000 anchor 0.000 1.002s/rec
ep0 step 430/818 loss 0.480 kl 0.000 anchor 0.000 1.003s/rec
ep0 step 440/818 loss 0.487 kl 0.000 anchor 0.000 0.998s/rec
ep0 step 450/818 loss 0.592 kl 0.000 anchor 0.000 0.994s/rec
ep0 step 460/818 loss 0.579 kl 0.000 anchor 0.000 0.988s/rec
ep0 step 470/818 loss 0.792 kl 0.000 anchor 0.000 0.984s/rec
ep0 step 480/818 loss 0.735 kl 0.000 anchor 0.000 0.983s/rec
ep0 step 490/818 loss 0.561 kl 0.000 anchor 0.000 0.979s/rec
ep0 step 500/818 loss 0.623 kl 0.000 anchor 0.000 0.977s/rec
ep0 step 510/818 loss 0.450 kl 0.000 anchor 0.000 0.977s/rec
ep0 step 520/818 loss 0.520 kl 0.000 anchor 0.000 0.975s/rec
ep0 step 530/818 loss 0.523 kl 0.000 anchor 0.000 0.975s/rec
ep0 step 540/818 loss 0.580 kl 0.000 anchor 0.000 0.974s/rec
ep0 step 550/818 loss 0.515 kl 0.000 anchor 0.000 0.970s/rec
ep0 step 560/818 loss 0.523 kl 0.000 anchor 0.000 0.971s/rec
ep0 step 570/818 loss 0.638 kl 0.000 anchor 0.000 0.966s/rec
ep0 step 580/818 loss 0.645 kl 0.000 anchor 0.000 0.965s/rec
ep0 step 590/818 loss 0.596 kl 0.000 anchor 0.000 0.962s/rec
ep0 step 600/818 loss 0.633 kl 0.000 anchor 0.000 0.964s/rec
ep0 step 610/818 loss 0.617 kl 0.000 anchor 0.000 0.964s/rec
ep0 step 620/818 loss 0.640 kl 0.000 anchor 0.000 0.962s/rec
ep0 step 630/818 loss 0.518 kl 0.000 anchor 0.000 0.959s/rec
ep0 step 640/818 loss 0.437 kl 0.000 anchor 0.000 0.960s/rec
ep0 step 650/818 loss 0.659 kl 0.000 anchor 0.000 0.960s/rec
ep0 step 660/818 loss 0.784 kl 0.000 anchor 0.000 0.959s/rec
ep0 step 670/818 loss 0.521 kl 0.000 anchor 0.000 0.957s/rec
ep0 step 680/818 loss 0.549 kl 0.000 anchor 0.000 0.958s/rec
ep0 step 690/818 loss 0.710 kl 0.000 anchor 0.000 0.954s/rec
ep0 step 700/818 loss 0.728 kl 0.000 anchor 0.000 0.952s/rec
ep0 step 710/818 loss 0.691 kl 0.000 anchor 0.000 0.954s/rec
ep0 step 720/818 loss 0.395 kl 0.000 anchor 0.000 0.953s/rec
ep0 step 730/818 loss 0.536 kl 0.000 anchor 0.000 0.951s/rec
ep0 step 740/818 loss 0.528 kl 0.000 anchor 0.000 0.949s/rec
ep0 step 750/818 loss 0.642 kl 0.000 anchor 0.000 0.948s/rec
ep0 step 760/818 loss 0.567 kl 0.000 anchor 0.000 0.948s/rec
ep0 step 770/818 loss 0.650 kl 0.000 anchor 0.000 0.949s/rec
ep0 step 780/818 loss 0.785 kl 0.000 anchor 0.000 0.951s/rec
ep0 step 790/818 loss 0.483 kl 0.000 anchor 0.000 0.950s/rec
ep0 step 800/818 loss 0.545 kl 0.000 anchor 0.000 0.949s/rec
ep0 step 810/818 loss 0.510 kl 0.000 anchor 0.000 0.946s/rec
saved /runs/r6-9b/01-trial-1/checkpoint
