Warning: You are sending unauthenticated requests to the HF Hub. Please set a HF_TOKEN to enable higher rate limits and faster downloads.
delta: warm start from /__modal/volumes/vo-kEMu8BkBAIrorAQI6V8f2D/hub/models--jaredpalmer--kev-0.8b/snapshots/54f4f8777356cd5bbbb6c6919c657f26e6f2f6d8: 372 adapter tensors and the pointer head loaded
device=cuda trainable params=11.3M
replay: 2000 of 12576 suite training records mixed with 4538 from evals/round5/combined-v1/soft.jsonl
6538 training requests (holdout=[]), questions by type {'choice': 3222, 'score': 2312, 'noul': 2992}
[transformers] `causal_conv1d_fn` is falling back to its reference PyTorch implementation because `causal_conv1d` is not installed. This is correct but much slower; install `causal_conv1d` for the optimized kernel.
ep0 step 10/818 loss 1.523 kl 0.000 anchor 0.000 2.688s/rec
ep0 step 20/818 loss 1.497 kl 0.000 anchor 0.000 1.715s/rec
ep0 step 30/818 loss 1.398 kl 0.000 anchor 0.000 1.371s/rec
ep0 step 40/818 loss 1.159 kl 0.000 anchor 0.000 1.107s/rec
ep0 step 50/818 loss 0.977 kl 0.000 anchor 0.000 0.955s/rec
ep0 step 60/818 loss 0.863 kl 0.000 anchor 0.000 0.850s/rec
ep0 step 70/818 loss 0.762 kl 0.000 anchor 0.000 0.766s/rec
ep0 step 80/818 loss 0.973 kl 0.000 anchor 0.000 0.747s/rec
ep0 step 90/818 loss 0.691 kl 0.000 anchor 0.000 0.706s/rec
ep0 step 100/818 loss 0.806 kl 0.000 anchor 0.000 0.689s/rec
ep0 step 110/818 loss 0.745 kl 0.000 anchor 0.000 0.655s/rec
ep0 step 120/818 loss 0.845 kl 0.000 anchor 0.000 0.649s/rec
ep0 step 130/818 loss 0.911 kl 0.000 anchor 0.000 0.631s/rec
ep0 step 140/818 loss 0.855 kl 0.000 anchor 0.000 0.615s/rec
ep0 step 150/818 loss 0.950 kl 0.000 anchor 0.000 0.603s/rec
ep0 step 160/818 loss 0.785 kl 0.000 anchor 0.000 0.588s/rec
ep0 step 170/818 loss 0.781 kl 0.000 anchor 0.000 0.575s/rec
ep0 step 180/818 loss 0.955 kl 0.000 anchor 0.000 0.565s/rec
ep0 step 190/818 loss 0.953 kl 0.000 anchor 0.000 0.554s/rec
ep0 step 200/818 loss 0.947 kl 0.000 anchor 0.000 0.547s/rec
ep0 step 210/818 loss 0.907 kl 0.000 anchor 0.000 0.537s/rec
ep0 step 220/818 loss 0.662 kl 0.000 anchor 0.000 0.530s/rec
ep0 step 230/818 loss 0.888 kl 0.000 anchor 0.000 0.523s/rec
ep0 step 240/818 loss 0.864 kl 0.000 anchor 0.000 0.514s/rec
ep0 step 250/818 loss 0.739 kl 0.000 anchor 0.000 0.506s/rec
ep0 step 260/818 loss 0.895 kl 0.000 anchor 0.000 0.500s/rec
ep0 step 270/818 loss 0.767 kl 0.000 anchor 0.000 0.494s/rec
ep0 step 280/818 loss 0.836 kl 0.000 anchor 0.000 0.489s/rec
ep0 step 290/818 loss 0.873 kl 0.000 anchor 0.000 0.483s/rec
ep0 step 300/818 loss 0.799 kl 0.000 anchor 0.000 0.479s/rec
ep0 step 310/818 loss 0.767 kl 0.000 anchor 0.000 0.472s/rec
ep0 step 320/818 loss 0.933 kl 0.000 anchor 0.000 0.469s/rec
ep0 step 330/818 loss 0.655 kl 0.000 anchor 0.000 0.464s/rec
ep0 step 340/818 loss 0.783 kl 0.000 anchor 0.000 0.461s/rec
ep0 step 350/818 loss 0.883 kl 0.000 anchor 0.000 0.457s/rec
ep0 step 360/818 loss 0.822 kl 0.000 anchor 0.000 0.453s/rec
ep0 step 370/818 loss 0.824 kl 0.000 anchor 0.000 0.450s/rec
ep0 step 380/818 loss 0.835 kl 0.000 anchor 0.000 0.449s/rec
ep0 step 390/818 loss 0.854 kl 0.000 anchor 0.000 0.445s/rec
ep0 step 400/818 loss 0.845 kl 0.000 anchor 0.000 0.443s/rec
ep0 step 410/818 loss 0.812 kl 0.000 anchor 0.000 0.440s/rec
ep0 step 420/818 loss 0.696 kl 0.000 anchor 0.000 0.436s/rec
ep0 step 430/818 loss 0.753 kl 0.000 anchor 0.000 0.434s/rec
ep0 step 440/818 loss 0.612 kl 0.000 anchor 0.000 0.432s/rec
ep0 step 450/818 loss 0.825 kl 0.000 anchor 0.000 0.430s/rec
ep0 step 460/818 loss 0.738 kl 0.000 anchor 0.000 0.427s/rec
ep0 step 470/818 loss 0.854 kl 0.000 anchor 0.000 0.424s/rec
ep0 step 480/818 loss 0.902 kl 0.000 anchor 0.000 0.422s/rec
ep0 step 490/818 loss 0.788 kl 0.000 anchor 0.000 0.420s/rec
ep0 step 500/818 loss 0.951 kl 0.000 anchor 0.000 0.419s/rec
ep0 step 510/818 loss 0.848 kl 0.000 anchor 0.000 0.418s/rec
ep0 step 520/818 loss 0.785 kl 0.000 anchor 0.000 0.417s/rec
ep0 step 530/818 loss 0.778 kl 0.000 anchor 0.000 0.420s/rec
ep0 step 540/818 loss 0.682 kl 0.000 anchor 0.000 0.420s/rec
ep0 step 550/818 loss 0.701 kl 0.000 anchor 0.000 0.418s/rec
ep0 step 560/818 loss 0.646 kl 0.000 anchor 0.000 0.418s/rec
ep0 step 570/818 loss 0.761 kl 0.000 anchor 0.000 0.415s/rec
ep0 step 580/818 loss 0.641 kl 0.000 anchor 0.000 0.414s/rec
ep0 step 590/818 loss 0.778 kl 0.000 anchor 0.000 0.413s/rec
ep0 step 600/818 loss 0.946 kl 0.000 anchor 0.000 0.420s/rec
ep0 step 610/818 loss 0.936 kl 0.000 anchor 0.000 0.420s/rec
ep0 step 620/818 loss 0.727 kl 0.000 anchor 0.000 0.418s/rec
ep0 step 630/818 loss 0.855 kl 0.000 anchor 0.000 0.417s/rec
ep0 step 640/818 loss 0.753 kl 0.000 anchor 0.000 0.417s/rec
ep0 step 650/818 loss 0.793 kl 0.000 anchor 0.000 0.416s/rec
ep0 step 660/818 loss 1.133 kl 0.000 anchor 0.000 0.415s/rec
ep0 step 670/818 loss 0.814 kl 0.000 anchor 0.000 0.414s/rec
ep0 step 680/818 loss 0.827 kl 0.000 anchor 0.000 0.413s/rec
ep0 step 690/818 loss 0.851 kl 0.000 anchor 0.000 0.411s/rec
ep0 step 700/818 loss 1.050 kl 0.000 anchor 0.000 0.410s/rec
ep0 step 710/818 loss 0.771 kl 0.000 anchor 0.000 0.410s/rec
ep0 step 720/818 loss 0.632 kl 0.000 anchor 0.000 0.409s/rec
ep0 step 730/818 loss 0.698 kl 0.000 anchor 0.000 0.408s/rec
ep0 step 740/818 loss 0.731 kl 0.000 anchor 0.000 0.407s/rec
ep0 step 750/818 loss 0.882 kl 0.000 anchor 0.000 0.406s/rec
ep0 step 760/818 loss 0.929 kl 0.000 anchor 0.000 0.406s/rec
ep0 step 770/818 loss 0.984 kl 0.000 anchor 0.000 0.406s/rec
ep0 step 780/818 loss 1.010 kl 0.000 anchor 0.000 0.406s/rec
ep0 step 790/818 loss 0.744 kl 0.000 anchor 0.000 0.406s/rec
ep0 step 800/818 loss 0.717 kl 0.000 anchor 0.000 0.405s/rec
ep0 step 810/818 loss 0.672 kl 0.000 anchor 0.000 0.404s/rec
saved /runs/r6-08b/00-trial-0/checkpoint
