Warning: You are sending unauthenticated requests to the HF Hub. Please set a HF_TOKEN to enable higher rate limits and faster downloads.
delta: warm start from /__modal/volumes/vo-kEMu8BkBAIrorAQI6V8f2D/hub/models--jaredpalmer--kev-4b/snapshots/485ace8703592fcf405488b262449990824cfed1: 496 adapter tensors and the pointer head loaded
device=cuda trainable params=33.8M
replay: 2000 of 12576 suite training records mixed with 4538 from evals/round6/soft-longmix3/train.jsonl
6538 training requests (holdout=[]), questions by type {'choice': 3168, 'score': 2368, 'noul': 2945}
[transformers] `causal_conv1d_fn` is falling back to its reference PyTorch implementation because `causal_conv1d` is not installed. This is correct but much slower; install `causal_conv1d` for the optimized kernel.
ep0 step 10/818 loss 1.524 kl 0.000 anchor 0.000 3.657s/rec
ep0 step 20/818 loss 1.266 kl 0.000 anchor 0.000 2.465s/rec
ep0 step 30/818 loss 1.260 kl 0.000 anchor 0.000 2.057s/rec
ep0 step 40/818 loss 1.052 kl 0.000 anchor 0.000 1.989s/rec
ep0 step 50/818 loss 0.828 kl 0.000 anchor 0.000 1.722s/rec
ep0 step 60/818 loss 0.947 kl 0.000 anchor 0.000 1.573s/rec
ep0 step 70/818 loss 0.665 kl 0.000 anchor 0.000 1.419s/rec
ep0 step 80/818 loss 0.964 kl 0.000 anchor 0.000 1.380s/rec
ep0 step 90/818 loss 0.669 kl 0.000 anchor 0.000 1.314s/rec
ep0 step 100/818 loss 0.820 kl 0.000 anchor 0.000 1.258s/rec
ep0 step 110/818 loss 0.629 kl 0.000 anchor 0.000 1.206s/rec
ep0 step 120/818 loss 0.784 kl 0.000 anchor 0.000 1.168s/rec
ep0 step 130/818 loss 1.004 kl 0.000 anchor 0.000 1.146s/rec
ep0 step 140/818 loss 0.601 kl 0.000 anchor 0.000 1.122s/rec
ep0 step 150/818 loss 0.935 kl 0.000 anchor 0.000 1.106s/rec
ep0 step 160/818 loss 0.726 kl 0.000 anchor 0.000 1.084s/rec
ep0 step 170/818 loss 0.853 kl 0.000 anchor 0.000 1.063s/rec
ep0 step 180/818 loss 0.723 kl 0.000 anchor 0.000 1.048s/rec
ep0 step 190/818 loss 0.947 kl 0.000 anchor 0.000 1.033s/rec
ep0 step 200/818 loss 0.794 kl 0.000 anchor 0.000 1.037s/rec
ep0 step 210/818 loss 0.620 kl 0.000 anchor 0.000 1.018s/rec
ep0 step 220/818 loss 0.637 kl 0.000 anchor 0.000 1.005s/rec
ep0 step 230/818 loss 0.763 kl 0.000 anchor 0.000 0.996s/rec
ep0 step 240/818 loss 0.715 kl 0.000 anchor 0.000 0.982s/rec
ep0 step 250/818 loss 0.691 kl 0.000 anchor 0.000 0.967s/rec
ep0 step 260/818 loss 0.857 kl 0.000 anchor 0.000 0.958s/rec
ep0 step 270/818 loss 0.707 kl 0.000 anchor 0.000 0.953s/rec
ep0 step 280/818 loss 0.470 kl 0.000 anchor 0.000 0.946s/rec
ep0 step 290/818 loss 0.857 kl 0.000 anchor 0.000 0.947s/rec
ep0 step 300/818 loss 0.628 kl 0.000 anchor 0.000 0.942s/rec
ep0 step 310/818 loss 0.537 kl 0.000 anchor 0.000 0.929s/rec
ep0 step 320/818 loss 0.731 kl 0.000 anchor 0.000 0.926s/rec
ep0 step 330/818 loss 0.690 kl 0.000 anchor 0.000 0.919s/rec
ep0 step 340/818 loss 0.677 kl 0.000 anchor 0.000 0.912s/rec
ep0 step 350/818 loss 0.559 kl 0.000 anchor 0.000 0.907s/rec
ep0 step 360/818 loss 0.670 kl 0.000 anchor 0.000 0.899s/rec
ep0 step 370/818 loss 0.671 kl 0.000 anchor 0.000 0.893s/rec
ep0 step 380/818 loss 0.778 kl 0.000 anchor 0.000 0.892s/rec
ep0 step 390/818 loss 0.633 kl 0.000 anchor 0.000 0.892s/rec
ep0 step 400/818 loss 0.692 kl 0.000 anchor 0.000 0.888s/rec
ep0 step 410/818 loss 0.702 kl 0.000 anchor 0.000 0.883s/rec
ep0 step 420/818 loss 0.505 kl 0.000 anchor 0.000 0.878s/rec
ep0 step 430/818 loss 0.487 kl 0.000 anchor 0.000 0.874s/rec
ep0 step 440/818 loss 0.647 kl 0.000 anchor 0.000 0.868s/rec
ep0 step 450/818 loss 0.703 kl 0.000 anchor 0.000 0.863s/rec
ep0 step 460/818 loss 0.602 kl 0.000 anchor 0.000 0.858s/rec
ep0 step 470/818 loss 0.826 kl 0.000 anchor 0.000 0.854s/rec
ep0 step 480/818 loss 0.574 kl 0.000 anchor 0.000 0.853s/rec
ep0 step 490/818 loss 0.708 kl 0.000 anchor 0.000 0.849s/rec
ep0 step 500/818 loss 0.553 kl 0.000 anchor 0.000 0.848s/rec
ep0 step 510/818 loss 0.668 kl 0.000 anchor 0.000 0.848s/rec
ep0 step 520/818 loss 0.589 kl 0.000 anchor 0.000 0.844s/rec
ep0 step 530/818 loss 0.691 kl 0.000 anchor 0.000 0.847s/rec
ep0 step 540/818 loss 0.581 kl 0.000 anchor 0.000 0.847s/rec
ep0 step 550/818 loss 0.616 kl 0.000 anchor 0.000 0.844s/rec
ep0 step 560/818 loss 0.739 kl 0.000 anchor 0.000 0.844s/rec
ep0 step 570/818 loss 0.765 kl 0.000 anchor 0.000 0.842s/rec
ep0 step 580/818 loss 0.573 kl 0.000 anchor 0.000 0.841s/rec
ep0 step 590/818 loss 0.653 kl 0.000 anchor 0.000 0.838s/rec
ep0 step 600/818 loss 0.738 kl 0.000 anchor 0.000 0.838s/rec
ep0 step 610/818 loss 0.688 kl 0.000 anchor 0.000 0.837s/rec
ep0 step 620/818 loss 0.625 kl 0.000 anchor 0.000 0.835s/rec
ep0 step 630/818 loss 0.577 kl 0.000 anchor 0.000 0.833s/rec
ep0 step 640/818 loss 0.650 kl 0.000 anchor 0.000 0.834s/rec
ep0 step 650/818 loss 0.761 kl 0.000 anchor 0.000 0.833s/rec
ep0 step 660/818 loss 0.681 kl 0.000 anchor 0.000 0.833s/rec
ep0 step 670/818 loss 0.644 kl 0.000 anchor 0.000 0.830s/rec
ep0 step 680/818 loss 0.625 kl 0.000 anchor 0.000 0.833s/rec
ep0 step 690/818 loss 0.670 kl 0.000 anchor 0.000 0.830s/rec
ep0 step 700/818 loss 0.538 kl 0.000 anchor 0.000 0.828s/rec
ep0 step 710/818 loss 0.499 kl 0.000 anchor 0.000 0.829s/rec
ep0 step 720/818 loss 0.506 kl 0.000 anchor 0.000 0.828s/rec
ep0 step 730/818 loss 0.754 kl 0.000 anchor 0.000 0.826s/rec
ep0 step 740/818 loss 0.515 kl 0.000 anchor 0.000 0.825s/rec
ep0 step 750/818 loss 0.608 kl 0.000 anchor 0.000 0.823s/rec
ep0 step 760/818 loss 0.624 kl 0.000 anchor 0.000 0.824s/rec
ep0 step 770/818 loss 0.767 kl 0.000 anchor 0.000 0.826s/rec
ep0 step 780/818 loss 0.779 kl 0.000 anchor 0.000 0.831s/rec
ep0 step 790/818 loss 0.669 kl 0.000 anchor 0.000 0.829s/rec
ep0 step 800/818 loss 0.507 kl 0.000 anchor 0.000 0.828s/rec
ep0 step 810/818 loss 0.672 kl 0.000 anchor 0.000 0.828s/rec
saved /runs/r6-4b/03-trial-3/checkpoint
